ARM GAS  C:\Users\Xuleo\AppData\Local\Temp\ccdE3bOb.s 			page 1


   1              		.cpu cortex-m3
   2              		.arch armv7-m
   3              		.fpu softvfp
   4              		.eabi_attribute 20, 1
   5              		.eabi_attribute 21, 1
   6              		.eabi_attribute 23, 3
   7              		.eabi_attribute 24, 1
   8              		.eabi_attribute 25, 1
   9              		.eabi_attribute 26, 1
  10              		.eabi_attribute 30, 1
  11              		.eabi_attribute 34, 1
  12              		.eabi_attribute 18, 4
  13              		.file	"application.c"
  14              		.text
  15              	.Ltext0:
  16              		.cfi_sections	.debug_frame
  17              		.file 1 "./Application/Src/application.c"
  18              		.section	.text.init_keys,"ax",%progbits
  19              		.align	1
  20              		.global	init_keys
  21              		.syntax unified
  22              		.thumb
  23              		.thumb_func
  25              	init_keys:
  26              	.LFB65:
   1:./Application/Src/application.c **** #include <application.h>
   2:./Application/Src/application.c **** 
   3:./Application/Src/application.c **** key_bullet_t Keys[KEY_NUMBER];
   4:./Application/Src/application.c **** bool Keys_pressed[KEY_NUMBER];
   5:./Application/Src/application.c **** VOFA_REPORT vofa;
   6:./Application/Src/application.c **** key_packet_t key_packet;
   7:./Application/Src/application.c **** frame_header_t frame_header;
   8:./Application/Src/application.c **** frame_body_tail_t frame_body_tail;
   9:./Application/Src/application.c **** referee_packet_t referee_packet;
  10:./Application/Src/application.c **** volatile uint32_t ms_counter = 0;
  11:./Application/Src/application.c **** volatile bool is_small_bullet = 0;
  12:./Application/Src/application.c **** volatile int key_need_handle = -1; // no key need to ne handled when it is -1
  13:./Application/Src/application.c **** 
  14:./Application/Src/application.c **** #define PACKET_SEND_DELAY 34
  15:./Application/Src/application.c **** #define KEY_FALL_BLOCK_MS 200U
  16:./Application/Src/application.c **** #define SMALL_BULLET_KEY 'P'
  17:./Application/Src/application.c **** #define BIG_BULLET_KEY 'P'
  18:./Application/Src/application.c **** 
  19:./Application/Src/application.c **** #define BUY_BUTTON_X 0
  20:./Application/Src/application.c **** #define BUY_BUTTON_Y 0
  21:./Application/Src/application.c **** #define CONFIRM_BUTTON_X 0
  22:./Application/Src/application.c **** #define CONFIRM_BUTTON_Y 0
  23:./Application/Src/application.c **** 
  24:./Application/Src/application.c **** static void update_packet_and_send(void);
  25:./Application/Src/application.c **** static volatile bool long_pressed = 0;
  26:./Application/Src/application.c **** 
  27:./Application/Src/application.c **** void init_keys(){
  27              		.loc 1 27 17 view -0
  28              		.cfi_startproc
  29              		@ args = 0, pretend = 0, frame = 0
  30              		@ frame_needed = 0, uses_anonymous_args = 0
  31 0000 10B5     		push	{r4, lr}
ARM GAS  C:\Users\Xuleo\AppData\Local\Temp\ccdE3bOb.s 			page 2


  32              	.LCFI0:
  33              		.cfi_def_cfa_offset 8
  34              		.cfi_offset 4, -8
  35              		.cfi_offset 14, -4
  28:./Application/Src/application.c ****     memset(Keys, 0, sizeof(Keys));
  36              		.loc 1 28 5 view .LVU1
  37 0002 0E4C     		ldr	r4, .L3
  38 0004 3C22     		movs	r2, #60
  39 0006 0021     		movs	r1, #0
  40 0008 2046     		mov	r0, r4
  41 000a FFF7FEFF 		bl	memset
  42              	.LVL0:
  29:./Application/Src/application.c ****     memset(Keys_pressed, 0, sizeof(Keys_pressed));
  43              		.loc 1 29 5 view .LVU2
  44 000e 0C4B     		ldr	r3, .L3+4
  45 0010 0022     		movs	r2, #0
  46 0012 1A80     		strh	r2, [r3]	@ movhi
  47 0014 9A70     		strb	r2, [r3, #2]
  30:./Application/Src/application.c ****     Keys[0].key = 3; // PA3
  48              		.loc 1 30 5 view .LVU3
  49              		.loc 1 30 17 is_stmt 0 view .LVU4
  50 0016 0323     		movs	r3, #3
  51 0018 2360     		str	r3, [r4]
  31:./Application/Src/application.c ****     Keys[1].key = 4; // PA4
  52              		.loc 1 31 5 is_stmt 1 view .LVU5
  53              		.loc 1 31 17 is_stmt 0 view .LVU6
  54 001a 0423     		movs	r3, #4
  55 001c 6361     		str	r3, [r4, #20]
  32:./Application/Src/application.c ****     Keys[2].key = 5; // PA5
  56              		.loc 1 32 5 is_stmt 1 view .LVU7
  57              		.loc 1 32 17 is_stmt 0 view .LVU8
  58 001e 0523     		movs	r3, #5
  59 0020 A362     		str	r3, [r4, #40]
  33:./Application/Src/application.c ****     Keys[0].small_bullet_x_pos = 491;
  60              		.loc 1 33 5 is_stmt 1 view .LVU9
  61              		.loc 1 33 32 is_stmt 0 view .LVU10
  62 0022 40F2EB13 		movw	r3, #491
  63 0026 6360     		str	r3, [r4, #4]
  34:./Application/Src/application.c ****     Keys[0].small_bullet_y_pos = 675;
  64              		.loc 1 34 5 is_stmt 1 view .LVU11
  65              		.loc 1 34 32 is_stmt 0 view .LVU12
  66 0028 40F2A323 		movw	r3, #675
  67 002c A360     		str	r3, [r4, #8]
  35:./Application/Src/application.c ****     Keys[0].big_bullet_x_pos = 2036;
  68              		.loc 1 35 5 is_stmt 1 view .LVU13
  69              		.loc 1 35 30 is_stmt 0 view .LVU14
  70 002e 40F2F473 		movw	r3, #2036
  71 0032 E360     		str	r3, [r4, #12]
  36:./Application/Src/application.c ****     Keys[0].big_bullet_y_pos = 671;
  72              		.loc 1 36 5 is_stmt 1 view .LVU15
  73              		.loc 1 36 30 is_stmt 0 view .LVU16
  74 0034 40F29F23 		movw	r3, #671
  75 0038 2361     		str	r3, [r4, #16]
  37:./Application/Src/application.c ****     Keys[1].small_bullet_x_pos = 0;
  76              		.loc 1 37 5 is_stmt 1 view .LVU17
  38:./Application/Src/application.c ****     Keys[1].small_bullet_y_pos = 0;
  77              		.loc 1 38 5 view .LVU18
ARM GAS  C:\Users\Xuleo\AppData\Local\Temp\ccdE3bOb.s 			page 3


  39:./Application/Src/application.c ****     Keys[1].big_bullet_x_pos = 0;
  78              		.loc 1 39 5 view .LVU19
  40:./Application/Src/application.c ****     Keys[1].big_bullet_y_pos = 0;
  79              		.loc 1 40 5 view .LVU20
  41:./Application/Src/application.c ****     Keys[2].small_bullet_x_pos = 0;
  80              		.loc 1 41 5 view .LVU21
  42:./Application/Src/application.c ****     Keys[2].small_bullet_y_pos = 0;
  81              		.loc 1 42 5 view .LVU22
  43:./Application/Src/application.c ****     Keys[2].big_bullet_x_pos = 0;
  82              		.loc 1 43 5 view .LVU23
  44:./Application/Src/application.c ****     Keys[2].big_bullet_y_pos = 0;
  83              		.loc 1 44 5 view .LVU24
  45:./Application/Src/application.c **** }
  84              		.loc 1 45 1 is_stmt 0 view .LVU25
  85 003a 10BD     		pop	{r4, pc}
  86              	.L4:
  87              		.align	2
  88              	.L3:
  89 003c 00000000 		.word	Keys
  90 0040 00000000 		.word	Keys_pressed
  91              		.cfi_endproc
  92              	.LFE65:
  94              		.section	.text.init_vofa,"ax",%progbits
  95              		.align	1
  96              		.global	init_vofa
  97              		.syntax unified
  98              		.thumb
  99              		.thumb_func
 101              	init_vofa:
 102              	.LFB66:
  46:./Application/Src/application.c **** 
  47:./Application/Src/application.c **** void init_vofa(){
 103              		.loc 1 47 17 is_stmt 1 view -0
 104              		.cfi_startproc
 105              		@ args = 0, pretend = 0, frame = 0
 106              		@ frame_needed = 0, uses_anonymous_args = 0
 107              		@ link register save eliminated.
  48:./Application/Src/application.c ****     vofa.tail[0] = 0x00;
 108              		.loc 1 48 5 view .LVU27
 109              		.loc 1 48 18 is_stmt 0 view .LVU28
 110 0000 044B     		ldr	r3, .L6
 111 0002 0022     		movs	r2, #0
 112 0004 1A75     		strb	r2, [r3, #20]
  49:./Application/Src/application.c ****     vofa.tail[1] = 0x00;
 113              		.loc 1 49 5 is_stmt 1 view .LVU29
 114              		.loc 1 49 18 is_stmt 0 view .LVU30
 115 0006 5A75     		strb	r2, [r3, #21]
  50:./Application/Src/application.c ****     vofa.tail[2] = 0x80;
 116              		.loc 1 50 5 is_stmt 1 view .LVU31
 117              		.loc 1 50 18 is_stmt 0 view .LVU32
 118 0008 8022     		movs	r2, #128
 119 000a 9A75     		strb	r2, [r3, #22]
  51:./Application/Src/application.c ****     vofa.tail[3] = 0x7F;
 120              		.loc 1 51 5 is_stmt 1 view .LVU33
 121              		.loc 1 51 18 is_stmt 0 view .LVU34
 122 000c 7F22     		movs	r2, #127
 123 000e DA75     		strb	r2, [r3, #23]
ARM GAS  C:\Users\Xuleo\AppData\Local\Temp\ccdE3bOb.s 			page 4


  52:./Application/Src/application.c **** }
 124              		.loc 1 52 1 view .LVU35
 125 0010 7047     		bx	lr
 126              	.L7:
 127 0012 00BF     		.align	2
 128              	.L6:
 129 0014 00000000 		.word	vofa
 130              		.cfi_endproc
 131              	.LFE66:
 133              		.section	.text.init_packet,"ax",%progbits
 134              		.align	1
 135              		.global	init_packet
 136              		.syntax unified
 137              		.thumb
 138              		.thumb_func
 140              	init_packet:
 141              	.LFB67:
  53:./Application/Src/application.c **** 
  54:./Application/Src/application.c **** void init_packet(){
 142              		.loc 1 54 19 is_stmt 1 view -0
 143              		.cfi_startproc
 144              		@ args = 0, pretend = 0, frame = 0
 145              		@ frame_needed = 0, uses_anonymous_args = 0
 146 0000 F8B5     		push	{r3, r4, r5, r6, r7, lr}
 147              	.LCFI1:
 148              		.cfi_def_cfa_offset 24
 149              		.cfi_offset 3, -24
 150              		.cfi_offset 4, -20
 151              		.cfi_offset 5, -16
 152              		.cfi_offset 6, -12
 153              		.cfi_offset 7, -8
 154              		.cfi_offset 14, -4
  55:./Application/Src/application.c ****     // for custom keyboard the command id will be 0x0306 with fixed 8 byte data, the size of packet
  56:./Application/Src/application.c ****     // we can fill the packet header in starting stage:
  57:./Application/Src/application.c ****     memset(&key_packet, 0, sizeof(key_packet));
 155              		.loc 1 57 5 view .LVU37
 156 0002 1D4F     		ldr	r7, .L10
 157 0004 0023     		movs	r3, #0
 158 0006 3B60     		str	r3, [r7]
 159 0008 7B60     		str	r3, [r7, #4]
  58:./Application/Src/application.c ****     memset(&frame_header, 0, sizeof(frame_header));
 160              		.loc 1 58 5 view .LVU38
 161 000a 1C4E     		ldr	r6, .L10+4
 162 000c 3360     		str	r3, [r6]
 163 000e 3371     		strb	r3, [r6, #4]
  59:./Application/Src/application.c ****     memset(&frame_body_tail, 0, sizeof(frame_body_tail));
 164              		.loc 1 59 5 view .LVU39
 165 0010 1B4D     		ldr	r5, .L10+8
 166 0012 2B60     		str	r3, [r5]
 167 0014 6B60     		str	r3, [r5, #4]
 168 0016 AB60     		str	r3, [r5, #8]
  60:./Application/Src/application.c ****     memset(&referee_packet, 0, sizeof(referee_packet));
 169              		.loc 1 60 5 view .LVU40
 170 0018 1A4C     		ldr	r4, .L10+12
 171 001a 2360     		str	r3, [r4]
 172 001c 6360     		str	r3, [r4, #4]
 173 001e A360     		str	r3, [r4, #8]
ARM GAS  C:\Users\Xuleo\AppData\Local\Temp\ccdE3bOb.s 			page 5


 174 0020 E360     		str	r3, [r4, #12]
 175 0022 2374     		strb	r3, [r4, #16]
  61:./Application/Src/application.c **** 
  62:./Application/Src/application.c ****     frame_header.SOF = 0xA5; // fixed
 176              		.loc 1 62 5 view .LVU41
 177              		.loc 1 62 22 is_stmt 0 view .LVU42
 178 0024 A522     		movs	r2, #165
 179 0026 3270     		strb	r2, [r6]
  63:./Application/Src/application.c ****     frame_header.data_length = sizeof(key_packet_t); // 8 bytes
 180              		.loc 1 63 5 is_stmt 1 view .LVU43
 181              		.loc 1 63 30 is_stmt 0 view .LVU44
 182 0028 0822     		movs	r2, #8
 183 002a 7270     		strb	r2, [r6, #1]
 184 002c B370     		strb	r3, [r6, #2]
  64:./Application/Src/application.c ****     frame_header.seq = 0; // packet sequence starts from any value, then increments per packet
 185              		.loc 1 64 5 is_stmt 1 view .LVU45
  65:./Application/Src/application.c ****     frame_header.crc8 = Get_CRC8_Check_Sum((uint8_t *)&frame_header,
 186              		.loc 1 65 5 view .LVU46
 187              		.loc 1 65 25 is_stmt 0 view .LVU47
 188 002e FF22     		movs	r2, #255
 189 0030 0421     		movs	r1, #4
 190 0032 3046     		mov	r0, r6
 191 0034 FFF7FEFF 		bl	Get_CRC8_Check_Sum
 192              	.LVL1:
 193              		.loc 1 65 23 discriminator 1 view .LVU48
 194 0038 3071     		strb	r0, [r6, #4]
  66:./Application/Src/application.c ****                                            sizeof(frame_header) - sizeof(frame_header.crc8),
  67:./Application/Src/application.c ****                                            CRC8_INIT);
  68:./Application/Src/application.c **** 
  69:./Application/Src/application.c ****     frame_body_tail.cmd_id = 0x0306;
 195              		.loc 1 69 5 is_stmt 1 view .LVU49
 196              		.loc 1 69 28 is_stmt 0 view .LVU50
 197 003a 2A46     		mov	r2, r5
 198 003c 40F20633 		movw	r3, #774
 199 0040 22F8023B 		strh	r3, [r2], #2	@ movhi
  70:./Application/Src/application.c ****     memcpy(frame_body_tail.data, &key_packet, sizeof(key_packet));
 200              		.loc 1 70 5 is_stmt 1 view .LVU51
 201 0044 3B46     		mov	r3, r7
 202 0046 03CB     		ldmia	r3!, {r0, r1}
 203 0048 C5F80200 		str	r0, [r5, #2]	@ unaligned
 204 004c 5160     		str	r1, [r2, #4]	@ unaligned
  71:./Application/Src/application.c **** 
  72:./Application/Src/application.c ****     referee_packet.fht = frame_header;
 205              		.loc 1 72 5 view .LVU52
 206              		.loc 1 72 24 is_stmt 0 view .LVU53
 207 004e 96E80300 		ldm	r6, {r0, r1}
 208 0052 2060     		str	r0, [r4]
 209 0054 2171     		strb	r1, [r4, #4]
  73:./Application/Src/application.c ****     referee_packet.fbt = frame_body_tail;
 210              		.loc 1 73 5 is_stmt 1 view .LVU54
 211              		.loc 1 73 24 is_stmt 0 view .LVU55
 212 0056 07CD     		ldmia	r5!, {r0, r1, r2}
 213 0058 C4F80500 		str	r0, [r4, #5]	@ unaligned
 214 005c C4F80910 		str	r1, [r4, #9]	@ unaligned
 215 0060 C4F80D20 		str	r2, [r4, #13]	@ unaligned
  74:./Application/Src/application.c ****     referee_packet.fbt.frame_tail = Get_CRC16_Check_Sum((uint8_t *)&referee_packet,
 216              		.loc 1 74 5 is_stmt 1 view .LVU56
ARM GAS  C:\Users\Xuleo\AppData\Local\Temp\ccdE3bOb.s 			page 6


 217              		.loc 1 74 37 is_stmt 0 view .LVU57
 218 0064 4FF6FF72 		movw	r2, #65535
 219 0068 0F21     		movs	r1, #15
 220 006a 2046     		mov	r0, r4
 221 006c FFF7FEFF 		bl	Get_CRC16_Check_Sum
 222              	.LVL2:
 223              		.loc 1 74 35 discriminator 1 view .LVU58
 224 0070 A4F80F00 		strh	r0, [r4, #15]	@ unaligned
  75:./Application/Src/application.c ****                                                         sizeof(referee_packet) - sizeof(referee_pac
  76:./Application/Src/application.c ****                                                         CRC16_INIT);
  77:./Application/Src/application.c **** }
 225              		.loc 1 77 1 view .LVU59
 226 0074 F8BD     		pop	{r3, r4, r5, r6, r7, pc}
 227              	.L11:
 228 0076 00BF     		.align	2
 229              	.L10:
 230 0078 00000000 		.word	key_packet
 231 007c 00000000 		.word	frame_header
 232 0080 00000000 		.word	frame_body_tail
 233 0084 00000000 		.word	referee_packet
 234              		.cfi_endproc
 235              	.LFE67:
 237              		.section	.text.loop_report,"ax",%progbits
 238              		.align	1
 239              		.global	loop_report
 240              		.syntax unified
 241              		.thumb
 242              		.thumb_func
 244              	loop_report:
 245              	.LFB68:
  78:./Application/Src/application.c **** 
  79:./Application/Src/application.c **** // this function used for debug!
  80:./Application/Src/application.c **** void loop_report(){
 246              		.loc 1 80 19 is_stmt 1 view -0
 247              		.cfi_startproc
 248              		@ args = 0, pretend = 0, frame = 0
 249              		@ frame_needed = 0, uses_anonymous_args = 0
 250 0000 10B5     		push	{r4, lr}
 251              	.LCFI2:
 252              		.cfi_def_cfa_offset 8
 253              		.cfi_offset 4, -8
 254              		.cfi_offset 14, -4
  81:./Application/Src/application.c ****     vofa.val[0] = (float)Keys[0].key;
 255              		.loc 1 81 5 view .LVU61
 256              		.loc 1 81 19 is_stmt 0 view .LVU62
 257 0002 0F4B     		ldr	r3, .L14
 258 0004 1868     		ldr	r0, [r3]
 259 0006 FFF7FEFF 		bl	__aeabi_i2f
 260              	.LVL3:
 261              		.loc 1 81 17 view .LVU63
 262 000a 0E4C     		ldr	r4, .L14+4
 263 000c 2060     		str	r0, [r4]	@ float
  82:./Application/Src/application.c ****     vofa.val[1] = (float)key_need_handle;
 264              		.loc 1 82 5 is_stmt 1 view .LVU64
 265              		.loc 1 82 19 is_stmt 0 view .LVU65
 266 000e 0E4B     		ldr	r3, .L14+8
 267 0010 1868     		ldr	r0, [r3]
ARM GAS  C:\Users\Xuleo\AppData\Local\Temp\ccdE3bOb.s 			page 7


 268 0012 FFF7FEFF 		bl	__aeabi_i2f
 269              	.LVL4:
 270              		.loc 1 82 17 view .LVU66
 271 0016 6060     		str	r0, [r4, #4]	@ float
  83:./Application/Src/application.c ****     vofa.val[2] = (float)is_small_bullet;
 272              		.loc 1 83 5 is_stmt 1 view .LVU67
 273              		.loc 1 83 19 is_stmt 0 view .LVU68
 274 0018 0C4B     		ldr	r3, .L14+12
 275 001a 1878     		ldrb	r0, [r3]	@ zero_extendqisi2
 276 001c FFF7FEFF 		bl	__aeabi_ui2f
 277              	.LVL5:
 278              		.loc 1 83 17 view .LVU69
 279 0020 A060     		str	r0, [r4, #8]	@ float
  84:./Application/Src/application.c ****     vofa.val[3] = (float)Keys_pressed[0];
 280              		.loc 1 84 5 is_stmt 1 view .LVU70
 281              		.loc 1 84 19 is_stmt 0 view .LVU71
 282 0022 0B4B     		ldr	r3, .L14+16
 283 0024 1878     		ldrb	r0, [r3]	@ zero_extendqisi2
 284 0026 FFF7FEFF 		bl	__aeabi_ui2f
 285              	.LVL6:
 286              		.loc 1 84 17 view .LVU72
 287 002a E060     		str	r0, [r4, #12]	@ float
  85:./Application/Src/application.c ****     HAL_UART_Transmit_DMA(&huart1, (void*)&vofa, sizeof(vofa));
 288              		.loc 1 85 5 is_stmt 1 view .LVU73
 289 002c 1822     		movs	r2, #24
 290 002e 2146     		mov	r1, r4
 291 0030 0848     		ldr	r0, .L14+20
 292 0032 FFF7FEFF 		bl	HAL_UART_Transmit_DMA
 293              	.LVL7:
  86:./Application/Src/application.c ****     ms_counter++;
 294              		.loc 1 86 5 view .LVU74
 295              		.loc 1 86 15 is_stmt 0 view .LVU75
 296 0036 084A     		ldr	r2, .L14+24
 297 0038 1368     		ldr	r3, [r2]
 298 003a 0133     		adds	r3, r3, #1
 299 003c 1360     		str	r3, [r2]
  87:./Application/Src/application.c **** }
 300              		.loc 1 87 1 view .LVU76
 301 003e 10BD     		pop	{r4, pc}
 302              	.L15:
 303              		.align	2
 304              	.L14:
 305 0040 00000000 		.word	Keys
 306 0044 00000000 		.word	vofa
 307 0048 00000000 		.word	key_need_handle
 308 004c 00000000 		.word	is_small_bullet
 309 0050 00000000 		.word	Keys_pressed
 310 0054 00000000 		.word	huart1
 311 0058 00000000 		.word	ms_counter
 312              		.cfi_endproc
 313              	.LFE68:
 315              		.section	.text.wait_ms,"ax",%progbits
 316              		.align	1
 317              		.global	wait_ms
 318              		.syntax unified
 319              		.thumb
 320              		.thumb_func
ARM GAS  C:\Users\Xuleo\AppData\Local\Temp\ccdE3bOb.s 			page 8


 322              	wait_ms:
 323              	.LVL8:
 324              	.LFB69:
  88:./Application/Src/application.c **** 
  89:./Application/Src/application.c **** void wait_ms(int time_ms){
 325              		.loc 1 89 26 is_stmt 1 view -0
 326              		.cfi_startproc
 327              		@ args = 0, pretend = 0, frame = 0
 328              		@ frame_needed = 0, uses_anonymous_args = 0
 329              		.loc 1 89 26 is_stmt 0 view .LVU78
 330 0000 38B5     		push	{r3, r4, r5, lr}
 331              	.LCFI3:
 332              		.cfi_def_cfa_offset 16
 333              		.cfi_offset 3, -16
 334              		.cfi_offset 4, -12
 335              		.cfi_offset 5, -8
 336              		.cfi_offset 14, -4
 337 0002 0546     		mov	r5, r0
  90:./Application/Src/application.c ****     uint32_t start_tick = HAL_GetTick();
 338              		.loc 1 90 5 is_stmt 1 view .LVU79
 339              		.loc 1 90 27 is_stmt 0 view .LVU80
 340 0004 FFF7FEFF 		bl	HAL_GetTick
 341              	.LVL9:
 342              		.loc 1 90 27 view .LVU81
 343 0008 0446     		mov	r4, r0
 344              	.LVL10:
  91:./Application/Src/application.c **** 
  92:./Application/Src/application.c ****     while ((uint32_t)(HAL_GetTick() - start_tick) < (uint32_t)time_ms);
 345              		.loc 1 92 5 is_stmt 1 view .LVU82
 346              	.L17:
 347              		.loc 1 92 51 discriminator 2 view .LVU83
 348              		.loc 1 92 23 is_stmt 0 discriminator 2 view .LVU84
 349 000a FFF7FEFF 		bl	HAL_GetTick
 350              	.LVL11:
 351              		.loc 1 92 37 discriminator 2 view .LVU85
 352 000e 001B     		subs	r0, r0, r4
 353              		.loc 1 92 51 discriminator 2 view .LVU86
 354 0010 A842     		cmp	r0, r5
 355 0012 FAD3     		bcc	.L17
  93:./Application/Src/application.c **** }
 356              		.loc 1 93 1 view .LVU87
 357 0014 38BD     		pop	{r3, r4, r5, pc}
 358              		.loc 1 93 1 view .LVU88
 359              		.cfi_endproc
 360              	.LFE69:
 362              		.section	.text.update_packet_and_send,"ax",%progbits
 363              		.align	1
 364              		.syntax unified
 365              		.thumb
 366              		.thumb_func
 368              	update_packet_and_send:
 369              	.LFB75:
  94:./Application/Src/application.c **** 
  95:./Application/Src/application.c **** // scan for keys that is triggered:
  96:./Application/Src/application.c **** void loop_scan_keys(){
  97:./Application/Src/application.c ****     static uint32_t key_fall_block_until = 0;
  98:./Application/Src/application.c ****     uint32_t now = HAL_GetTick();
ARM GAS  C:\Users\Xuleo\AppData\Local\Temp\ccdE3bOb.s 			page 9


  99:./Application/Src/application.c **** 
 100:./Application/Src/application.c ****     // also check for small bullet
 101:./Application/Src/application.c ****     is_small_bullet = (bool)HAL_GPIO_ReadPin(GPIOA, GPIO_PIN_6);
 102:./Application/Src/application.c **** 
 103:./Application/Src/application.c ****     if ((int32_t)(now - key_fall_block_until) < 0){
 104:./Application/Src/application.c ****         memset(Keys_pressed, 0, sizeof(Keys_pressed)); // block all negedge if last negedge was det
 105:./Application/Src/application.c ****         return;
 106:./Application/Src/application.c ****     }
 107:./Application/Src/application.c **** 
 108:./Application/Src/application.c ****     // read for pin PA3(0) PA4(1) PA5(2):
 109:./Application/Src/application.c ****     for (int index = 0; index < KEY_NUMBER; index++){
 110:./Application/Src/application.c ****         bool is_pressed = !HAL_GPIO_ReadPin(GPIOA, (uint16_t)(1U << (index + 3)));
 111:./Application/Src/application.c **** 
 112:./Application/Src/application.c ****         if (is_pressed && !Keys_pressed[index]){
 113:./Application/Src/application.c ****             wait_ms(DEBOUNCE_DELAY);
 114:./Application/Src/application.c ****             // after delay, if still pressed -> true else false
 115:./Application/Src/application.c ****             is_pressed = !HAL_GPIO_ReadPin(GPIOA, (uint16_t)(1U << (index + 3)));
 116:./Application/Src/application.c ****             if (is_pressed && !long_pressed){
 117:./Application/Src/application.c ****                 key_fall_block_until = HAL_GetTick() + KEY_FALL_BLOCK_MS;
 118:./Application/Src/application.c ****                 key_need_handle = index;
 119:./Application/Src/application.c ****                 long_pressed = 1;
 120:./Application/Src/application.c ****                 memset(Keys_pressed, 0, sizeof(Keys_pressed));
 121:./Application/Src/application.c ****                 return;
 122:./Application/Src/application.c ****             }
 123:./Application/Src/application.c ****         } else {
 124:./Application/Src/application.c ****             long_pressed = 0;
 125:./Application/Src/application.c ****         }
 126:./Application/Src/application.c **** 
 127:./Application/Src/application.c ****         if (is_pressed){
 128:./Application/Src/application.c ****             Keys_pressed[index] = true;
 129:./Application/Src/application.c ****         } else {
 130:./Application/Src/application.c ****             Keys_pressed[index] = false;
 131:./Application/Src/application.c ****         }
 132:./Application/Src/application.c ****     }
 133:./Application/Src/application.c **** }
 134:./Application/Src/application.c **** 
 135:./Application/Src/application.c **** void call_buy_UI(){
 136:./Application/Src/application.c ****     if (is_small_bullet){
 137:./Application/Src/application.c ****         key_packet.key_value = SMALL_BULLET_KEY;
 138:./Application/Src/application.c ****     } else { // big bullet 
 139:./Application/Src/application.c ****         key_packet.key_value = BIG_BULLET_KEY;
 140:./Application/Src/application.c ****     }
 141:./Application/Src/application.c **** 
 142:./Application/Src/application.c ****     key_packet.x_position = 0;
 143:./Application/Src/application.c ****     key_packet.y_position = 0;
 144:./Application/Src/application.c ****     key_packet.mouse_left = 0;
 145:./Application/Src/application.c ****     key_packet.mouse_right = 0;
 146:./Application/Src/application.c ****     key_packet.reserved = 0;
 147:./Application/Src/application.c ****     update_packet_and_send();
 148:./Application/Src/application.c **** 
 149:./Application/Src/application.c ****     // release O/I after opening the buy UI.
 150:./Application/Src/application.c ****     key_packet.key_value = 0;
 151:./Application/Src/application.c ****     update_packet_and_send();
 152:./Application/Src/application.c **** }
 153:./Application/Src/application.c **** 
 154:./Application/Src/application.c **** void mouse_control(uint16_t x, uint16_t y, bool click){
 155:./Application/Src/application.c ****     // packet update for mouse
ARM GAS  C:\Users\Xuleo\AppData\Local\Temp\ccdE3bOb.s 			page 10


 156:./Application/Src/application.c ****     key_packet.key_value = 0;
 157:./Application/Src/application.c ****     key_packet.x_position = x;
 158:./Application/Src/application.c ****     key_packet.y_position = y;
 159:./Application/Src/application.c ****     key_packet.mouse_left = click ? 1 : 0;
 160:./Application/Src/application.c ****     key_packet.mouse_right = 0;
 161:./Application/Src/application.c ****     key_packet.reserved = 0;
 162:./Application/Src/application.c ****     update_packet_and_send();
 163:./Application/Src/application.c ****     // after send add delay
 164:./Application/Src/application.c ****     wait_ms(PACKET_SEND_DELAY);
 165:./Application/Src/application.c **** }
 166:./Application/Src/application.c **** 
 167:./Application/Src/application.c **** void move_click_mouse(int key){
 168:./Application/Src/application.c ****     uint16_t x = 0;
 169:./Application/Src/application.c ****     uint16_t y = 0;
 170:./Application/Src/application.c **** 
 171:./Application/Src/application.c ****     switch (key)
 172:./Application/Src/application.c ****     {
 173:./Application/Src/application.c ****         case 0:
 174:./Application/Src/application.c ****             if (is_small_bullet){
 175:./Application/Src/application.c ****                 x = Keys[0].small_bullet_x_pos;
 176:./Application/Src/application.c ****                 y = Keys[0].small_bullet_y_pos;
 177:./Application/Src/application.c ****             } else {
 178:./Application/Src/application.c ****                 x = Keys[0].big_bullet_x_pos;
 179:./Application/Src/application.c ****                 y = Keys[0].big_bullet_y_pos;
 180:./Application/Src/application.c ****             }
 181:./Application/Src/application.c ****             break;
 182:./Application/Src/application.c ****         
 183:./Application/Src/application.c ****         case 1:
 184:./Application/Src/application.c ****             if (is_small_bullet){
 185:./Application/Src/application.c ****                 x = Keys[1].small_bullet_x_pos;
 186:./Application/Src/application.c ****                 y = Keys[1].small_bullet_y_pos;
 187:./Application/Src/application.c ****             } else {
 188:./Application/Src/application.c ****                 x = Keys[1].big_bullet_x_pos;
 189:./Application/Src/application.c ****                 y = Keys[1].big_bullet_y_pos;
 190:./Application/Src/application.c ****             }
 191:./Application/Src/application.c ****             break;
 192:./Application/Src/application.c **** 
 193:./Application/Src/application.c ****         case 2:
 194:./Application/Src/application.c ****             if (is_small_bullet){
 195:./Application/Src/application.c ****                 x = Keys[2].small_bullet_x_pos;
 196:./Application/Src/application.c ****                 y = Keys[2].small_bullet_y_pos;
 197:./Application/Src/application.c ****             } else {
 198:./Application/Src/application.c ****                 x = Keys[2].big_bullet_x_pos;
 199:./Application/Src/application.c ****                 y = Keys[2].big_bullet_y_pos;
 200:./Application/Src/application.c ****             }
 201:./Application/Src/application.c ****             break;
 202:./Application/Src/application.c ****         
 203:./Application/Src/application.c ****         default:
 204:./Application/Src/application.c ****             break;
 205:./Application/Src/application.c ****     }
 206:./Application/Src/application.c **** 
 207:./Application/Src/application.c ****     if (x == 0 && y == 0){
 208:./Application/Src/application.c ****         // Position not filled yet. Do not click the top-left corner by accident.
 209:./Application/Src/application.c ****         return;
 210:./Application/Src/application.c ****     }
 211:./Application/Src/application.c **** 
 212:./Application/Src/application.c ****     mouse_control(x, y, false);
ARM GAS  C:\Users\Xuleo\AppData\Local\Temp\ccdE3bOb.s 			page 11


 213:./Application/Src/application.c ****     mouse_control(x, y, true);
 214:./Application/Src/application.c ****     mouse_control(x, y, false);
 215:./Application/Src/application.c **** }
 216:./Application/Src/application.c **** 
 217:./Application/Src/application.c **** void click_buy_bullets(){
 218:./Application/Src/application.c **** 
 219:./Application/Src/application.c ****     mouse_control(BUY_BUTTON_X, BUY_BUTTON_Y, false);
 220:./Application/Src/application.c ****     mouse_control(BUY_BUTTON_X, BUY_BUTTON_Y, true);
 221:./Application/Src/application.c ****     mouse_control(BUY_BUTTON_X, BUY_BUTTON_Y, false);
 222:./Application/Src/application.c **** 
 223:./Application/Src/application.c ****     mouse_control(CONFIRM_BUTTON_X, CONFIRM_BUTTON_Y, false);
 224:./Application/Src/application.c ****     mouse_control(CONFIRM_BUTTON_X, CONFIRM_BUTTON_Y, true);
 225:./Application/Src/application.c ****     mouse_control(CONFIRM_BUTTON_X, CONFIRM_BUTTON_Y, false);
 226:./Application/Src/application.c **** }
 227:./Application/Src/application.c **** 
 228:./Application/Src/application.c **** static void update_packet_and_send(void){
 370              		.loc 1 228 41 is_stmt 1 view -0
 371              		.cfi_startproc
 372              		@ args = 0, pretend = 0, frame = 0
 373              		@ frame_needed = 0, uses_anonymous_args = 0
 374 0000 70B5     		push	{r4, r5, r6, lr}
 375              	.LCFI4:
 376              		.cfi_def_cfa_offset 16
 377              		.cfi_offset 4, -16
 378              		.cfi_offset 5, -12
 379              		.cfi_offset 6, -8
 380              		.cfi_offset 14, -4
 229:./Application/Src/application.c ****     memcpy(frame_body_tail.data, &key_packet, sizeof(key_packet));
 381              		.loc 1 229 5 view .LVU90
 382 0002 184C     		ldr	r4, .L23
 383 0004 184B     		ldr	r3, .L23+4
 384 0006 03CB     		ldmia	r3!, {r0, r1}
 385 0008 C4F80200 		str	r0, [r4, #2]	@ unaligned
 386 000c C4F80610 		str	r1, [r4, #6]	@ unaligned
 230:./Application/Src/application.c **** 
 231:./Application/Src/application.c ****     frame_header.crc8 = Get_CRC8_Check_Sum((uint8_t *)&frame_header,
 387              		.loc 1 231 5 view .LVU91
 388              		.loc 1 231 25 is_stmt 0 view .LVU92
 389 0010 164E     		ldr	r6, .L23+8
 390 0012 FF22     		movs	r2, #255
 391 0014 0421     		movs	r1, #4
 392 0016 3046     		mov	r0, r6
 393 0018 FFF7FEFF 		bl	Get_CRC8_Check_Sum
 394              	.LVL12:
 395              		.loc 1 231 23 discriminator 1 view .LVU93
 396 001c 3071     		strb	r0, [r6, #4]
 232:./Application/Src/application.c ****                                            sizeof(frame_header) - sizeof(frame_header.crc8),
 233:./Application/Src/application.c ****                                            CRC8_INIT);
 234:./Application/Src/application.c **** 
 235:./Application/Src/application.c ****     referee_packet.fht = frame_header;
 397              		.loc 1 235 5 is_stmt 1 view .LVU94
 398              		.loc 1 235 24 is_stmt 0 view .LVU95
 399 001e 144D     		ldr	r5, .L23+12
 400 0020 96E80300 		ldm	r6, {r0, r1}
 401 0024 2860     		str	r0, [r5]
 402 0026 2971     		strb	r1, [r5, #4]
 236:./Application/Src/application.c ****     referee_packet.fbt = frame_body_tail;
ARM GAS  C:\Users\Xuleo\AppData\Local\Temp\ccdE3bOb.s 			page 12


 403              		.loc 1 236 5 is_stmt 1 view .LVU96
 404              		.loc 1 236 24 is_stmt 0 view .LVU97
 405 0028 2346     		mov	r3, r4
 406 002a 07CB     		ldmia	r3!, {r0, r1, r2}
 407 002c C5F80500 		str	r0, [r5, #5]	@ unaligned
 408 0030 C5F80910 		str	r1, [r5, #9]	@ unaligned
 409 0034 C5F80D20 		str	r2, [r5, #13]	@ unaligned
 237:./Application/Src/application.c ****     referee_packet.fbt.frame_tail = Get_CRC16_Check_Sum((uint8_t *)&referee_packet,
 410              		.loc 1 237 5 is_stmt 1 view .LVU98
 411              		.loc 1 237 37 is_stmt 0 view .LVU99
 412 0038 4FF6FF72 		movw	r2, #65535
 413 003c 0F21     		movs	r1, #15
 414 003e 2846     		mov	r0, r5
 415 0040 FFF7FEFF 		bl	Get_CRC16_Check_Sum
 416              	.LVL13:
 417              		.loc 1 237 35 discriminator 1 view .LVU100
 418 0044 A5F80F00 		strh	r0, [r5, #15]	@ unaligned
 238:./Application/Src/application.c ****                                                         sizeof(referee_packet) - sizeof(referee_pac
 239:./Application/Src/application.c ****                                                         CRC16_INIT);
 240:./Application/Src/application.c **** 
 241:./Application/Src/application.c ****     if (HAL_UART_Transmit_DMA(&huart3, (uint8_t *)&referee_packet, sizeof(referee_packet)) == HAL_O
 419              		.loc 1 241 5 is_stmt 1 view .LVU101
 420              		.loc 1 241 9 is_stmt 0 view .LVU102
 421 0048 1122     		movs	r2, #17
 422 004a 2946     		mov	r1, r5
 423 004c 0948     		ldr	r0, .L23+16
 424 004e FFF7FEFF 		bl	HAL_UART_Transmit_DMA
 425              	.LVL14:
 426              		.loc 1 241 8 discriminator 1 view .LVU103
 427 0052 00B1     		cbz	r0, .L22
 428              	.L19:
 242:./Application/Src/application.c ****         wait_ms(PACKET_SEND_DELAY);
 243:./Application/Src/application.c ****         frame_header.seq++;
 244:./Application/Src/application.c ****     }
 245:./Application/Src/application.c **** }
 429              		.loc 1 245 1 view .LVU104
 430 0054 70BD     		pop	{r4, r5, r6, pc}
 431              	.L22:
 242:./Application/Src/application.c ****         wait_ms(PACKET_SEND_DELAY);
 432              		.loc 1 242 9 is_stmt 1 view .LVU105
 433 0056 2220     		movs	r0, #34
 434 0058 FFF7FEFF 		bl	wait_ms
 435              	.LVL15:
 243:./Application/Src/application.c ****     }
 436              		.loc 1 243 9 view .LVU106
 243:./Application/Src/application.c ****     }
 437              		.loc 1 243 21 is_stmt 0 view .LVU107
 438 005c F378     		ldrb	r3, [r6, #3]	@ zero_extendqisi2
 243:./Application/Src/application.c ****     }
 439              		.loc 1 243 25 view .LVU108
 440 005e 0133     		adds	r3, r3, #1
 441 0060 F370     		strb	r3, [r6, #3]
 442              		.loc 1 245 1 view .LVU109
 443 0062 F7E7     		b	.L19
 444              	.L24:
 445              		.align	2
 446              	.L23:
ARM GAS  C:\Users\Xuleo\AppData\Local\Temp\ccdE3bOb.s 			page 13


 447 0064 00000000 		.word	frame_body_tail
 448 0068 00000000 		.word	key_packet
 449 006c 00000000 		.word	frame_header
 450 0070 00000000 		.word	referee_packet
 451 0074 00000000 		.word	huart3
 452              		.cfi_endproc
 453              	.LFE75:
 455              		.section	.text.loop_scan_keys,"ax",%progbits
 456              		.align	1
 457              		.global	loop_scan_keys
 458              		.syntax unified
 459              		.thumb
 460              		.thumb_func
 462              	loop_scan_keys:
 463              	.LFB70:
  96:./Application/Src/application.c ****     static uint32_t key_fall_block_until = 0;
 464              		.loc 1 96 22 is_stmt 1 view -0
 465              		.cfi_startproc
 466              		@ args = 0, pretend = 0, frame = 0
 467              		@ frame_needed = 0, uses_anonymous_args = 0
 468 0000 38B5     		push	{r3, r4, r5, lr}
 469              	.LCFI5:
 470              		.cfi_def_cfa_offset 16
 471              		.cfi_offset 3, -16
 472              		.cfi_offset 4, -12
 473              		.cfi_offset 5, -8
 474              		.cfi_offset 14, -4
  97:./Application/Src/application.c ****     uint32_t now = HAL_GetTick();
 475              		.loc 1 97 5 view .LVU111
  98:./Application/Src/application.c **** 
 476              		.loc 1 98 5 view .LVU112
  98:./Application/Src/application.c **** 
 477              		.loc 1 98 20 is_stmt 0 view .LVU113
 478 0002 FFF7FEFF 		bl	HAL_GetTick
 479              	.LVL16:
 480 0006 0446     		mov	r4, r0
 481              	.LVL17:
 101:./Application/Src/application.c **** 
 482              		.loc 1 101 5 is_stmt 1 view .LVU114
 101:./Application/Src/application.c **** 
 483              		.loc 1 101 29 is_stmt 0 view .LVU115
 484 0008 4021     		movs	r1, #64
 485 000a 2948     		ldr	r0, .L36
 486              	.LVL18:
 101:./Application/Src/application.c **** 
 487              		.loc 1 101 29 view .LVU116
 488 000c FFF7FEFF 		bl	HAL_GPIO_ReadPin
 489              	.LVL19:
 101:./Application/Src/application.c **** 
 490              		.loc 1 101 23 discriminator 1 view .LVU117
 491 0010 0038     		subs	r0, r0, #0
 492 0012 18BF     		it	ne
 493 0014 0120     		movne	r0, #1
 101:./Application/Src/application.c **** 
 494              		.loc 1 101 21 discriminator 1 view .LVU118
 495 0016 274B     		ldr	r3, .L36+4
 496 0018 1870     		strb	r0, [r3]
ARM GAS  C:\Users\Xuleo\AppData\Local\Temp\ccdE3bOb.s 			page 14


 103:./Application/Src/application.c ****         memset(Keys_pressed, 0, sizeof(Keys_pressed)); // block all negedge if last negedge was det
 497              		.loc 1 103 5 is_stmt 1 view .LVU119
 103:./Application/Src/application.c ****         memset(Keys_pressed, 0, sizeof(Keys_pressed)); // block all negedge if last negedge was det
 498              		.loc 1 103 23 is_stmt 0 view .LVU120
 499 001a 274B     		ldr	r3, .L36+8
 500 001c 1B68     		ldr	r3, [r3]
 501 001e E41A     		subs	r4, r4, r3
 502              	.LVL20:
 103:./Application/Src/application.c ****         memset(Keys_pressed, 0, sizeof(Keys_pressed)); // block all negedge if last negedge was det
 503              		.loc 1 103 8 view .LVU121
 504 0020 002C     		cmp	r4, #0
 505 0022 01DB     		blt	.L35
 506              	.LBB2:
 109:./Application/Src/application.c ****         bool is_pressed = !HAL_GPIO_ReadPin(GPIOA, (uint16_t)(1U << (index + 3)));
 507              		.loc 1 109 14 view .LVU122
 508 0024 0025     		movs	r5, #0
 509 0026 0DE0     		b	.L26
 510              	.L35:
 511              	.LBE2:
 104:./Application/Src/application.c ****         return;
 512              		.loc 1 104 9 is_stmt 1 view .LVU123
 513 0028 244B     		ldr	r3, .L36+12
 514 002a 0022     		movs	r2, #0
 515 002c 1A80     		strh	r2, [r3]	@ movhi
 516 002e 9A70     		strb	r2, [r3, #2]
 105:./Application/Src/application.c ****     }
 517              		.loc 1 105 9 view .LVU124
 518              	.L25:
 133:./Application/Src/application.c **** 
 519              		.loc 1 133 1 is_stmt 0 view .LVU125
 520 0030 38BD     		pop	{r3, r4, r5, pc}
 521              	.LVL21:
 522              	.L28:
 523              	.LBB5:
 524              	.LBB3:
 124:./Application/Src/application.c ****         }
 525              		.loc 1 124 13 is_stmt 1 view .LVU126
 124:./Application/Src/application.c ****         }
 526              		.loc 1 124 26 is_stmt 0 view .LVU127
 527 0032 234A     		ldr	r2, .L36+16
 528 0034 0021     		movs	r1, #0
 529 0036 1170     		strb	r1, [r2]
 530              	.L29:
 127:./Application/Src/application.c ****             Keys_pressed[index] = true;
 531              		.loc 1 127 9 is_stmt 1 view .LVU128
 127:./Application/Src/application.c ****             Keys_pressed[index] = true;
 532              		.loc 1 127 12 is_stmt 0 view .LVU129
 533 0038 002B     		cmp	r3, #0
 534 003a 35D0     		beq	.L30
 128:./Application/Src/application.c ****         } else {
 535              		.loc 1 128 13 is_stmt 1 view .LVU130
 128:./Application/Src/application.c ****         } else {
 536              		.loc 1 128 33 is_stmt 0 view .LVU131
 537 003c 1F4B     		ldr	r3, .L36+12
 538              	.LVL22:
 128:./Application/Src/application.c ****         } else {
 539              		.loc 1 128 33 view .LVU132
ARM GAS  C:\Users\Xuleo\AppData\Local\Temp\ccdE3bOb.s 			page 15


 540 003e 0122     		movs	r2, #1
 541 0040 5A55     		strb	r2, [r3, r5]
 542              	.L31:
 128:./Application/Src/application.c ****         } else {
 543              		.loc 1 128 33 view .LVU133
 544              	.LBE3:
 109:./Application/Src/application.c ****         bool is_pressed = !HAL_GPIO_ReadPin(GPIOA, (uint16_t)(1U << (index + 3)));
 545              		.loc 1 109 50 is_stmt 1 discriminator 2 view .LVU134
 546 0042 0135     		adds	r5, r5, #1
 547              	.LVL23:
 548              	.L26:
 109:./Application/Src/application.c ****         bool is_pressed = !HAL_GPIO_ReadPin(GPIOA, (uint16_t)(1U << (index + 3)));
 549              		.loc 1 109 31 discriminator 1 view .LVU135
 550 0044 022D     		cmp	r5, #2
 551 0046 F3DC     		bgt	.L25
 552              	.LBB4:
 110:./Application/Src/application.c **** 
 553              		.loc 1 110 9 view .LVU136
 110:./Application/Src/application.c **** 
 554              		.loc 1 110 76 is_stmt 0 view .LVU137
 555 0048 EB1C     		adds	r3, r5, #3
 110:./Application/Src/application.c **** 
 556              		.loc 1 110 66 view .LVU138
 557 004a 0124     		movs	r4, #1
 558 004c 9C40     		lsls	r4, r4, r3
 110:./Application/Src/application.c **** 
 559              		.loc 1 110 28 view .LVU139
 560 004e A4B2     		uxth	r4, r4
 561 0050 2146     		mov	r1, r4
 562 0052 1748     		ldr	r0, .L36
 563 0054 FFF7FEFF 		bl	HAL_GPIO_ReadPin
 564              	.LVL24:
 110:./Application/Src/application.c **** 
 565              		.loc 1 110 14 discriminator 1 view .LVU140
 566 0058 0028     		cmp	r0, #0
 567 005a 0CBF     		ite	eq
 568 005c 0123     		moveq	r3, #1
 569 005e 0023     		movne	r3, #0
 570              	.LVL25:
 112:./Application/Src/application.c ****             wait_ms(DEBOUNCE_DELAY);
 571              		.loc 1 112 9 is_stmt 1 view .LVU141
 112:./Application/Src/application.c ****             wait_ms(DEBOUNCE_DELAY);
 572              		.loc 1 112 12 is_stmt 0 view .LVU142
 573 0060 E7D1     		bne	.L28
 112:./Application/Src/application.c ****             wait_ms(DEBOUNCE_DELAY);
 574              		.loc 1 112 40 discriminator 1 view .LVU143
 575 0062 164A     		ldr	r2, .L36+12
 576 0064 525D     		ldrb	r2, [r2, r5]	@ zero_extendqisi2
 112:./Application/Src/application.c ****             wait_ms(DEBOUNCE_DELAY);
 577              		.loc 1 112 24 discriminator 1 view .LVU144
 578 0066 002A     		cmp	r2, #0
 579 0068 E3D1     		bne	.L28
 113:./Application/Src/application.c ****             // after delay, if still pressed -> true else false
 580              		.loc 1 113 13 is_stmt 1 view .LVU145
 581 006a 1920     		movs	r0, #25
 582 006c FFF7FEFF 		bl	wait_ms
 583              	.LVL26:
ARM GAS  C:\Users\Xuleo\AppData\Local\Temp\ccdE3bOb.s 			page 16


 115:./Application/Src/application.c ****             if (is_pressed && !long_pressed){
 584              		.loc 1 115 13 view .LVU146
 115:./Application/Src/application.c ****             if (is_pressed && !long_pressed){
 585              		.loc 1 115 27 is_stmt 0 view .LVU147
 586 0070 2146     		mov	r1, r4
 587 0072 0F48     		ldr	r0, .L36
 588 0074 FFF7FEFF 		bl	HAL_GPIO_ReadPin
 589              	.LVL27:
 115:./Application/Src/application.c ****             if (is_pressed && !long_pressed){
 590              		.loc 1 115 24 discriminator 1 view .LVU148
 591 0078 0028     		cmp	r0, #0
 592 007a 0CBF     		ite	eq
 593 007c 0123     		moveq	r3, #1
 594 007e 0023     		movne	r3, #0
 595              	.LVL28:
 116:./Application/Src/application.c ****                 key_fall_block_until = HAL_GetTick() + KEY_FALL_BLOCK_MS;
 596              		.loc 1 116 13 is_stmt 1 view .LVU149
 116:./Application/Src/application.c ****                 key_fall_block_until = HAL_GetTick() + KEY_FALL_BLOCK_MS;
 597              		.loc 1 116 16 is_stmt 0 view .LVU150
 598 0080 DAD1     		bne	.L29
 116:./Application/Src/application.c ****                 key_fall_block_until = HAL_GetTick() + KEY_FALL_BLOCK_MS;
 599              		.loc 1 116 31 discriminator 1 view .LVU151
 600 0082 0F4A     		ldr	r2, .L36+16
 601 0084 1278     		ldrb	r2, [r2]	@ zero_extendqisi2
 116:./Application/Src/application.c ****                 key_fall_block_until = HAL_GetTick() + KEY_FALL_BLOCK_MS;
 602              		.loc 1 116 28 discriminator 1 view .LVU152
 603 0086 002A     		cmp	r2, #0
 604 0088 D6D1     		bne	.L29
 117:./Application/Src/application.c ****                 key_need_handle = index;
 605              		.loc 1 117 17 is_stmt 1 view .LVU153
 117:./Application/Src/application.c ****                 key_need_handle = index;
 606              		.loc 1 117 40 is_stmt 0 view .LVU154
 607 008a FFF7FEFF 		bl	HAL_GetTick
 608              	.LVL29:
 117:./Application/Src/application.c ****                 key_need_handle = index;
 609              		.loc 1 117 54 discriminator 1 view .LVU155
 610 008e C830     		adds	r0, r0, #200
 117:./Application/Src/application.c ****                 key_need_handle = index;
 611              		.loc 1 117 38 discriminator 1 view .LVU156
 612 0090 094A     		ldr	r2, .L36+8
 613 0092 1060     		str	r0, [r2]
 118:./Application/Src/application.c ****                 long_pressed = 1;
 614              		.loc 1 118 17 is_stmt 1 view .LVU157
 118:./Application/Src/application.c ****                 long_pressed = 1;
 615              		.loc 1 118 33 is_stmt 0 view .LVU158
 616 0094 0B4B     		ldr	r3, .L36+20
 617 0096 1D60     		str	r5, [r3]
 119:./Application/Src/application.c ****                 memset(Keys_pressed, 0, sizeof(Keys_pressed));
 618              		.loc 1 119 17 is_stmt 1 view .LVU159
 119:./Application/Src/application.c ****                 memset(Keys_pressed, 0, sizeof(Keys_pressed));
 619              		.loc 1 119 30 is_stmt 0 view .LVU160
 620 0098 094B     		ldr	r3, .L36+16
 621 009a 0122     		movs	r2, #1
 622 009c 1A70     		strb	r2, [r3]
 120:./Application/Src/application.c ****                 return;
 623              		.loc 1 120 17 is_stmt 1 view .LVU161
 624 009e 074B     		ldr	r3, .L36+12
ARM GAS  C:\Users\Xuleo\AppData\Local\Temp\ccdE3bOb.s 			page 17


 625 00a0 0022     		movs	r2, #0
 626 00a2 1A80     		strh	r2, [r3]	@ movhi
 627 00a4 9A70     		strb	r2, [r3, #2]
 121:./Application/Src/application.c ****             }
 628              		.loc 1 121 17 view .LVU162
 629 00a6 C3E7     		b	.L25
 630              	.LVL30:
 631              	.L30:
 130:./Application/Src/application.c ****         }
 632              		.loc 1 130 13 view .LVU163
 130:./Application/Src/application.c ****         }
 633              		.loc 1 130 33 is_stmt 0 view .LVU164
 634 00a8 044B     		ldr	r3, .L36+12
 635              	.LVL31:
 130:./Application/Src/application.c ****         }
 636              		.loc 1 130 33 view .LVU165
 637 00aa 0022     		movs	r2, #0
 638 00ac 5A55     		strb	r2, [r3, r5]
 639 00ae C8E7     		b	.L31
 640              	.L37:
 641              		.align	2
 642              	.L36:
 643 00b0 00080140 		.word	1073809408
 644 00b4 00000000 		.word	is_small_bullet
 645 00b8 00000000 		.word	key_fall_block_until.0
 646 00bc 00000000 		.word	Keys_pressed
 647 00c0 00000000 		.word	long_pressed
 648 00c4 00000000 		.word	key_need_handle
 649              	.LBE4:
 650              	.LBE5:
 651              		.cfi_endproc
 652              	.LFE70:
 654              		.section	.text.call_buy_UI,"ax",%progbits
 655              		.align	1
 656              		.global	call_buy_UI
 657              		.syntax unified
 658              		.thumb
 659              		.thumb_func
 661              	call_buy_UI:
 662              	.LFB71:
 135:./Application/Src/application.c ****     if (is_small_bullet){
 663              		.loc 1 135 19 is_stmt 1 view -0
 664              		.cfi_startproc
 665              		@ args = 0, pretend = 0, frame = 0
 666              		@ frame_needed = 0, uses_anonymous_args = 0
 667 0000 38B5     		push	{r3, r4, r5, lr}
 668              	.LCFI6:
 669              		.cfi_def_cfa_offset 16
 670              		.cfi_offset 3, -16
 671              		.cfi_offset 4, -12
 672              		.cfi_offset 5, -8
 673              		.cfi_offset 14, -4
 136:./Application/Src/application.c ****         key_packet.key_value = SMALL_BULLET_KEY;
 674              		.loc 1 136 5 view .LVU167
 136:./Application/Src/application.c ****         key_packet.key_value = SMALL_BULLET_KEY;
 675              		.loc 1 136 9 is_stmt 0 view .LVU168
 676 0002 114B     		ldr	r3, .L42
ARM GAS  C:\Users\Xuleo\AppData\Local\Temp\ccdE3bOb.s 			page 18


 677 0004 1B78     		ldrb	r3, [r3]	@ zero_extendqisi2
 136:./Application/Src/application.c ****         key_packet.key_value = SMALL_BULLET_KEY;
 678              		.loc 1 136 8 view .LVU169
 679 0006 DBB1     		cbz	r3, .L39
 137:./Application/Src/application.c ****     } else { // big bullet 
 680              		.loc 1 137 9 is_stmt 1 view .LVU170
 137:./Application/Src/application.c ****     } else { // big bullet 
 681              		.loc 1 137 30 is_stmt 0 view .LVU171
 682 0008 104B     		ldr	r3, .L42+4
 683 000a 5022     		movs	r2, #80
 684 000c 1A80     		strh	r2, [r3]	@ movhi
 685              	.L40:
 142:./Application/Src/application.c ****     key_packet.y_position = 0;
 686              		.loc 1 142 5 is_stmt 1 view .LVU172
 142:./Application/Src/application.c ****     key_packet.y_position = 0;
 687              		.loc 1 142 27 is_stmt 0 view .LVU173
 688 000e 0F4C     		ldr	r4, .L42+4
 689 0010 6388     		ldrh	r3, [r4, #2]
 690 0012 6FF30B03 		bfc	r3, #0, #12
 691 0016 6380     		strh	r3, [r4, #2]	@ movhi
 143:./Application/Src/application.c ****     key_packet.mouse_left = 0;
 692              		.loc 1 143 5 is_stmt 1 view .LVU174
 143:./Application/Src/application.c ****     key_packet.mouse_left = 0;
 693              		.loc 1 143 27 is_stmt 0 view .LVU175
 694 0018 A388     		ldrh	r3, [r4, #4]
 695 001a 6FF30B03 		bfc	r3, #0, #12
 696 001e A380     		strh	r3, [r4, #4]	@ movhi
 144:./Application/Src/application.c ****     key_packet.mouse_right = 0;
 697              		.loc 1 144 5 is_stmt 1 view .LVU176
 144:./Application/Src/application.c ****     key_packet.mouse_right = 0;
 698              		.loc 1 144 27 is_stmt 0 view .LVU177
 699 0020 E378     		ldrb	r3, [r4, #3]	@ zero_extendqisi2
 700 0022 23F0F003 		bic	r3, r3, #240
 701 0026 E370     		strb	r3, [r4, #3]
 145:./Application/Src/application.c ****     key_packet.reserved = 0;
 702              		.loc 1 145 5 is_stmt 1 view .LVU178
 145:./Application/Src/application.c ****     key_packet.reserved = 0;
 703              		.loc 1 145 28 is_stmt 0 view .LVU179
 704 0028 6379     		ldrb	r3, [r4, #5]	@ zero_extendqisi2
 705 002a 23F0F003 		bic	r3, r3, #240
 706 002e 6371     		strb	r3, [r4, #5]
 146:./Application/Src/application.c ****     update_packet_and_send();
 707              		.loc 1 146 5 is_stmt 1 view .LVU180
 146:./Application/Src/application.c ****     update_packet_and_send();
 708              		.loc 1 146 25 is_stmt 0 view .LVU181
 709 0030 0025     		movs	r5, #0
 710 0032 E580     		strh	r5, [r4, #6]	@ movhi
 147:./Application/Src/application.c **** 
 711              		.loc 1 147 5 is_stmt 1 view .LVU182
 712 0034 FFF7FEFF 		bl	update_packet_and_send
 713              	.LVL32:
 150:./Application/Src/application.c ****     update_packet_and_send();
 714              		.loc 1 150 5 view .LVU183
 150:./Application/Src/application.c ****     update_packet_and_send();
 715              		.loc 1 150 26 is_stmt 0 view .LVU184
 716 0038 2580     		strh	r5, [r4]	@ movhi
 151:./Application/Src/application.c **** }
ARM GAS  C:\Users\Xuleo\AppData\Local\Temp\ccdE3bOb.s 			page 19


 717              		.loc 1 151 5 is_stmt 1 view .LVU185
 718 003a FFF7FEFF 		bl	update_packet_and_send
 719              	.LVL33:
 152:./Application/Src/application.c **** 
 720              		.loc 1 152 1 is_stmt 0 view .LVU186
 721 003e 38BD     		pop	{r3, r4, r5, pc}
 722              	.L39:
 139:./Application/Src/application.c ****     }
 723              		.loc 1 139 9 is_stmt 1 view .LVU187
 139:./Application/Src/application.c ****     }
 724              		.loc 1 139 30 is_stmt 0 view .LVU188
 725 0040 024B     		ldr	r3, .L42+4
 726 0042 5022     		movs	r2, #80
 727 0044 1A80     		strh	r2, [r3]	@ movhi
 728 0046 E2E7     		b	.L40
 729              	.L43:
 730              		.align	2
 731              	.L42:
 732 0048 00000000 		.word	is_small_bullet
 733 004c 00000000 		.word	key_packet
 734              		.cfi_endproc
 735              	.LFE71:
 737              		.section	.text.mouse_control,"ax",%progbits
 738              		.align	1
 739              		.global	mouse_control
 740              		.syntax unified
 741              		.thumb
 742              		.thumb_func
 744              	mouse_control:
 745              	.LVL34:
 746              	.LFB72:
 154:./Application/Src/application.c ****     // packet update for mouse
 747              		.loc 1 154 55 is_stmt 1 view -0
 748              		.cfi_startproc
 749              		@ args = 0, pretend = 0, frame = 0
 750              		@ frame_needed = 0, uses_anonymous_args = 0
 154:./Application/Src/application.c ****     // packet update for mouse
 751              		.loc 1 154 55 is_stmt 0 view .LVU190
 752 0000 08B5     		push	{r3, lr}
 753              	.LCFI7:
 754              		.cfi_def_cfa_offset 8
 755              		.cfi_offset 3, -8
 756              		.cfi_offset 14, -4
 156:./Application/Src/application.c ****     key_packet.x_position = x;
 757              		.loc 1 156 5 is_stmt 1 view .LVU191
 156:./Application/Src/application.c ****     key_packet.x_position = x;
 758              		.loc 1 156 26 is_stmt 0 view .LVU192
 759 0002 0F4B     		ldr	r3, .L46
 760 0004 4FF0000C 		mov	ip, #0
 761 0008 A3F800C0 		strh	ip, [r3]	@ movhi
 157:./Application/Src/application.c ****     key_packet.y_position = y;
 762              		.loc 1 157 5 is_stmt 1 view .LVU193
 157:./Application/Src/application.c ****     key_packet.y_position = y;
 763              		.loc 1 157 27 is_stmt 0 view .LVU194
 764 000c B3F802E0 		ldrh	lr, [r3, #2]
 765 0010 60F30B0E 		bfi	lr, r0, #0, #12
 766 0014 A3F802E0 		strh	lr, [r3, #2]	@ movhi
ARM GAS  C:\Users\Xuleo\AppData\Local\Temp\ccdE3bOb.s 			page 20


 158:./Application/Src/application.c ****     key_packet.mouse_left = click ? 1 : 0;
 767              		.loc 1 158 5 is_stmt 1 view .LVU195
 158:./Application/Src/application.c ****     key_packet.mouse_left = click ? 1 : 0;
 768              		.loc 1 158 27 is_stmt 0 view .LVU196
 769 0018 9888     		ldrh	r0, [r3, #4]
 770              	.LVL35:
 158:./Application/Src/application.c ****     key_packet.mouse_left = click ? 1 : 0;
 771              		.loc 1 158 27 view .LVU197
 772 001a 61F30B00 		bfi	r0, r1, #0, #12
 773              	.LVL36:
 158:./Application/Src/application.c ****     key_packet.mouse_left = click ? 1 : 0;
 774              		.loc 1 158 27 view .LVU198
 775 001e 9880     		strh	r0, [r3, #4]	@ movhi
 159:./Application/Src/application.c ****     key_packet.mouse_right = 0;
 776              		.loc 1 159 5 is_stmt 1 view .LVU199
 159:./Application/Src/application.c ****     key_packet.mouse_right = 0;
 777              		.loc 1 159 27 is_stmt 0 view .LVU200
 778 0020 D978     		ldrb	r1, [r3, #3]	@ zero_extendqisi2
 779 0022 62F30711 		bfi	r1, r2, #4, #4
 780 0026 D970     		strb	r1, [r3, #3]
 160:./Application/Src/application.c ****     key_packet.reserved = 0;
 781              		.loc 1 160 5 is_stmt 1 view .LVU201
 160:./Application/Src/application.c ****     key_packet.reserved = 0;
 782              		.loc 1 160 28 is_stmt 0 view .LVU202
 783 0028 5A79     		ldrb	r2, [r3, #5]	@ zero_extendqisi2
 784              	.LVL37:
 160:./Application/Src/application.c ****     key_packet.reserved = 0;
 785              		.loc 1 160 28 view .LVU203
 786 002a 22F0F002 		bic	r2, r2, #240
 787 002e 5A71     		strb	r2, [r3, #5]
 161:./Application/Src/application.c ****     update_packet_and_send();
 788              		.loc 1 161 5 is_stmt 1 view .LVU204
 161:./Application/Src/application.c ****     update_packet_and_send();
 789              		.loc 1 161 25 is_stmt 0 view .LVU205
 790 0030 A3F806C0 		strh	ip, [r3, #6]	@ movhi
 162:./Application/Src/application.c ****     // after send add delay
 791              		.loc 1 162 5 is_stmt 1 view .LVU206
 792 0034 FFF7FEFF 		bl	update_packet_and_send
 793              	.LVL38:
 164:./Application/Src/application.c **** }
 794              		.loc 1 164 5 view .LVU207
 795 0038 2220     		movs	r0, #34
 796 003a FFF7FEFF 		bl	wait_ms
 797              	.LVL39:
 165:./Application/Src/application.c **** 
 798              		.loc 1 165 1 is_stmt 0 view .LVU208
 799 003e 08BD     		pop	{r3, pc}
 800              	.L47:
 801              		.align	2
 802              	.L46:
 803 0040 00000000 		.word	key_packet
 804              		.cfi_endproc
 805              	.LFE72:
 807              		.section	.text.move_click_mouse,"ax",%progbits
 808              		.align	1
 809              		.global	move_click_mouse
 810              		.syntax unified
ARM GAS  C:\Users\Xuleo\AppData\Local\Temp\ccdE3bOb.s 			page 21


 811              		.thumb
 812              		.thumb_func
 814              	move_click_mouse:
 815              	.LVL40:
 816              	.LFB73:
 167:./Application/Src/application.c ****     uint16_t x = 0;
 817              		.loc 1 167 31 is_stmt 1 view -0
 818              		.cfi_startproc
 819              		@ args = 0, pretend = 0, frame = 0
 820              		@ frame_needed = 0, uses_anonymous_args = 0
 167:./Application/Src/application.c ****     uint16_t x = 0;
 821              		.loc 1 167 31 is_stmt 0 view .LVU210
 822 0000 38B5     		push	{r3, r4, r5, lr}
 823              	.LCFI8:
 824              		.cfi_def_cfa_offset 16
 825              		.cfi_offset 3, -16
 826              		.cfi_offset 4, -12
 827              		.cfi_offset 5, -8
 828              		.cfi_offset 14, -4
 168:./Application/Src/application.c ****     uint16_t y = 0;
 829              		.loc 1 168 5 is_stmt 1 view .LVU211
 830              	.LVL41:
 169:./Application/Src/application.c **** 
 831              		.loc 1 169 5 view .LVU212
 171:./Application/Src/application.c ****     {
 832              		.loc 1 171 5 view .LVU213
 833 0002 0128     		cmp	r0, #1
 834 0004 1FD0     		beq	.L49
 835 0006 0228     		cmp	r0, #2
 836 0008 28D0     		beq	.L50
 837 000a 0028     		cmp	r0, #0
 838 000c 31D1     		bne	.L58
 174:./Application/Src/application.c ****                 x = Keys[0].small_bullet_x_pos;
 839              		.loc 1 174 13 view .LVU214
 174:./Application/Src/application.c ****                 x = Keys[0].small_bullet_x_pos;
 840              		.loc 1 174 17 is_stmt 0 view .LVU215
 841 000e 1A4B     		ldr	r3, .L60
 842 0010 1B78     		ldrb	r3, [r3]	@ zero_extendqisi2
 174:./Application/Src/application.c ****                 x = Keys[0].small_bullet_x_pos;
 843              		.loc 1 174 16 view .LVU216
 844 0012 A3B1     		cbz	r3, .L52
 175:./Application/Src/application.c ****                 y = Keys[0].small_bullet_y_pos;
 845              		.loc 1 175 17 is_stmt 1 view .LVU217
 175:./Application/Src/application.c ****                 y = Keys[0].small_bullet_y_pos;
 846              		.loc 1 175 28 is_stmt 0 view .LVU218
 847 0014 194B     		ldr	r3, .L60+4
 175:./Application/Src/application.c ****                 y = Keys[0].small_bullet_y_pos;
 848              		.loc 1 175 19 view .LVU219
 849 0016 9D88     		ldrh	r5, [r3, #4]
 850              	.LVL42:
 176:./Application/Src/application.c ****             } else {
 851              		.loc 1 176 17 is_stmt 1 view .LVU220
 176:./Application/Src/application.c ****             } else {
 852              		.loc 1 176 19 is_stmt 0 view .LVU221
 853 0018 1C89     		ldrh	r4, [r3, #8]
 854              	.LVL43:
 855              	.L53:
ARM GAS  C:\Users\Xuleo\AppData\Local\Temp\ccdE3bOb.s 			page 22


 207:./Application/Src/application.c ****         // Position not filled yet. Do not click the top-left corner by accident.
 856              		.loc 1 207 5 is_stmt 1 view .LVU222
 207:./Application/Src/application.c ****         // Position not filled yet. Do not click the top-left corner by accident.
 857              		.loc 1 207 8 is_stmt 0 view .LVU223
 858 001a 05B9     		cbnz	r5, .L56
 859              	.LVL44:
 860              	.L51:
 207:./Application/Src/application.c ****         // Position not filled yet. Do not click the top-left corner by accident.
 861              		.loc 1 207 16 discriminator 1 view .LVU224
 862 001c 74B1     		cbz	r4, .L48
 863              	.L56:
 212:./Application/Src/application.c ****     mouse_control(x, y, true);
 864              		.loc 1 212 5 is_stmt 1 view .LVU225
 865 001e 0022     		movs	r2, #0
 866 0020 2146     		mov	r1, r4
 867 0022 2846     		mov	r0, r5
 868              	.LVL45:
 212:./Application/Src/application.c ****     mouse_control(x, y, true);
 869              		.loc 1 212 5 is_stmt 0 view .LVU226
 870 0024 FFF7FEFF 		bl	mouse_control
 871              	.LVL46:
 213:./Application/Src/application.c ****     mouse_control(x, y, false);
 872              		.loc 1 213 5 is_stmt 1 view .LVU227
 873 0028 0122     		movs	r2, #1
 874 002a 2146     		mov	r1, r4
 875 002c 2846     		mov	r0, r5
 876 002e FFF7FEFF 		bl	mouse_control
 877              	.LVL47:
 214:./Application/Src/application.c **** }
 878              		.loc 1 214 5 view .LVU228
 879 0032 0022     		movs	r2, #0
 880 0034 2146     		mov	r1, r4
 881 0036 2846     		mov	r0, r5
 882 0038 FFF7FEFF 		bl	mouse_control
 883              	.LVL48:
 884              	.L48:
 215:./Application/Src/application.c **** 
 885              		.loc 1 215 1 is_stmt 0 view .LVU229
 886 003c 38BD     		pop	{r3, r4, r5, pc}
 887              	.LVL49:
 888              	.L52:
 178:./Application/Src/application.c ****                 y = Keys[0].big_bullet_y_pos;
 889              		.loc 1 178 17 is_stmt 1 view .LVU230
 178:./Application/Src/application.c ****                 y = Keys[0].big_bullet_y_pos;
 890              		.loc 1 178 28 is_stmt 0 view .LVU231
 891 003e 0F4B     		ldr	r3, .L60+4
 178:./Application/Src/application.c ****                 y = Keys[0].big_bullet_y_pos;
 892              		.loc 1 178 19 view .LVU232
 893 0040 9D89     		ldrh	r5, [r3, #12]
 894              	.LVL50:
 179:./Application/Src/application.c ****             }
 895              		.loc 1 179 17 is_stmt 1 view .LVU233
 179:./Application/Src/application.c ****             }
 896              		.loc 1 179 19 is_stmt 0 view .LVU234
 897 0042 1C8A     		ldrh	r4, [r3, #16]
 898              	.LVL51:
 179:./Application/Src/application.c ****             }
ARM GAS  C:\Users\Xuleo\AppData\Local\Temp\ccdE3bOb.s 			page 23


 899              		.loc 1 179 19 view .LVU235
 900 0044 E9E7     		b	.L53
 901              	.LVL52:
 902              	.L49:
 184:./Application/Src/application.c ****                 x = Keys[1].small_bullet_x_pos;
 903              		.loc 1 184 13 is_stmt 1 view .LVU236
 184:./Application/Src/application.c ****                 x = Keys[1].small_bullet_x_pos;
 904              		.loc 1 184 17 is_stmt 0 view .LVU237
 905 0046 0C4B     		ldr	r3, .L60
 906 0048 1B78     		ldrb	r3, [r3]	@ zero_extendqisi2
 184:./Application/Src/application.c ****                 x = Keys[1].small_bullet_x_pos;
 907              		.loc 1 184 16 view .LVU238
 908 004a 1BB1     		cbz	r3, .L54
 185:./Application/Src/application.c ****                 y = Keys[1].small_bullet_y_pos;
 909              		.loc 1 185 17 is_stmt 1 view .LVU239
 185:./Application/Src/application.c ****                 y = Keys[1].small_bullet_y_pos;
 910              		.loc 1 185 28 is_stmt 0 view .LVU240
 911 004c 0B4B     		ldr	r3, .L60+4
 185:./Application/Src/application.c ****                 y = Keys[1].small_bullet_y_pos;
 912              		.loc 1 185 19 view .LVU241
 913 004e 1D8B     		ldrh	r5, [r3, #24]
 914              	.LVL53:
 186:./Application/Src/application.c ****             } else {
 915              		.loc 1 186 17 is_stmt 1 view .LVU242
 186:./Application/Src/application.c ****             } else {
 916              		.loc 1 186 19 is_stmt 0 view .LVU243
 917 0050 9C8B     		ldrh	r4, [r3, #28]
 918              	.LVL54:
 186:./Application/Src/application.c ****             } else {
 919              		.loc 1 186 19 view .LVU244
 920 0052 E2E7     		b	.L53
 921              	.LVL55:
 922              	.L54:
 188:./Application/Src/application.c ****                 y = Keys[1].big_bullet_y_pos;
 923              		.loc 1 188 17 is_stmt 1 view .LVU245
 188:./Application/Src/application.c ****                 y = Keys[1].big_bullet_y_pos;
 924              		.loc 1 188 28 is_stmt 0 view .LVU246
 925 0054 094B     		ldr	r3, .L60+4
 188:./Application/Src/application.c ****                 y = Keys[1].big_bullet_y_pos;
 926              		.loc 1 188 19 view .LVU247
 927 0056 1D8C     		ldrh	r5, [r3, #32]
 928              	.LVL56:
 189:./Application/Src/application.c ****             }
 929              		.loc 1 189 17 is_stmt 1 view .LVU248
 189:./Application/Src/application.c ****             }
 930              		.loc 1 189 19 is_stmt 0 view .LVU249
 931 0058 9C8C     		ldrh	r4, [r3, #36]
 932              	.LVL57:
 189:./Application/Src/application.c ****             }
 933              		.loc 1 189 19 view .LVU250
 934 005a DEE7     		b	.L53
 935              	.LVL58:
 936              	.L50:
 194:./Application/Src/application.c ****                 x = Keys[2].small_bullet_x_pos;
 937              		.loc 1 194 13 is_stmt 1 view .LVU251
 194:./Application/Src/application.c ****                 x = Keys[2].small_bullet_x_pos;
 938              		.loc 1 194 17 is_stmt 0 view .LVU252
ARM GAS  C:\Users\Xuleo\AppData\Local\Temp\ccdE3bOb.s 			page 24


 939 005c 064B     		ldr	r3, .L60
 940 005e 1B78     		ldrb	r3, [r3]	@ zero_extendqisi2
 194:./Application/Src/application.c ****                 x = Keys[2].small_bullet_x_pos;
 941              		.loc 1 194 16 view .LVU253
 942 0060 1BB1     		cbz	r3, .L55
 195:./Application/Src/application.c ****                 y = Keys[2].small_bullet_y_pos;
 943              		.loc 1 195 17 is_stmt 1 view .LVU254
 195:./Application/Src/application.c ****                 y = Keys[2].small_bullet_y_pos;
 944              		.loc 1 195 28 is_stmt 0 view .LVU255
 945 0062 064B     		ldr	r3, .L60+4
 195:./Application/Src/application.c ****                 y = Keys[2].small_bullet_y_pos;
 946              		.loc 1 195 19 view .LVU256
 947 0064 9D8D     		ldrh	r5, [r3, #44]
 948              	.LVL59:
 196:./Application/Src/application.c ****             } else {
 949              		.loc 1 196 17 is_stmt 1 view .LVU257
 196:./Application/Src/application.c ****             } else {
 950              		.loc 1 196 19 is_stmt 0 view .LVU258
 951 0066 1C8E     		ldrh	r4, [r3, #48]
 952              	.LVL60:
 196:./Application/Src/application.c ****             } else {
 953              		.loc 1 196 19 view .LVU259
 954 0068 D7E7     		b	.L53
 955              	.LVL61:
 956              	.L55:
 198:./Application/Src/application.c ****                 y = Keys[2].big_bullet_y_pos;
 957              		.loc 1 198 17 is_stmt 1 view .LVU260
 198:./Application/Src/application.c ****                 y = Keys[2].big_bullet_y_pos;
 958              		.loc 1 198 28 is_stmt 0 view .LVU261
 959 006a 044B     		ldr	r3, .L60+4
 198:./Application/Src/application.c ****                 y = Keys[2].big_bullet_y_pos;
 960              		.loc 1 198 19 view .LVU262
 961 006c 9D8E     		ldrh	r5, [r3, #52]
 962              	.LVL62:
 199:./Application/Src/application.c ****             }
 963              		.loc 1 199 17 is_stmt 1 view .LVU263
 199:./Application/Src/application.c ****             }
 964              		.loc 1 199 19 is_stmt 0 view .LVU264
 965 006e 1C8F     		ldrh	r4, [r3, #56]
 966 0070 D3E7     		b	.L53
 967              	.LVL63:
 968              	.L58:
 171:./Application/Src/application.c ****     {
 969              		.loc 1 171 5 view .LVU265
 970 0072 0024     		movs	r4, #0
 971 0074 2546     		mov	r5, r4
 972 0076 D1E7     		b	.L51
 973              	.L61:
 974              		.align	2
 975              	.L60:
 976 0078 00000000 		.word	is_small_bullet
 977 007c 00000000 		.word	Keys
 978              		.cfi_endproc
 979              	.LFE73:
 981              		.section	.text.click_buy_bullets,"ax",%progbits
 982              		.align	1
 983              		.global	click_buy_bullets
ARM GAS  C:\Users\Xuleo\AppData\Local\Temp\ccdE3bOb.s 			page 25


 984              		.syntax unified
 985              		.thumb
 986              		.thumb_func
 988              	click_buy_bullets:
 989              	.LFB74:
 217:./Application/Src/application.c **** 
 990              		.loc 1 217 25 is_stmt 1 view -0
 991              		.cfi_startproc
 992              		@ args = 0, pretend = 0, frame = 0
 993              		@ frame_needed = 0, uses_anonymous_args = 0
 994 0000 08B5     		push	{r3, lr}
 995              	.LCFI9:
 996              		.cfi_def_cfa_offset 8
 997              		.cfi_offset 3, -8
 998              		.cfi_offset 14, -4
 219:./Application/Src/application.c ****     mouse_control(BUY_BUTTON_X, BUY_BUTTON_Y, true);
 999              		.loc 1 219 5 view .LVU267
 1000 0002 0022     		movs	r2, #0
 1001 0004 1146     		mov	r1, r2
 1002 0006 1046     		mov	r0, r2
 1003 0008 FFF7FEFF 		bl	mouse_control
 1004              	.LVL64:
 220:./Application/Src/application.c ****     mouse_control(BUY_BUTTON_X, BUY_BUTTON_Y, false);
 1005              		.loc 1 220 5 view .LVU268
 1006 000c 0122     		movs	r2, #1
 1007 000e 0021     		movs	r1, #0
 1008 0010 0846     		mov	r0, r1
 1009 0012 FFF7FEFF 		bl	mouse_control
 1010              	.LVL65:
 221:./Application/Src/application.c **** 
 1011              		.loc 1 221 5 view .LVU269
 1012 0016 0022     		movs	r2, #0
 1013 0018 1146     		mov	r1, r2
 1014 001a 1046     		mov	r0, r2
 1015 001c FFF7FEFF 		bl	mouse_control
 1016              	.LVL66:
 223:./Application/Src/application.c ****     mouse_control(CONFIRM_BUTTON_X, CONFIRM_BUTTON_Y, true);
 1017              		.loc 1 223 5 view .LVU270
 1018 0020 0022     		movs	r2, #0
 1019 0022 1146     		mov	r1, r2
 1020 0024 1046     		mov	r0, r2
 1021 0026 FFF7FEFF 		bl	mouse_control
 1022              	.LVL67:
 224:./Application/Src/application.c ****     mouse_control(CONFIRM_BUTTON_X, CONFIRM_BUTTON_Y, false);
 1023              		.loc 1 224 5 view .LVU271
 1024 002a 0122     		movs	r2, #1
 1025 002c 0021     		movs	r1, #0
 1026 002e 0846     		mov	r0, r1
 1027 0030 FFF7FEFF 		bl	mouse_control
 1028              	.LVL68:
 225:./Application/Src/application.c **** }
 1029              		.loc 1 225 5 view .LVU272
 1030 0034 0022     		movs	r2, #0
 1031 0036 1146     		mov	r1, r2
 1032 0038 1046     		mov	r0, r2
 1033 003a FFF7FEFF 		bl	mouse_control
 1034              	.LVL69:
ARM GAS  C:\Users\Xuleo\AppData\Local\Temp\ccdE3bOb.s 			page 26


 226:./Application/Src/application.c **** 
 1035              		.loc 1 226 1 is_stmt 0 view .LVU273
 1036 003e 08BD     		pop	{r3, pc}
 1037              		.cfi_endproc
 1038              	.LFE74:
 1040              		.section	.bss.key_fall_block_until.0,"aw",%nobits
 1041              		.align	2
 1044              	key_fall_block_until.0:
 1045 0000 00000000 		.space	4
 1046              		.section	.bss.long_pressed,"aw",%nobits
 1049              	long_pressed:
 1050 0000 00       		.space	1
 1051              		.global	key_need_handle
 1052              		.section	.data.key_need_handle,"aw"
 1053              		.align	2
 1056              	key_need_handle:
 1057 0000 FFFFFFFF 		.word	-1
 1058              		.global	is_small_bullet
 1059              		.section	.bss.is_small_bullet,"aw",%nobits
 1062              	is_small_bullet:
 1063 0000 00       		.space	1
 1064              		.global	ms_counter
 1065              		.section	.bss.ms_counter,"aw",%nobits
 1066              		.align	2
 1069              	ms_counter:
 1070 0000 00000000 		.space	4
 1071              		.global	referee_packet
 1072              		.section	.bss.referee_packet,"aw",%nobits
 1073              		.align	2
 1076              	referee_packet:
 1077 0000 00000000 		.space	17
 1077      00000000 
 1077      00000000 
 1077      00000000 
 1077      00
 1078              		.global	frame_body_tail
 1079              		.section	.bss.frame_body_tail,"aw",%nobits
 1080              		.align	2
 1083              	frame_body_tail:
 1084 0000 00000000 		.space	12
 1084      00000000 
 1084      00000000 
 1085              		.global	frame_header
 1086              		.section	.bss.frame_header,"aw",%nobits
 1087              		.align	2
 1090              	frame_header:
 1091 0000 00000000 		.space	5
 1091      00
 1092              		.global	key_packet
 1093              		.section	.bss.key_packet,"aw",%nobits
 1094              		.align	2
 1097              	key_packet:
 1098 0000 00000000 		.space	8
 1098      00000000 
 1099              		.global	vofa
 1100              		.section	.bss.vofa,"aw",%nobits
 1101              		.align	2
ARM GAS  C:\Users\Xuleo\AppData\Local\Temp\ccdE3bOb.s 			page 27


 1104              	vofa:
 1105 0000 00000000 		.space	24
 1105      00000000 
 1105      00000000 
 1105      00000000 
 1105      00000000 
 1106              		.global	Keys_pressed
 1107              		.section	.bss.Keys_pressed,"aw",%nobits
 1108              		.align	2
 1111              	Keys_pressed:
 1112 0000 000000   		.space	3
 1113              		.global	Keys
 1114              		.section	.bss.Keys,"aw",%nobits
 1115              		.align	2
 1118              	Keys:
 1119 0000 00000000 		.space	60
 1119      00000000 
 1119      00000000 
 1119      00000000 
 1119      00000000 
 1120              		.text
 1121              	.Letext0:
 1122              		.file 2 "C:/thirdpartyLibs/arm-gnu-toolchain-15.2/arm-none-eabi/include/machine/_default_types.h"
 1123              		.file 3 "C:/thirdpartyLibs/arm-gnu-toolchain-15.2/arm-none-eabi/include/sys/_stdint.h"
 1124              		.file 4 "Drivers/CMSIS/Device/ST/STM32F1xx/Include/stm32f103xb.h"
 1125              		.file 5 "Drivers/STM32F1xx_HAL_Driver/Inc/stm32f1xx_hal_def.h"
 1126              		.file 6 "Drivers/STM32F1xx_HAL_Driver/Inc/stm32f1xx_hal_gpio.h"
 1127              		.file 7 "Drivers/STM32F1xx_HAL_Driver/Inc/stm32f1xx_hal_dma.h"
 1128              		.file 8 "Drivers/STM32F1xx_HAL_Driver/Inc/stm32f1xx_hal_uart.h"
 1129              		.file 9 "Core/Inc/usart.h"
 1130              		.file 10 "Application/Inc/application.h"
 1131              		.file 11 "Application/Inc/utils.h"
 1132              		.file 12 "C:/thirdpartyLibs/arm-gnu-toolchain-15.2/arm-none-eabi/include/string.h"
 1133              		.file 13 "Drivers/STM32F1xx_HAL_Driver/Inc/stm32f1xx_hal.h"
 1134              		.file 14 "<built-in>"
ARM GAS  C:\Users\Xuleo\AppData\Local\Temp\ccdE3bOb.s 			page 28


DEFINED SYMBOLS
                            *ABS*:00000000 application.c
C:\Users\Xuleo\AppData\Local\Temp\ccdE3bOb.s:19     .text.init_keys:00000000 $t
C:\Users\Xuleo\AppData\Local\Temp\ccdE3bOb.s:25     .text.init_keys:00000000 init_keys
C:\Users\Xuleo\AppData\Local\Temp\ccdE3bOb.s:89     .text.init_keys:0000003c $d
C:\Users\Xuleo\AppData\Local\Temp\ccdE3bOb.s:1118   .bss.Keys:00000000 Keys
C:\Users\Xuleo\AppData\Local\Temp\ccdE3bOb.s:1111   .bss.Keys_pressed:00000000 Keys_pressed
C:\Users\Xuleo\AppData\Local\Temp\ccdE3bOb.s:95     .text.init_vofa:00000000 $t
C:\Users\Xuleo\AppData\Local\Temp\ccdE3bOb.s:101    .text.init_vofa:00000000 init_vofa
C:\Users\Xuleo\AppData\Local\Temp\ccdE3bOb.s:129    .text.init_vofa:00000014 $d
C:\Users\Xuleo\AppData\Local\Temp\ccdE3bOb.s:1104   .bss.vofa:00000000 vofa
C:\Users\Xuleo\AppData\Local\Temp\ccdE3bOb.s:134    .text.init_packet:00000000 $t
C:\Users\Xuleo\AppData\Local\Temp\ccdE3bOb.s:140    .text.init_packet:00000000 init_packet
C:\Users\Xuleo\AppData\Local\Temp\ccdE3bOb.s:230    .text.init_packet:00000078 $d
C:\Users\Xuleo\AppData\Local\Temp\ccdE3bOb.s:1097   .bss.key_packet:00000000 key_packet
C:\Users\Xuleo\AppData\Local\Temp\ccdE3bOb.s:1090   .bss.frame_header:00000000 frame_header
C:\Users\Xuleo\AppData\Local\Temp\ccdE3bOb.s:1083   .bss.frame_body_tail:00000000 frame_body_tail
C:\Users\Xuleo\AppData\Local\Temp\ccdE3bOb.s:1076   .bss.referee_packet:00000000 referee_packet
C:\Users\Xuleo\AppData\Local\Temp\ccdE3bOb.s:238    .text.loop_report:00000000 $t
C:\Users\Xuleo\AppData\Local\Temp\ccdE3bOb.s:244    .text.loop_report:00000000 loop_report
C:\Users\Xuleo\AppData\Local\Temp\ccdE3bOb.s:305    .text.loop_report:00000040 $d
C:\Users\Xuleo\AppData\Local\Temp\ccdE3bOb.s:1056   .data.key_need_handle:00000000 key_need_handle
C:\Users\Xuleo\AppData\Local\Temp\ccdE3bOb.s:1062   .bss.is_small_bullet:00000000 is_small_bullet
C:\Users\Xuleo\AppData\Local\Temp\ccdE3bOb.s:1069   .bss.ms_counter:00000000 ms_counter
C:\Users\Xuleo\AppData\Local\Temp\ccdE3bOb.s:316    .text.wait_ms:00000000 $t
C:\Users\Xuleo\AppData\Local\Temp\ccdE3bOb.s:322    .text.wait_ms:00000000 wait_ms
C:\Users\Xuleo\AppData\Local\Temp\ccdE3bOb.s:363    .text.update_packet_and_send:00000000 $t
C:\Users\Xuleo\AppData\Local\Temp\ccdE3bOb.s:368    .text.update_packet_and_send:00000000 update_packet_and_send
C:\Users\Xuleo\AppData\Local\Temp\ccdE3bOb.s:447    .text.update_packet_and_send:00000064 $d
C:\Users\Xuleo\AppData\Local\Temp\ccdE3bOb.s:456    .text.loop_scan_keys:00000000 $t
C:\Users\Xuleo\AppData\Local\Temp\ccdE3bOb.s:462    .text.loop_scan_keys:00000000 loop_scan_keys
C:\Users\Xuleo\AppData\Local\Temp\ccdE3bOb.s:643    .text.loop_scan_keys:000000b0 $d
C:\Users\Xuleo\AppData\Local\Temp\ccdE3bOb.s:1044   .bss.key_fall_block_until.0:00000000 key_fall_block_until.0
C:\Users\Xuleo\AppData\Local\Temp\ccdE3bOb.s:1049   .bss.long_pressed:00000000 long_pressed
C:\Users\Xuleo\AppData\Local\Temp\ccdE3bOb.s:655    .text.call_buy_UI:00000000 $t
C:\Users\Xuleo\AppData\Local\Temp\ccdE3bOb.s:661    .text.call_buy_UI:00000000 call_buy_UI
C:\Users\Xuleo\AppData\Local\Temp\ccdE3bOb.s:732    .text.call_buy_UI:00000048 $d
C:\Users\Xuleo\AppData\Local\Temp\ccdE3bOb.s:738    .text.mouse_control:00000000 $t
C:\Users\Xuleo\AppData\Local\Temp\ccdE3bOb.s:744    .text.mouse_control:00000000 mouse_control
C:\Users\Xuleo\AppData\Local\Temp\ccdE3bOb.s:803    .text.mouse_control:00000040 $d
C:\Users\Xuleo\AppData\Local\Temp\ccdE3bOb.s:808    .text.move_click_mouse:00000000 $t
C:\Users\Xuleo\AppData\Local\Temp\ccdE3bOb.s:814    .text.move_click_mouse:00000000 move_click_mouse
C:\Users\Xuleo\AppData\Local\Temp\ccdE3bOb.s:976    .text.move_click_mouse:00000078 $d
C:\Users\Xuleo\AppData\Local\Temp\ccdE3bOb.s:982    .text.click_buy_bullets:00000000 $t
C:\Users\Xuleo\AppData\Local\Temp\ccdE3bOb.s:988    .text.click_buy_bullets:00000000 click_buy_bullets
C:\Users\Xuleo\AppData\Local\Temp\ccdE3bOb.s:1041   .bss.key_fall_block_until.0:00000000 $d
C:\Users\Xuleo\AppData\Local\Temp\ccdE3bOb.s:1050   .bss.long_pressed:00000000 $d
C:\Users\Xuleo\AppData\Local\Temp\ccdE3bOb.s:1053   .data.key_need_handle:00000000 $d
C:\Users\Xuleo\AppData\Local\Temp\ccdE3bOb.s:1063   .bss.is_small_bullet:00000000 $d
C:\Users\Xuleo\AppData\Local\Temp\ccdE3bOb.s:1066   .bss.ms_counter:00000000 $d
C:\Users\Xuleo\AppData\Local\Temp\ccdE3bOb.s:1073   .bss.referee_packet:00000000 $d
C:\Users\Xuleo\AppData\Local\Temp\ccdE3bOb.s:1080   .bss.frame_body_tail:00000000 $d
C:\Users\Xuleo\AppData\Local\Temp\ccdE3bOb.s:1087   .bss.frame_header:00000000 $d
C:\Users\Xuleo\AppData\Local\Temp\ccdE3bOb.s:1094   .bss.key_packet:00000000 $d
C:\Users\Xuleo\AppData\Local\Temp\ccdE3bOb.s:1101   .bss.vofa:00000000 $d
C:\Users\Xuleo\AppData\Local\Temp\ccdE3bOb.s:1108   .bss.Keys_pressed:00000000 $d
C:\Users\Xuleo\AppData\Local\Temp\ccdE3bOb.s:1115   .bss.Keys:00000000 $d
ARM GAS  C:\Users\Xuleo\AppData\Local\Temp\ccdE3bOb.s 			page 29



UNDEFINED SYMBOLS
memset
Get_CRC8_Check_Sum
Get_CRC16_Check_Sum
__aeabi_i2f
__aeabi_ui2f
HAL_UART_Transmit_DMA
huart1
HAL_GetTick
huart3
HAL_GPIO_ReadPin
