Archive member included to satisfy reference by file (symbol)

C:/thirdpartyLibs/arm-gnu-toolchain-15.2/bin/../lib/gcc/arm-none-eabi/15.2.1/../../../../arm-none-eabi/lib/thumb/v7-m/nofp\libc_nano.a(libc_a-exit.o)
                              C:/thirdpartyLibs/arm-gnu-toolchain-15.2/bin/../lib/gcc/arm-none-eabi/15.2.1/../../../../arm-none-eabi/lib/thumb/v7-m/nofp/crt0.o (exit)
C:/thirdpartyLibs/arm-gnu-toolchain-15.2/bin/../lib/gcc/arm-none-eabi/15.2.1/../../../../arm-none-eabi/lib/thumb/v7-m/nofp\libc_nano.a(libc_a-findfp.o)
                              C:/thirdpartyLibs/arm-gnu-toolchain-15.2/bin/../lib/gcc/arm-none-eabi/15.2.1/../../../../arm-none-eabi/lib/thumb/v7-m/nofp\libc_nano.a(libc_a-exit.o) (__stdio_exit_handler)
C:/thirdpartyLibs/arm-gnu-toolchain-15.2/bin/../lib/gcc/arm-none-eabi/15.2.1/../../../../arm-none-eabi/lib/thumb/v7-m/nofp\libc_nano.a(libc_a-fwalk.o)
                              C:/thirdpartyLibs/arm-gnu-toolchain-15.2/bin/../lib/gcc/arm-none-eabi/15.2.1/../../../../arm-none-eabi/lib/thumb/v7-m/nofp\libc_nano.a(libc_a-findfp.o) (_fwalk_sglue)
C:/thirdpartyLibs/arm-gnu-toolchain-15.2/bin/../lib/gcc/arm-none-eabi/15.2.1/../../../../arm-none-eabi/lib/thumb/v7-m/nofp\libc_nano.a(libc_a-stdio.o)
                              C:/thirdpartyLibs/arm-gnu-toolchain-15.2/bin/../lib/gcc/arm-none-eabi/15.2.1/../../../../arm-none-eabi/lib/thumb/v7-m/nofp\libc_nano.a(libc_a-findfp.o) (__sread)
C:/thirdpartyLibs/arm-gnu-toolchain-15.2/bin/../lib/gcc/arm-none-eabi/15.2.1/../../../../arm-none-eabi/lib/thumb/v7-m/nofp\libc_nano.a(libc_a-memset.o)
                              C:/thirdpartyLibs/arm-gnu-toolchain-15.2/bin/../lib/gcc/arm-none-eabi/15.2.1/../../../../arm-none-eabi/lib/thumb/v7-m/nofp/crt0.o (memset)
C:/thirdpartyLibs/arm-gnu-toolchain-15.2/bin/../lib/gcc/arm-none-eabi/15.2.1/../../../../arm-none-eabi/lib/thumb/v7-m/nofp\libc_nano.a(libc_a-closer.o)
                              C:/thirdpartyLibs/arm-gnu-toolchain-15.2/bin/../lib/gcc/arm-none-eabi/15.2.1/../../../../arm-none-eabi/lib/thumb/v7-m/nofp\libc_nano.a(libc_a-stdio.o) (_close_r)
C:/thirdpartyLibs/arm-gnu-toolchain-15.2/bin/../lib/gcc/arm-none-eabi/15.2.1/../../../../arm-none-eabi/lib/thumb/v7-m/nofp\libc_nano.a(libc_a-reent.o)
                              C:/thirdpartyLibs/arm-gnu-toolchain-15.2/bin/../lib/gcc/arm-none-eabi/15.2.1/../../../../arm-none-eabi/lib/thumb/v7-m/nofp\libc_nano.a(libc_a-closer.o) (errno)
C:/thirdpartyLibs/arm-gnu-toolchain-15.2/bin/../lib/gcc/arm-none-eabi/15.2.1/../../../../arm-none-eabi/lib/thumb/v7-m/nofp\libc_nano.a(libc_a-impure.o)
                              C:/thirdpartyLibs/arm-gnu-toolchain-15.2/bin/../lib/gcc/arm-none-eabi/15.2.1/../../../../arm-none-eabi/lib/thumb/v7-m/nofp\libc_nano.a(libc_a-reent.o) (_impure_ptr)
C:/thirdpartyLibs/arm-gnu-toolchain-15.2/bin/../lib/gcc/arm-none-eabi/15.2.1/../../../../arm-none-eabi/lib/thumb/v7-m/nofp\libc_nano.a(libc_a-lseekr.o)
                              C:/thirdpartyLibs/arm-gnu-toolchain-15.2/bin/../lib/gcc/arm-none-eabi/15.2.1/../../../../arm-none-eabi/lib/thumb/v7-m/nofp\libc_nano.a(libc_a-stdio.o) (_lseek_r)
C:/thirdpartyLibs/arm-gnu-toolchain-15.2/bin/../lib/gcc/arm-none-eabi/15.2.1/../../../../arm-none-eabi/lib/thumb/v7-m/nofp\libc_nano.a(libc_a-readr.o)
                              C:/thirdpartyLibs/arm-gnu-toolchain-15.2/bin/../lib/gcc/arm-none-eabi/15.2.1/../../../../arm-none-eabi/lib/thumb/v7-m/nofp\libc_nano.a(libc_a-stdio.o) (_read_r)
C:/thirdpartyLibs/arm-gnu-toolchain-15.2/bin/../lib/gcc/arm-none-eabi/15.2.1/../../../../arm-none-eabi/lib/thumb/v7-m/nofp\libc_nano.a(libc_a-writer.o)
                              C:/thirdpartyLibs/arm-gnu-toolchain-15.2/bin/../lib/gcc/arm-none-eabi/15.2.1/../../../../arm-none-eabi/lib/thumb/v7-m/nofp\libc_nano.a(libc_a-stdio.o) (_write_r)
C:/thirdpartyLibs/arm-gnu-toolchain-15.2/bin/../lib/gcc/arm-none-eabi/15.2.1/../../../../arm-none-eabi/lib/thumb/v7-m/nofp\libc_nano.a(libc_a-errno.o)
                              build/sysmem.o (__errno)
C:/thirdpartyLibs/arm-gnu-toolchain-15.2/bin/../lib/gcc/arm-none-eabi/15.2.1/../../../../arm-none-eabi/lib/thumb/v7-m/nofp\libc_nano.a(libc_a-init.o)
                              C:/thirdpartyLibs/arm-gnu-toolchain-15.2/bin/../lib/gcc/arm-none-eabi/15.2.1/../../../../arm-none-eabi/lib/thumb/v7-m/nofp/crt0.o (__libc_init_array)
C:/thirdpartyLibs/arm-gnu-toolchain-15.2/bin/../lib/gcc/arm-none-eabi/15.2.1/../../../../arm-none-eabi/lib/thumb/v7-m/nofp\libc_nano.a(libc_a-lock.o)
                              C:/thirdpartyLibs/arm-gnu-toolchain-15.2/bin/../lib/gcc/arm-none-eabi/15.2.1/../../../../arm-none-eabi/lib/thumb/v7-m/nofp\libc_nano.a(libc_a-findfp.o) (__retarget_lock_init_recursive)
C:/thirdpartyLibs/arm-gnu-toolchain-15.2/bin/../lib/gcc/arm-none-eabi/15.2.1/../../../../arm-none-eabi/lib/thumb/v7-m/nofp\libc_nano.a(libc_a-freer.o)
[...]
Memory Configuration

Name             Origin             Length             Attributes
RAM              0x20000000         0x00005000         xrw
FLASH            0x08000000         0x00010000         xr
*default*        0x00000000         0xffffffff

Linker script and memory map

LOAD C:/thirdpartyLibs/arm-gnu-toolchain-15.2/bin/../lib/gcc/arm-none-eabi/15.2.1/thumb/v7-m/nofp/crti.o
LOAD C:/thirdpartyLibs/arm-gnu-toolchain-15.2/bin/../lib/gcc/arm-none-eabi/15.2.1/thumb/v7-m/nofp/crtbegin.o
LOAD C:/thirdpartyLibs/arm-gnu-toolchain-15.2/bin/../lib/gcc/arm-none-eabi/15.2.1/../../../../arm-none-eabi/lib/thumb/v7-m/nofp/crt0.o
LOAD build/main.o
LOAD build/gpio.o
LOAD build/usart.o
LOAD build/stm32f1xx_it.o
LOAD build/stm32f1xx_hal_msp.o
LOAD build/application.o
LOAD build/utils.o
LOAD build/ws2812.o
LOAD build/stm32f1xx_hal_gpio_ex.o
LOAD build/stm32f1xx_hal_uart.o
LOAD build/stm32f1xx_hal.o
LOAD build/stm32f1xx_hal_rcc.o
LOAD build/stm32f1xx_hal_rcc_ex.o
LOAD build/stm32f1xx_hal_gpio.o
LOAD build/stm32f1xx_hal_dma.o
LOAD build/stm32f1xx_hal_cortex.o
LOAD build/stm32f1xx_hal_pwr.o
LOAD build/stm32f1xx_hal_flash.o
LOAD build/stm32f1xx_hal_flash_ex.o
LOAD build/stm32f1xx_hal_exti.o
LOAD build/system_stm32f1xx.o
LOAD build/sysmem.o
LOAD build/syscalls.o
LOAD build/spi.o
LOAD build/stm32f1xx_hal_spi.o
LOAD build/tim.o
LOAD build/stm32f1xx_hal_tim.o
LOAD build/stm32f1xx_hal_tim_ex.o
LOAD build/dma.o
LOAD build/startup_stm32f103xb.o
LOAD C:/thirdpartyLibs/arm-gnu-toolchain-15.2/bin/../lib/gcc/arm-none-eabi/15.2.1/../../../../arm-none-eabi/lib/thumb/v7-m/nofp\libc_nano.a
LOAD C:/thirdpartyLibs/arm-gnu-toolchain-15.2/bin/../lib/gcc/arm-none-eabi/15.2.1/../../../../arm-none-eabi/lib/thumb/v7-m/nofp\libm.a
LOAD C:/thirdpartyLibs/arm-gnu-toolchain-15.2/bin/../lib/gcc/arm-none-eabi/15.2.1/../../../../arm-none-eabi/lib/thumb/v7-m/nofp\libnosys.a
START GROUP
LOAD C:/thirdpartyLibs/arm-gnu-toolchain-15.2/bin/../lib/gcc/arm-none-eabi/15.2.1/thumb/v7-m/nofp\libgcc.a
LOAD C:/thirdpartyLibs/arm-gnu-toolchain-15.2/bin/../lib/gcc/arm-none-eabi/15.2.1/../../../../arm-none-eabi/lib/thumb/v7-m/nofp\libc_nano.a
END GROUP
START GROUP
LOAD C:/thirdpartyLibs/arm-gnu-toolchain-15.2/bin/../lib/gcc/arm-none-eabi/15.2.1/thumb/v7-m/nofp\libgcc.a
LOAD C:/thirdpartyLibs/arm-gnu-toolchain-15.2/bin/../lib/gcc/arm-none-eabi/15.2.1/../../../../arm-none-eabi/lib/thumb/v7-m/nofp\libc_nano.a
END GROUP
LOAD C:/thirdpartyLibs/arm-gnu-toolchain-15.2/bin/../lib/gcc/arm-none-eabi/15.2.1/thumb/v7-m/nofp/crtend.o
LOAD C:/thirdpartyLibs/arm-gnu-toolchain-15.2/bin/../lib/gcc/arm-none-eabi/15.2.1/thumb/v7-m/nofp/crtn.o
                0x20005000                        _estack = (ORIGIN (RAM) + LENGTH (RAM))
                0x00000200                        _Min_Heap_Size = 0x200
                0x00000400                        _Min_Stack_Size = 0x400

.isr_vector     0x08000000      0x10c
                0x08000000                        . = ALIGN (0x4)
 *(.isr_vector)
 .isr_vector    0x08000000      0x10c build/startup_stm32f103xb.o
                0x08000000                g_pfnVectors
                0x0800010c                        . = ALIGN (0x4)

.text           0x0800010c     0x2810
                0x0800010c                        . = ALIGN (0x4)
 *(.text)
 .text          0x0800010c      0x21c C:/thirdpartyLibs/arm-gnu-toolchain-15.2/bin/../lib/gcc/arm-none-eabi/15.2.1/thumb/v7-m/nofp\libgcc.a(_arm_addsubsf3.o)
                0x0800010c                __aeabi_frsub
                0x08000114                __subsf3
                0x08000114                __aeabi_fsub
                0x08000118                __aeabi_fadd
                0x08000118                __addsf3
                0x08000278                __aeabi_ui2f
                0x08000278                __floatunsisf
                0x08000280                __aeabi_i2f
                0x08000280                __floatsisf
                0x0800029c                __aeabi_ul2f
                0x0800029c                __floatundisf
                0x080002ac                __aeabi_l2f
                0x080002ac                __floatdisf
 *(.text*)
 .text.deregister_tm_clones
                0x08000328       0x1c C:/thirdpartyLibs/arm-gnu-toolchain-15.2/bin/../lib/gcc/arm-none-eabi/15.2.1/thumb/v7-m/nofp/crtbegin.o
 .text.register_tm_clones
                0x08000344       0x24 C:/thirdpartyLibs/arm-gnu-toolchain-15.2/bin/../lib/gcc/arm-none-eabi/15.2.1/thumb/v7-m/nofp/crtbegin.o
 .text.__do_global_dtors_aux
                0x08000368       0x28 C:/thirdpartyLibs/arm-gnu-toolchain-15.2/bin/../lib/gcc/arm-none-eabi/15.2.1/thumb/v7-m/nofp/crtbegin.o
 .text.frame_dummy
                0x08000390       0x24 C:/thirdpartyLibs/arm-gnu-toolchain-15.2/bin/../lib/gcc/arm-none-eabi/15.2.1/thumb/v7-m/nofp/crtbegin.o
 .text.Error_Handler
                0x080003b4        0x4 build/main.o
                0x080003b4                Error_Handler
 .text.SystemClock_Config
                0x080003b8       0x6a build/main.o
                0x080003b8                SystemClock_Config
 *fill*         0x08000422        0x2 
 .text.main     0x08000424       0x48 build/main.o
                0x08000424                main
 .text.MX_GPIO_Init
                0x0800046c       0x60 build/gpio.o
                0x0800046c                MX_GPIO_Init
 .text.MX_USART1_UART_Init
                0x080004cc       0x34 build/usart.o
                0x080004cc                MX_USART1_UART_Init
 .text.MX_USART3_UART_Init
                0x08000500       0x34 build/usart.o
                0x08000500                MX_USART3_UART_Init
 .text.HAL_UART_MspInit
                0x08000534      0x160 build/usart.o
                0x08000534                HAL_UART_MspInit
 .text.NMI_Handler
                0x08000694        0x2 build/stm32f1xx_it.o
                0x08000694                NMI_Handler
 .text.HardFault_Handler
                0x08000696        0x2 build/stm32f1xx_it.o
                0x08000696                HardFault_Handler
 .text.MemManage_Handler
                0x08000698        0x2 build/stm32f1xx_it.o
                0x08000698                MemManage_Handler
 .text.BusFault_Handler
                0x0800069a        0x2 build/stm32f1xx_it.o
                0x0800069a                BusFault_Handler
 .text.UsageFault_Handler
                0x0800069c        0x2 build/stm32f1xx_it.o
                0x0800069c                UsageFault_Handler
 .text.SVC_Handler
                0x0800069e        0x2 build/stm32f1xx_it.o
                0x0800069e                SVC_Handler
 .text.DebugMon_Handler
                0x080006a0        0x2 build/stm32f1xx_it.o
                0x080006a0                DebugMon_Handler
 .text.PendSV_Handler
                0x080006a2        0x2 build/stm32f1xx_it.o
                0x080006a2                PendSV_Handler
 .text.SysTick_Handler
                0x080006a4        0x8 build/stm32f1xx_it.o
                0x080006a4                SysTick_Handler
 .text.DMA1_Channel2_IRQHandler
                0x080006ac       0x10 build/stm32f1xx_it.o
                0x080006ac                DMA1_Channel2_IRQHandler
 .text.DMA1_Channel4_IRQHandler
                0x080006bc       0x10 build/stm32f1xx_it.o
                0x080006bc                DMA1_Channel4_IRQHandler
 .text.DMA1_Channel5_IRQHandler
                0x080006cc       0x10 build/stm32f1xx_it.o
                0x080006cc                DMA1_Channel5_IRQHandler
 .text.TIM2_IRQHandler
                0x080006dc       0x14 build/stm32f1xx_it.o
                0x080006dc                TIM2_IRQHandler
 .text.SPI2_IRQHandler
                0x080006f0       0x10 build/stm32f1xx_it.o
                0x080006f0                SPI2_IRQHandler
 .text.USART1_IRQHandler
                0x08000700       0x10 build/stm32f1xx_it.o
                0x08000700                USART1_IRQHandler
 .text.USART3_IRQHandler
                0x08000710       0x10 build/stm32f1xx_it.o
                0x08000710                USART3_IRQHandler
 .text.HAL_MspInit
                0x08000720       0x44 build/stm32f1xx_hal_msp.o
                0x08000720                HAL_MspInit
 .text.init_keys
                0x08000764       0x38 build/application.o
                0x08000764                init_keys
 .text.init_vofa
                0x0800079c       0x18 build/application.o
                0x0800079c                init_vofa
 .text.loop_report
                0x080007b4       0x64 build/application.o
                0x080007b4                loop_report
 .text.wait_ms  0x08000818       0x14 build/application.o
                0x08000818                wait_ms
 .text.loop_scan_keys
                0x0800082c       0x4c build/application.o
                0x0800082c                loop_scan_keys
 .text.ws2812_refresh
                0x08000878       0x24 build/ws2812.o
                0x08000878                ws2812_refresh
 .text.ws2812_resetbuf
                0x0800089c       0x14 build/ws2812.o
                0x0800089c                ws2812_resetbuf
 .text.ws2812_getData
                0x080008b0       0xce build/ws2812.o
                0x080008b0                ws2812_getData
 *fill*         0x0800097e        0x2 
 .text.ws2812_pure
                0x08000980       0x48 build/ws2812.o
                0x08000980                ws2812_pure
 .text.UART_EndTxTransfer
                0x080009c8       0x20 build/stm32f1xx_hal_uart.o
 .text.UART_EndRxTransfer
                0x080009e8       0x5c build/stm32f1xx_hal_uart.o
 .text.UART_Transmit_IT
                0x08000a44       0x5e build/stm32f1xx_hal_uart.o
 *fill*         0x08000aa2        0x2 
 .text.UART_SetConfig
                0x08000aa4       0x94 build/stm32f1xx_hal_uart.o
 .text.HAL_UART_Init
                0x08000b38       0x60 build/stm32f1xx_hal_uart.o
                0x08000b38                HAL_UART_Init
 .text.HAL_UART_Transmit_DMA
                0x08000b98       0x8c build/stm32f1xx_hal_uart.o
                0x08000b98                HAL_UART_Transmit_DMA
 .text.HAL_UART_TxCpltCallback
                0x08000c24        0x2 build/stm32f1xx_hal_uart.o
                0x08000c24                HAL_UART_TxCpltCallback
 .text.UART_DMATransmitCplt
                0x08000c26       0x4c build/stm32f1xx_hal_uart.o
 .text.UART_EndTransmit_IT
                0x08000c72       0x1a build/stm32f1xx_hal_uart.o
 .text.HAL_UART_TxHalfCpltCallback
                0x08000c8c        0x2 build/stm32f1xx_hal_uart.o
                0x08000c8c                HAL_UART_TxHalfCpltCallback
 .text.UART_DMATxHalfCplt
                0x08000c8e        0xa build/stm32f1xx_hal_uart.o
 .text.HAL_UART_RxCpltCallback
                0x08000c98        0x2 build/stm32f1xx_hal_uart.o
                0x08000c98                HAL_UART_RxCpltCallback
 .text.HAL_UART_ErrorCallback
                0x08000c9a        0x2 build/stm32f1xx_hal_uart.o
                0x08000c9a                HAL_UART_ErrorCallback
 .text.UART_DMAError
                0x08000c9c       0x54 build/stm32f1xx_hal_uart.o
 .text.UART_DMAAbortOnError
                0x08000cf0       0x10 build/stm32f1xx_hal_uart.o
 .text.HAL_UARTEx_RxEventCallback
                0x08000d00        0x2 build/stm32f1xx_hal_uart.o
                0x08000d00                HAL_UARTEx_RxEventCallback
 .text.UART_Receive_IT
                0x08000d02       0xe0 build/stm32f1xx_hal_uart.o
 *fill*         0x08000de2        0x2 
 .text.HAL_UART_IRQHandler
                0x08000de4      0x280 build/stm32f1xx_hal_uart.o
                0x08000de4                HAL_UART_IRQHandler
 .text.HAL_InitTick
                0x08001064       0x4c build/stm32f1xx_hal.o
                0x08001064                HAL_InitTick
 .text.HAL_Init
                0x080010b0       0x24 build/stm32f1xx_hal.o
                0x080010b0                HAL_Init
 .text.HAL_IncTick
                0x080010d4       0x18 build/stm32f1xx_hal.o
                0x080010d4                HAL_IncTick
 .text.HAL_GetTick
                0x080010ec        0xc build/stm32f1xx_hal.o
                0x080010ec                HAL_GetTick
 .text.RCC_Delay
                0x080010f8       0x2c build/stm32f1xx_hal_rcc.o
 .text.HAL_RCC_OscConfig
                0x08001124      0x414 build/stm32f1xx_hal_rcc.o
                0x08001124                HAL_RCC_OscConfig
 .text.HAL_RCC_GetSysClockFreq
                0x08001538       0x54 build/stm32f1xx_hal_rcc.o
                0x08001538                HAL_RCC_GetSysClockFreq
 .text.HAL_RCC_ClockConfig
                0x0800158c      0x16c build/stm32f1xx_hal_rcc.o
                0x0800158c                HAL_RCC_ClockConfig
 .text.HAL_RCC_GetHCLKFreq
                0x080016f8        0xc build/stm32f1xx_hal_rcc.o
                0x080016f8                HAL_RCC_GetHCLKFreq
 .text.HAL_RCC_GetPCLK1Freq
                0x08001704       0x20 build/stm32f1xx_hal_rcc.o
                0x08001704                HAL_RCC_GetPCLK1Freq
 .text.HAL_RCC_GetPCLK2Freq
                0x08001724       0x20 build/stm32f1xx_hal_rcc.o
                0x08001724                HAL_RCC_GetPCLK2Freq
 .text.HAL_GPIO_Init
                0x08001744      0x1e4 build/stm32f1xx_hal_gpio.o
                0x08001744                HAL_GPIO_Init
 .text.HAL_GPIO_ReadPin
                0x08001928        0xe build/stm32f1xx_hal_gpio.o
                0x08001928                HAL_GPIO_ReadPin
 .text.DMA_SetConfig
                0x08001936       0x38 build/stm32f1xx_hal_dma.o
 *fill*         0x0800196e        0x2 
 .text.HAL_DMA_Init
                0x08001970       0x68 build/stm32f1xx_hal_dma.o
                0x08001970                HAL_DMA_Init
 .text.HAL_DMA_Start_IT
                0x080019d8       0x7a build/stm32f1xx_hal_dma.o
                0x080019d8                HAL_DMA_Start_IT
 .text.HAL_DMA_Abort
                0x08001a52       0x44 build/stm32f1xx_hal_dma.o
                0x08001a52                HAL_DMA_Abort
 *fill*         0x08001a96        0x2 
 .text.HAL_DMA_Abort_IT
                0x08001a98       0x98 build/stm32f1xx_hal_dma.o
                0x08001a98                HAL_DMA_Abort_IT
 .text.HAL_DMA_IRQHandler
                0x08001b30      0x158 build/stm32f1xx_hal_dma.o
                0x08001b30                HAL_DMA_IRQHandler
 .text.__NVIC_SetPriority
                0x08001c88       0x28 build/stm32f1xx_hal_cortex.o
 .text.NVIC_EncodePriority
                0x08001cb0       0x46 build/stm32f1xx_hal_cortex.o
 *fill*         0x08001cf6        0x2 
 .text.HAL_NVIC_SetPriorityGrouping
                0x08001cf8       0x24 build/stm32f1xx_hal_cortex.o
                0x08001cf8                HAL_NVIC_SetPriorityGrouping
 .text.HAL_NVIC_SetPriority
                0x08001d1c       0x20 build/stm32f1xx_hal_cortex.o
                0x08001d1c                HAL_NVIC_SetPriority
 .text.HAL_NVIC_EnableIRQ
                0x08001d3c       0x1c build/stm32f1xx_hal_cortex.o
                0x08001d3c                HAL_NVIC_EnableIRQ
 .text.HAL_SYSTICK_Config
                0x08001d58       0x28 build/stm32f1xx_hal_cortex.o
                0x08001d58                HAL_SYSTICK_Config
 .text.SystemInit
                0x08001d80        0x2 build/system_stm32f1xx.o
                0x08001d80                SystemInit
 *fill*         0x08001d82        0x2 
 .text.MX_SPI2_Init
                0x08001d84       0x44 build/spi.o
                0x08001d84                MX_SPI2_Init
 .text.HAL_SPI_MspInit
                0x08001dc8       0xa8 build/spi.o
                0x08001dc8                HAL_SPI_MspInit
 .text.SPI_WaitFlagStateUntilTimeout
                0x08001e70       0xc8 build/stm32f1xx_hal_spi.o
 .text.SPI_EndRxTxTransaction
                0x08001f38       0x44 build/stm32f1xx_hal_spi.o
 .text.HAL_SPI_Init
                0x08001f7c       0xb6 build/stm32f1xx_hal_spi.o
                0x08001f7c                HAL_SPI_Init
 *fill*         0x08002032        0x2 
 .text.HAL_SPI_Transmit_DMA
                0x08002034       0xe0 build/stm32f1xx_hal_spi.o
                0x08002034                HAL_SPI_Transmit_DMA
 .text.HAL_SPI_TxCpltCallback
                0x08002114        0x2 build/stm32f1xx_hal_spi.o
                0x08002114                HAL_SPI_TxCpltCallback
 .text.HAL_SPI_TxHalfCpltCallback
                0x08002116        0x2 build/stm32f1xx_hal_spi.o
                0x08002116                HAL_SPI_TxHalfCpltCallback
 .text.SPI_DMAHalfTransmitCplt
                0x08002118        0xa build/stm32f1xx_hal_spi.o
 .text.HAL_SPI_ErrorCallback
                0x08002122        0x2 build/stm32f1xx_hal_spi.o
                0x08002122                HAL_SPI_ErrorCallback
 .text.SPI_DMAError
                0x08002124       0x22 build/stm32f1xx_hal_spi.o
 .text.SPI_DMATransmitCplt
                0x08002146       0x70 build/stm32f1xx_hal_spi.o
 *fill*         0x080021b6        0x2 
 .text.HAL_SPI_IRQHandler
                0x080021b8      0x110 build/stm32f1xx_hal_spi.o
                0x080021b8                HAL_SPI_IRQHandler
 .text.SPI_DMAAbortOnError
                0x080022c8       0x10 build/stm32f1xx_hal_spi.o
 .text.HAL_SPI_GetState
                0x080022d8        0x6 build/stm32f1xx_hal_spi.o
                0x080022d8                HAL_SPI_GetState
 *fill*         0x080022de        0x2 
 .text.MX_TIM2_Init
                0x080022e0       0x6c build/tim.o
                0x080022e0                MX_TIM2_Init
 .text.HAL_TIM_Base_MspInit
                0x0800234c       0x38 build/tim.o
                0x0800234c                HAL_TIM_Base_MspInit
 .text.TIM_TI1_ConfigInputStage
                0x08002384       0x26 build/stm32f1xx_hal_tim.o
 .text.TIM_TI2_ConfigInputStage
                0x080023aa       0x28 build/stm32f1xx_hal_tim.o
 .text.TIM_ITRx_SetConfig
                0x080023d2       0x10 build/stm32f1xx_hal_tim.o
 *fill*         0x080023e2        0x2 
 .text.HAL_TIM_Base_Start_IT
                0x080023e4       0x64 build/stm32f1xx_hal_tim.o
                0x080023e4                HAL_TIM_Base_Start_IT
 .text.HAL_TIM_PeriodElapsedCallback
                0x08002448        0x2 build/stm32f1xx_hal_tim.o
                0x08002448                HAL_TIM_PeriodElapsedCallback
 .text.HAL_TIM_OC_DelayElapsedCallback
                0x0800244a        0x2 build/stm32f1xx_hal_tim.o
                0x0800244a                HAL_TIM_OC_DelayElapsedCallback
 .text.HAL_TIM_IC_CaptureCallback
                0x0800244c        0x2 build/stm32f1xx_hal_tim.o
                0x0800244c                HAL_TIM_IC_CaptureCallback
 .text.HAL_TIM_PWM_PulseFinishedCallback
                0x0800244e        0x2 build/stm32f1xx_hal_tim.o
                0x0800244e                HAL_TIM_PWM_PulseFinishedCallback
 .text.HAL_TIM_TriggerCallback
                0x08002450        0x2 build/stm32f1xx_hal_tim.o
                0x08002450                HAL_TIM_TriggerCallback
 .text.HAL_TIM_IRQHandler
                0x08002452      0x15e build/stm32f1xx_hal_tim.o
                0x08002452                HAL_TIM_IRQHandler
 .text.TIM_Base_SetConfig
                0x080025b0       0x84 build/stm32f1xx_hal_tim.o
                0x080025b0                TIM_Base_SetConfig
 .text.HAL_TIM_Base_Init
                0x08002634       0x58 build/stm32f1xx_hal_tim.o
                0x08002634                HAL_TIM_Base_Init
 .text.TIM_ETR_SetConfig
                0x0800268c       0x16 build/stm32f1xx_hal_tim.o
                0x0800268c                TIM_ETR_SetConfig
 .text.HAL_TIM_ConfigClockSource
                0x080026a2       0xfe build/stm32f1xx_hal_tim.o
                0x080026a2                HAL_TIM_ConfigClockSource
 .text.HAL_TIMEx_MasterConfigSynchronization
                0x080027a0       0x6c build/stm32f1xx_hal_tim_ex.o
                0x080027a0                HAL_TIMEx_MasterConfigSynchronization
 .text.HAL_TIMEx_CommutCallback
                0x0800280c        0x2 build/stm32f1xx_hal_tim_ex.o
                0x0800280c                HAL_TIMEx_CommutCallback
 .text.HAL_TIMEx_BreakCallback
                0x0800280e        0x2 build/stm32f1xx_hal_tim_ex.o
                0x0800280e                HAL_TIMEx_BreakCallback
 .text.MX_DMA_Init
                0x08002810       0x50 build/dma.o
                0x08002810                MX_DMA_Init
 .text.Reset_Handler
                0x08002860       0x48 build/startup_stm32f103xb.o
                0x08002860                Reset_Handler
 .text.Default_Handler
                0x080028a8        0x2 build/startup_stm32f103xb.o
                0x080028a8                RTC_Alarm_IRQHandler
                0x080028a8                EXTI2_IRQHandler
                0x080028a8                TIM1_CC_IRQHandler
                0x080028a8                PVD_IRQHandler
                0x080028a8                EXTI3_IRQHandler
                0x080028a8                EXTI0_IRQHandler
                0x080028a8                I2C2_EV_IRQHandler
                0x080028a8                ADC1_2_IRQHandler
                0x080028a8                SPI1_IRQHandler
                0x080028a8                TAMPER_IRQHandler
                0x080028a8                RTC_IRQHandler
                0x080028a8                DMA1_Channel7_IRQHandler
                0x080028a8                CAN1_RX1_IRQHandler
                0x080028a8                TIM4_IRQHandler
                0x080028a8                I2C1_EV_IRQHandler
                0x080028a8                DMA1_Channel6_IRQHandler
                0x080028a8                TIM3_IRQHandler
                0x080028a8                RCC_IRQHandler
                0x080028a8                TIM1_TRG_COM_IRQHandler
                0x080028a8                DMA1_Channel1_IRQHandler
                0x080028a8                Default_Handler
                0x080028a8                EXTI15_10_IRQHandler
                0x080028a8                EXTI9_5_IRQHandler
                0x080028a8                EXTI4_IRQHandler
                0x080028a8                USB_LP_CAN1_RX0_IRQHandler
                0x080028a8                USB_HP_CAN1_TX_IRQHandler
                0x080028a8                DMA1_Channel3_IRQHandler
                0x080028a8                TIM1_UP_IRQHandler
                0x080028a8                WWDG_IRQHandler
                0x080028a8                TIM1_BRK_IRQHandler
                0x080028a8                EXTI1_IRQHandler
                0x080028a8                USART2_IRQHandler
                0x080028a8                I2C2_ER_IRQHandler
                0x080028a8                CAN1_SCE_IRQHandler
                0x080028a8                FLASH_IRQHandler
                0x080028a8                I2C1_ER_IRQHandler
                0x080028a8                USBWakeUp_IRQHandler
 .text.memset   0x080028aa       0x10 C:/thirdpartyLibs/arm-gnu-toolchain-15.2/bin/../lib/gcc/arm-none-eabi/15.2.1/../../../../arm-none-eabi/lib/thumb/v7-m/nofp\libc_nano.a(libc_a-memset.o)
                0x080028aa                memset
 *fill*         0x080028ba        0x2 
 .text.__libc_init_array
                0x080028bc       0x48 C:/thirdpartyLibs/arm-gnu-toolchain-15.2/bin/../lib/gcc/arm-none-eabi/15.2.1/../../../../arm-none-eabi/lib/thumb/v7-m/nofp\libc_nano.a(libc_a-init.o)
                0x080028bc                __libc_init_array
 *(.glue_7)
 .glue_7        0x08002904        0x0 linker stubs
 *(.glue_7t)
 .glue_7t       0x08002904        0x0 linker stubs
 *(.eh_frame)
 .eh_frame      0x08002904        0x0 C:/thirdpartyLibs/arm-gnu-toolchain-15.2/bin/../lib/gcc/arm-none-eabi/15.2.1/thumb/v7-m/nofp/crtbegin.o
 *(.init)
 .init          0x08002904        0x4 C:/thirdpartyLibs/arm-gnu-toolchain-15.2/bin/../lib/gcc/arm-none-eabi/15.2.1/thumb/v7-m/nofp/crti.o
                0x08002904                _init
 .init          0x08002908        0x8 C:/thirdpartyLibs/arm-gnu-toolchain-15.2/bin/../lib/gcc/arm-none-eabi/15.2.1/thumb/v7-m/nofp/crtn.o
 *(.fini)
 .fini          0x08002910        0x4 C:/thirdpartyLibs/arm-gnu-toolchain-15.2/bin/../lib/gcc/arm-none-eabi/15.2.1/thumb/v7-m/nofp/crti.o
                0x08002910                _fini
 .fini          0x08002914        0x8 C:/thirdpartyLibs/arm-gnu-toolchain-15.2/bin/../lib/gcc/arm-none-eabi/15.2.1/thumb/v7-m/nofp/crtn.o
                0x0800291c                        . = ALIGN (0x4)
                0x0800291c                        _etext = .

.vfp11_veneer   0x0800291c        0x0
 .vfp11_veneer  0x0800291c        0x0 linker stubs

.v4_bx          0x0800291c        0x0
 .v4_bx         0x0800291c        0x0 linker stubs

.iplt           0x0800291c        0x0
 .iplt          0x0800291c        0x0 C:/thirdpartyLibs/arm-gnu-toolchain-15.2/bin/../lib/gcc/arm-none-eabi/15.2.1/thumb/v7-m/nofp/crtbegin.o

.rodata         0x0800291c       0x2c
                0x0800291c                        . = ALIGN (0x4)
 *(.rodata)
 *(.rodata*)
 .rodata.aPredivFactorTable.0
                0x0800291c        0x2 build/stm32f1xx_hal_rcc.o
 *fill*         0x0800291e        0x2 
 .rodata.aPLLMULFactorTable.1
                0x08002920       0x10 build/stm32f1xx_hal_rcc.o
 .rodata.APBPrescTable
                0x08002930        0x8 build/system_stm32f1xx.o
                0x08002930                APBPrescTable
 .rodata.AHBPrescTable
                0x08002938       0x10 build/system_stm32f1xx.o
                0x08002938                AHBPrescTable
                0x08002948                        . = ALIGN (0x4)

.ARM.extab      0x08002948        0x0
                0x08002948                        . = ALIGN (0x4)
 *(.ARM.extab* .gnu.linkonce.armextab.*)
                0x08002948                        . = ALIGN (0x4)

.ARM            0x08002948        0x0
                0x08002948                        . = ALIGN (0x4)
                0x08002948                        __exidx_start = .
 *(.ARM.exidx*)
                0x08002948                        __exidx_end = .
                0x08002948                        . = ALIGN (0x4)

.preinit_array  0x08002948        0x0
                0x08002948                        . = ALIGN (0x4)
                0x08002948                        PROVIDE (__preinit_array_start = .)
 *(.preinit_array*)
                0x08002948                        PROVIDE (__preinit_array_end = .)
                0x08002948                        . = ALIGN (0x4)

.init_array     0x08002948        0x4
                0x08002948                        . = ALIGN (0x4)
                0x08002948                        PROVIDE (__init_array_start = .)
 *(SORT_BY_NAME(.init_array.*))
 *(.init_array*)
 .init_array    0x08002948        0x4 C:/thirdpartyLibs/arm-gnu-toolchain-15.2/bin/../lib/gcc/arm-none-eabi/15.2.1/thumb/v7-m/nofp/crtbegin.o
                0x0800294c                        PROVIDE (__init_array_end = .)
                0x0800294c                        . = ALIGN (0x4)

.fini_array     0x0800294c        0x4
                0x0800294c                        . = ALIGN (0x4)
                [!provide]                        PROVIDE (__fini_array_start = .)
 *(SORT_BY_NAME(.fini_array.*))
 *(.fini_array*)
 .fini_array    0x0800294c        0x4 C:/thirdpartyLibs/arm-gnu-toolchain-15.2/bin/../lib/gcc/arm-none-eabi/15.2.1/thumb/v7-m/nofp/crtbegin.o
                [!provide]                        PROVIDE (__fini_array_end = .)
                0x08002950                        . = ALIGN (0x4)
                0x08002950                        _sidata = LOADADDR (.data)

.rel.dyn        0x08002950        0x0
 .rel.iplt      0x08002950        0x0 C:/thirdpartyLibs/arm-gnu-toolchain-15.2/bin/../lib/gcc/arm-none-eabi/15.2.1/thumb/v7-m/nofp/crtbegin.o

.data           0x20000000        0xc load address 0x08002950
                0x20000000                        . = ALIGN (0x4)
                0x20000000                        _sdata = .
 *(.data)
 *(.data*)
 .data.uwTickFreq
                0x20000000        0x1 build/stm32f1xx_hal.o
                0x20000000                uwTickFreq
 *fill*         0x20000001        0x3 
 .data.uwTickPrio
                0x20000004        0x4 build/stm32f1xx_hal.o
                0x20000004                uwTickPrio
 .data.SystemCoreClock
                0x20000008        0x4 build/system_stm32f1xx.o
                0x20000008                SystemCoreClock
 *(.RamFunc)
 *(.RamFunc*)
                0x2000000c                        . = ALIGN (0x4)
                0x2000000c                        _edata = .

.tm_clone_table
                0x2000000c        0x0 load address 0x0800295c
 .tm_clone_table
                0x2000000c        0x0 C:/thirdpartyLibs/arm-gnu-toolchain-15.2/bin/../lib/gcc/arm-none-eabi/15.2.1/thumb/v7-m/nofp/crtbegin.o
 .tm_clone_table
                0x2000000c        0x0 C:/thirdpartyLibs/arm-gnu-toolchain-15.2/bin/../lib/gcc/arm-none-eabi/15.2.1/thumb/v7-m/nofp/crtend.o

.igot.plt       0x2000000c        0x0 load address 0x0800295c
 .igot.plt      0x2000000c        0x0 C:/thirdpartyLibs/arm-gnu-toolchain-15.2/bin/../lib/gcc/arm-none-eabi/15.2.1/thumb/v7-m/nofp/crtbegin.o
                0x2000000c                        . = ALIGN (0x4)

.bss            0x2000000c      0x314 load address 0x0800295c
                0x2000000c                        _sbss = .
                0x2000000c                        __bss_start__ = _sbss
 *(.bss)
 *(.bss*)
 .bss.completed.1
                0x2000000c        0x1 C:/thirdpartyLibs/arm-gnu-toolchain-15.2/bin/../lib/gcc/arm-none-eabi/15.2.1/thumb/v7-m/nofp/crtbegin.o
 *fill*         0x2000000d        0x3 
 .bss.object.0  0x20000010       0x18 C:/thirdpartyLibs/arm-gnu-toolchain-15.2/bin/../lib/gcc/arm-none-eabi/15.2.1/thumb/v7-m/nofp/crtbegin.o
 .bss.hdma_usart3_tx
                0x20000028       0x44 build/usart.o
                0x20000028                hdma_usart3_tx
 .bss.hdma_usart1_tx
                0x2000006c       0x44 build/usart.o
                0x2000006c                hdma_usart1_tx
 .bss.huart3    0x200000b0       0x48 build/usart.o
                0x200000b0                huart3
 .bss.huart1    0x200000f8       0x48 build/usart.o
                0x200000f8                huart1
 .bss.ms_counter
                0x20000140        0x4 build/application.o
                0x20000140                ms_counter
 .bss.vofa      0x20000144       0x18 build/application.o
                0x20000144                vofa
 .bss.Keys_pressed
                0x2000015c        0x3 build/application.o
                0x2000015c                Keys_pressed
 *fill*         0x2000015f        0x1 
 .bss.Keys      0x20000160       0x3c build/application.o
                0x20000160                Keys
 .bss.ws2812_spibuf
                0x2000019c       0x9c build/ws2812.o
                0x2000019c                ws2812_spibuf
 .bss.uwTick    0x20000238        0x4 build/stm32f1xx_hal.o
                0x20000238                uwTick
 .bss.hdma_spi2_tx
                0x2000023c       0x44 build/spi.o
                0x2000023c                hdma_spi2_tx
 .bss.hspi2     0x20000280       0x58 build/spi.o
                0x20000280                hspi2
 .bss.htim2     0x200002d8       0x48 build/tim.o
                0x200002d8                htim2
 *(COMMON)
                0x20000320                        . = ALIGN (0x4)
                0x20000320                        _ebss = .
                0x20000320                        __bss_end__ = _ebss

._user_heap_stack
                0x20000320      0x600 load address 0x0800295c
                0x20000320                        . = ALIGN (0x8)
                [!provide]                        PROVIDE (end = .)
                0x20000320                        PROVIDE (_end = .)
                0x20000520                        . = (. + _Min_Heap_Size)
 *fill*         0x20000320      0x200 
                0x20000920                        . = (. + _Min_Stack_Size)
 *fill*         0x20000520      0x400 
                0x20000920                        . = ALIGN (0x8)

/DISCARD/
 libc.a(*)
 libm.a(*)
 libgcc.a(*)
OUTPUT(build/custom_keyboard.elf elf32-littlearm)
LOAD linker stubs
LOAD C:/thirdpartyLibs/arm-gnu-toolchain-15.2/bin/../lib/gcc/arm-none-eabi/15.2.1/../../../../arm-none-eabi/lib/thumb/v7-m/nofp\libc.a
LOAD C:/thirdpartyLibs/arm-gnu-toolchain-15.2/bin/../lib/gcc/arm-none-eabi/15.2.1/../../../../arm-none-eabi/lib/thumb/v7-m/nofp\libm.a
LOAD C:/thirdpartyLibs/arm-gnu-toolchain-15.2/bin/../lib/gcc/arm-none-eabi/15.2.1/thumb/v7-m/nofp\libgcc.a

.ARM.attributes
                0x00000000       0x29
 .ARM.attributes
                0x00000000       0x1d C:/thirdpartyLibs/arm-gnu-toolchain-15.2/bin/../lib/gcc/arm-none-eabi/15.2.1/thumb/v7-m/nofp/crti.o
 .ARM.attributes
                0x0000001d       0x2d C:/thirdpartyLibs/arm-gnu-toolchain-15.2/bin/../lib/gcc/arm-none-eabi/15.2.1/thumb/v7-m/nofp/crtbegin.o
 .ARM.attributes
                0x0000004a       0x2d build/main.o
 .ARM.attributes
                0x00000077       0x2d build/gpio.o
 .ARM.attributes
                0x000000a4       0x2d build/usart.o
 .ARM.attributes
                0x000000d1       0x2d build/stm32f1xx_it.o
 .ARM.attributes
                0x000000fe       0x2d build/stm32f1xx_hal_msp.o
 .ARM.attributes
                0x0000012b       0x2d build/application.o
 .ARM.attributes
                0x00000158       0x2d build/ws2812.o
 .ARM.attributes
                0x00000185       0x2d build/stm32f1xx_hal_uart.o
 .ARM.attributes
                0x000001b2       0x2d build/stm32f1xx_hal.o
 .ARM.attributes
                0x000001df       0x2d build/stm32f1xx_hal_rcc.o
 .ARM.attributes
                0x0000020c       0x2d build/stm32f1xx_hal_gpio.o
 .ARM.attributes
                0x00000239       0x2d build/stm32f1xx_hal_dma.o
 .ARM.attributes
                0x00000266       0x2d build/stm32f1xx_hal_cortex.o
 .ARM.attributes
                0x00000293       0x2d build/system_stm32f1xx.o
 .ARM.attributes
                0x000002c0       0x2d build/spi.o
 .ARM.attributes
                0x000002ed       0x2d build/stm32f1xx_hal_spi.o
 .ARM.attributes
                0x0000031a       0x2d build/tim.o
 .ARM.attributes
                0x00000347       0x2d build/stm32f1xx_hal_tim.o
 .ARM.attributes
                0x00000374       0x2d build/stm32f1xx_hal_tim_ex.o
 .ARM.attributes
                0x000003a1       0x2d build/dma.o
 .ARM.attributes
                0x000003ce       0x21 build/startup_stm32f103xb.o
 .ARM.attributes
                0x000003ef       0x2d C:/thirdpartyLibs/arm-gnu-toolchain-15.2/bin/../lib/gcc/arm-none-eabi/15.2.1/../../../../arm-none-eabi/lib/thumb/v7-m/nofp\libc_nano.a(libc_a-memset.o)
 .ARM.attributes
                0x0000041c       0x2d C:/thirdpartyLibs/arm-gnu-toolchain-15.2/bin/../lib/gcc/arm-none-eabi/15.2.1/../../../../arm-none-eabi/lib/thumb/v7-m/nofp\libc_nano.a(libc_a-init.o)
 .ARM.attributes
                0x00000449       0x1d C:/thirdpartyLibs/arm-gnu-toolchain-15.2/bin/../lib/gcc/arm-none-eabi/15.2.1/thumb/v7-m/nofp\libgcc.a(_arm_addsubsf3.o)
 .ARM.attributes
                0x00000466       0x2d C:/thirdpartyLibs/arm-gnu-toolchain-15.2/bin/../lib/gcc/arm-none-eabi/15.2.1/thumb/v7-m/nofp/crtend.o
 .ARM.attributes
                0x00000493       0x1d C:/thirdpartyLibs/arm-gnu-toolchain-15.2/bin/../lib/gcc/arm-none-eabi/15.2.1/thumb/v7-m/nofp/crtn.o

.comment        0x00000000       0x45
 .comment       0x00000000       0x45 build/main.o
                                 0x46 (size before relaxing)
 .comment       0x00000045        0x0 build/gpio.o
                                 0x46 (size before relaxing)
 .comment       0x00000045        0x0 build/usart.o
                                 0x46 (size before relaxing)
 .comment       0x00000045        0x0 build/stm32f1xx_it.o
                                 0x46 (size before relaxing)
 .comment       0x00000045        0x0 build/stm32f1xx_hal_msp.o
                                 0x46 (size before relaxing)
 .comment       0x00000045        0x0 build/application.o
                                 0x46 (size before relaxing)
 .comment       0x00000045        0x0 build/ws2812.o
                                 0x46 (size before relaxing)
 .comment       0x00000045        0x0 build/stm32f1xx_hal_uart.o
                                 0x46 (size before relaxing)
 .comment       0x00000045        0x0 build/stm32f1xx_hal.o
                                 0x46 (size before relaxing)
 .comment       0x00000045        0x0 build/stm32f1xx_hal_rcc.o
                                 0x46 (size before relaxing)
 .comment       0x00000045        0x0 build/stm32f1xx_hal_gpio.o
                                 0x46 (size before relaxing)
 .comment       0x00000045        0x0 build/stm32f1xx_hal_dma.o
                                 0x46 (size before relaxing)
 .comment       0x00000045        0x0 build/stm32f1xx_hal_cortex.o
                                 0x46 (size before relaxing)
 .comment       0x00000045        0x0 build/system_stm32f1xx.o
                                 0x46 (size before relaxing)
 .comment       0x00000045        0x0 build/spi.o
                                 0x46 (size before relaxing)
 .comment       0x00000045        0x0 build/stm32f1xx_hal_spi.o
                                 0x46 (size before relaxing)
 .comment       0x00000045        0x0 build/tim.o
                                 0x46 (size before relaxing)
 .comment       0x00000045        0x0 build/stm32f1xx_hal_tim.o
                                 0x46 (size before relaxing)
 .comment       0x00000045        0x0 build/stm32f1xx_hal_tim_ex.o
                                 0x46 (size before relaxing)
 .comment       0x00000045        0x0 build/dma.o
                                 0x46 (size before relaxing)

.debug_info     0x00000000    0x15078
 .debug_info    0x00000000      0xac6 build/main.o
 .debug_info    0x00000ac6      0x2fa build/gpio.o
 .debug_info    0x00000dc0      0xd0e build/usart.o
 .debug_info    0x00001ace      0xef2 build/stm32f1xx_it.o
 .debug_info    0x000029c0      0x238 build/stm32f1xx_hal_msp.o
 .debug_info    0x00002bf8      0xc98 build/application.o
 .debug_info    0x00003890      0xc26 build/ws2812.o
 .debug_info    0x000044b6     0x3f51 build/stm32f1xx_hal_uart.o
 .debug_info    0x00008407      0x87b build/stm32f1xx_hal.o
 .debug_info    0x00008c82      0xb10 build/stm32f1xx_hal_rcc.o
 .debug_info    0x00009792      0x6d7 build/stm32f1xx_hal_gpio.o
 .debug_info    0x00009e69      0x8da build/stm32f1xx_hal_dma.o
 .debug_info    0x0000a743      0xe3f build/stm32f1xx_hal_cortex.o
 .debug_info    0x0000b582      0x26e build/system_stm32f1xx.o
 .debug_info    0x0000b7f0      0xbb4 build/spi.o
 .debug_info    0x0000c3a4     0x1e43 build/stm32f1xx_hal_spi.o
 .debug_info    0x0000e1e7      0xb8b build/tim.o
 .debug_info    0x0000ed72     0x41d9 build/stm32f1xx_hal_tim.o
 .debug_info    0x00012f4b     0x1d68 build/stm32f1xx_hal_tim_ex.o
 .debug_info    0x00014cb3      0x395 build/dma.o
 .debug_info    0x00015048       0x30 build/startup_stm32f103xb.o

.debug_abbrev   0x00000000     0x2cbe
 .debug_abbrev  0x00000000      0x250 build/main.o
 .debug_abbrev  0x00000250      0x125 build/gpio.o
 .debug_abbrev  0x00000375      0x22e build/usart.o
 .debug_abbrev  0x000005a3      0x1d7 build/stm32f1xx_it.o
 .debug_abbrev  0x0000077a       0xe7 build/stm32f1xx_hal_msp.o
 .debug_abbrev  0x00000861      0x24f build/application.o
 .debug_abbrev  0x00000ab0      0x26b build/ws2812.o
 .debug_abbrev  0x00000d1b      0x363 build/stm32f1xx_hal_uart.o
 .debug_abbrev  0x0000107e      0x232 build/stm32f1xx_hal.o
 .debug_abbrev  0x000012b0      0x2d6 build/stm32f1xx_hal_rcc.o
 .debug_abbrev  0x00001586      0x222 build/stm32f1xx_hal_gpio.o
 .debug_abbrev  0x000017a8      0x261 build/stm32f1xx_hal_dma.o
 .debug_abbrev  0x00001a09      0x3aa build/stm32f1xx_hal_cortex.o
 .debug_abbrev  0x00001db3      0x140 build/system_stm32f1xx.o
 .debug_abbrev  0x00001ef3      0x22e build/spi.o
 .debug_abbrev  0x00002121      0x2be build/stm32f1xx_hal_spi.o
 .debug_abbrev  0x000023df      0x231 build/tim.o
 .debug_abbrev  0x00002610      0x2bd build/stm32f1xx_hal_tim.o
 .debug_abbrev  0x000028cd      0x2b7 build/stm32f1xx_hal_tim_ex.o
 .debug_abbrev  0x00002b84      0x11d build/dma.o
 .debug_abbrev  0x00002ca1       0x1d build/startup_stm32f103xb.o

.debug_loc      0x00000000    0x11ea9
 .debug_loc     0x00000000       0x66 build/main.o
 .debug_loc     0x00000066       0x38 build/gpio.o
 .debug_loc     0x0000009e      0x150 build/usart.o
 .debug_loc     0x000001ee      0x100 build/stm32f1xx_it.o
 .debug_loc     0x000002ee       0x41 build/stm32f1xx_hal_msp.o
 .debug_loc     0x0000032f       0xb8 build/application.o
 .debug_loc     0x000003e7      0x583 build/ws2812.o
 .debug_loc     0x0000096a     0x4715 build/stm32f1xx_hal_uart.o
 .debug_loc     0x0000507f      0x1f9 build/stm32f1xx_hal.o
 .debug_loc     0x00005278      0x7c6 build/stm32f1xx_hal_rcc.o
 .debug_loc     0x00005a3e      0x538 build/stm32f1xx_hal_gpio.o
 .debug_loc     0x00005f76      0x97f build/stm32f1xx_hal_dma.o
 .debug_loc     0x000068f5      0x84b build/stm32f1xx_hal_cortex.o
 .debug_loc     0x00007140      0x11b build/system_stm32f1xx.o
 .debug_loc     0x0000725b      0x101 build/spi.o
 .debug_loc     0x0000735c     0x24fd build/stm32f1xx_hal_spi.o
 .debug_loc     0x00009859      0x115 build/tim.o
 .debug_loc     0x0000996e     0x61e6 build/stm32f1xx_hal_tim.o
 .debug_loc     0x0000fb54     0x231d build/stm32f1xx_hal_tim_ex.o
 .debug_loc     0x00011e71       0x38 build/dma.o

.debug_aranges  0x00000000      0xec0
 .debug_aranges
                0x00000000       0x30 build/main.o
 .debug_aranges
                0x00000030       0x20 build/gpio.o
 .debug_aranges
                0x00000050       0x38 build/usart.o
 .debug_aranges
                0x00000088       0x98 build/stm32f1xx_it.o
 .debug_aranges
                0x00000120       0x20 build/stm32f1xx_hal_msp.o
 .debug_aranges
                0x00000140       0x48 build/application.o
 .debug_aranges
                0x00000188       0x50 build/ws2812.o
 .debug_aranges
                0x000001d8      0x208 build/stm32f1xx_hal_uart.o
 .debug_aranges
                0x000003e0       0xe0 build/stm32f1xx_hal.o
 .debug_aranges
                0x000004c0       0x90 build/stm32f1xx_hal_rcc.o
 .debug_aranges
                0x00000550       0x58 build/stm32f1xx_hal_gpio.o
 .debug_aranges
                0x000005a8       0x80 build/stm32f1xx_hal_dma.o
 .debug_aranges
                0x00000628       0xc0 build/stm32f1xx_hal_cortex.o
 .debug_aranges
                0x000006e8       0x28 build/system_stm32f1xx.o
 .debug_aranges
                0x00000710       0x30 build/spi.o
 .debug_aranges
                0x00000740      0x1d0 build/stm32f1xx_hal_spi.o
 .debug_aranges
                0x00000910       0x30 build/tim.o
 .debug_aranges
                0x00000940      0x3d0 build/stm32f1xx_hal_tim.o
 .debug_aranges
                0x00000d10      0x168 build/stm32f1xx_hal_tim_ex.o
 .debug_aranges
                0x00000e78       0x20 build/dma.o
 .debug_aranges
                0x00000e98       0x28 build/startup_stm32f103xb.o

.debug_ranges   0x00000000      0xdb0
 .debug_ranges  0x00000000       0x20 build/main.o
 .debug_ranges  0x00000020       0x10 build/gpio.o
 .debug_ranges  0x00000030       0x28 build/usart.o
 .debug_ranges  0x00000058       0x88 build/stm32f1xx_it.o
 .debug_ranges  0x000000e0       0x10 build/stm32f1xx_hal_msp.o
 .debug_ranges  0x000000f0       0x38 build/application.o
 .debug_ranges  0x00000128       0x40 build/ws2812.o
 .debug_ranges  0x00000168      0x210 build/stm32f1xx_hal_uart.o
 .debug_ranges  0x00000378       0xd0 build/stm32f1xx_hal.o
 .debug_ranges  0x00000448       0xa0 build/stm32f1xx_hal_rcc.o
 .debug_ranges  0x000004e8       0x48 build/stm32f1xx_hal_gpio.o
 .debug_ranges  0x00000530       0x70 build/stm32f1xx_hal_dma.o
 .debug_ranges  0x000005a0       0xb0 build/stm32f1xx_hal_cortex.o
 .debug_ranges  0x00000650       0x18 build/system_stm32f1xx.o
 .debug_ranges  0x00000668       0x20 build/spi.o
 .debug_ranges  0x00000688      0x1c0 build/stm32f1xx_hal_spi.o
 .debug_ranges  0x00000848       0x20 build/tim.o
 .debug_ranges  0x00000868      0x3c0 build/stm32f1xx_hal_tim.o
 .debug_ranges  0x00000c28      0x158 build/stm32f1xx_hal_tim_ex.o
 .debug_ranges  0x00000d80       0x10 build/dma.o
 .debug_ranges  0x00000d90       0x20 build/startup_stm32f103xb.o

.debug_line     0x00000000     0xff6c
 .debug_line    0x00000000      0x35a build/main.o
 .debug_line    0x0000035a      0x18b build/gpio.o
 .debug_line    0x000004e5      0x46c build/usart.o
 .debug_line    0x00000951      0x385 build/stm32f1xx_it.o
 .debug_line    0x00000cd6      0x14c build/stm32f1xx_hal_msp.o
 .debug_line    0x00000e22      0x3f5 build/application.o
 .debug_line    0x00001217      0x4d1 build/ws2812.o
 .debug_line    0x000016e8     0x3365 build/stm32f1xx_hal_uart.o
 .debug_line    0x00004a4d      0x500 build/stm32f1xx_hal.o
 .debug_line    0x00004f4d      0xc83 build/stm32f1xx_hal_rcc.o
 .debug_line    0x00005bd0      0x5b7 build/stm32f1xx_hal_gpio.o
 .debug_line    0x00006187      0xac7 build/stm32f1xx_hal_dma.o
 .debug_line    0x00006c4e      0x686 build/stm32f1xx_hal_cortex.o
 .debug_line    0x000072d4      0x215 build/system_stm32f1xx.o
 .debug_line    0x000074e9      0x33d build/spi.o
 .debug_line    0x00007826     0x237d build/stm32f1xx_hal_spi.o
 .debug_line    0x00009ba3      0x2d0 build/tim.o
 .debug_line    0x00009e73     0x45cc build/stm32f1xx_hal_tim.o
 .debug_line    0x0000e43f     0x1949 build/stm32f1xx_hal_tim_ex.o
 .debug_line    0x0000fd88      0x173 build/dma.o
 .debug_line    0x0000fefb       0x71 build/startup_stm32f103xb.o

.debug_str      0x00000000     0x4135
 .debug_str     0x00000000     0x4135 build/main.o
                                0x8b2 (size before relaxing)
 .debug_str     0x00004135        0x0 build/gpio.o
                                0x219 (size before relaxing)
 .debug_str     0x00004135        0x0 build/usart.o
                                0xa0c (size before relaxing)
 .debug_str     0x00004135        0x0 build/stm32f1xx_it.o
                                0xba0 (size before relaxing)
 .debug_str     0x00004135        0x0 build/stm32f1xx_hal_msp.o
                                0x1e9 (size before relaxing)
 .debug_str     0x00004135        0x0 build/application.o
                                0x857 (size before relaxing)
 .debug_str     0x00004135        0x0 build/ws2812.o
                                0x71f (size before relaxing)
 .debug_str     0x00004135        0x0 build/stm32f1xx_hal_uart.o
                                0xcbe (size before relaxing)
 .debug_str     0x00004135        0x0 build/stm32f1xx_hal.o
                                0x7f8 (size before relaxing)
 .debug_str     0x00004135        0x0 build/stm32f1xx_hal_rcc.o
                                0x5f5 (size before relaxing)
 .debug_str     0x00004135        0x0 build/stm32f1xx_hal_gpio.o
                                0x3ca (size before relaxing)
 .debug_str     0x00004135        0x0 build/stm32f1xx_hal_dma.o
                                0x5c7 (size before relaxing)
 .debug_str     0x00004135        0x0 build/stm32f1xx_hal_cortex.o
                                0x89d (size before relaxing)
 .debug_str     0x00004135        0x0 build/system_stm32f1xx.o
                                0x21e (size before relaxing)
 .debug_str     0x00004135        0x0 build/spi.o
                                0x9ab (size before relaxing)
 .debug_str     0x00004135        0x0 build/stm32f1xx_hal_spi.o
                                0xb2b (size before relaxing)
 .debug_str     0x00004135        0x0 build/tim.o
                                0xaff (size before relaxing)
 .debug_str     0x00004135        0x0 build/stm32f1xx_hal_tim.o
                               0x164f (size before relaxing)
 .debug_str     0x00004135        0x0 build/stm32f1xx_hal_tim_ex.o
                                0xe5b (size before relaxing)
 .debug_str     0x00004135        0x0 build/dma.o
                                0x4b4 (size before relaxing)
 .debug_str     0x00004135        0x0 build/startup_stm32f103xb.o
                                 0x55 (size before relaxing)

.debug_frame    0x00000000     0x26c4
 .debug_frame   0x00000000       0x58 build/main.o
 .debug_frame   0x00000058       0x2c build/gpio.o
 .debug_frame   0x00000084       0x7c build/usart.o
 .debug_frame   0x00000100      0x150 build/stm32f1xx_it.o
 .debug_frame   0x00000250       0x28 build/stm32f1xx_hal_msp.o
 .debug_frame   0x00000278       0xa0 build/application.o
 .debug_frame   0x00000318       0xf0 build/ws2812.o
 .debug_frame   0x00000408      0x5e0 build/stm32f1xx_hal_uart.o
 .debug_frame   0x000009e8      0x1cc build/stm32f1xx_hal.o
 .debug_frame   0x00000bb4      0x184 build/stm32f1xx_hal_rcc.o
 .debug_frame   0x00000d38       0xe4 build/stm32f1xx_hal_gpio.o
 .debug_frame   0x00000e1c      0x124 build/stm32f1xx_hal_dma.o
 .debug_frame   0x00000f40      0x19c build/stm32f1xx_hal_cortex.o
 .debug_frame   0x000010dc       0x30 build/system_stm32f1xx.o
 .debug_frame   0x0000110c       0x60 build/spi.o
 .debug_frame   0x0000116c      0x598 build/stm32f1xx_hal_spi.o
 .debug_frame   0x00001704       0x64 build/tim.o
 .debug_frame   0x00001768      0xab0 build/stm32f1xx_hal_tim.o
 .debug_frame   0x00002218      0x3e8 build/stm32f1xx_hal_tim_ex.o
 .debug_frame   0x00002600       0x2c build/dma.o
 .debug_frame   0x0000262c       0x20 C:/thirdpartyLibs/arm-gnu-toolchain-15.2/bin/../lib/gcc/arm-none-eabi/15.2.1/../../../../arm-none-eabi/lib/thumb/v7-m/nofp\libc_nano.a(libc_a-memset.o)
 .debug_frame   0x0000264c       0x2c C:/thirdpartyLibs/arm-gnu-toolchain-15.2/bin/../lib/gcc/arm-none-eabi/15.2.1/../../../../arm-none-eabi/lib/thumb/v7-m/nofp\libc_nano.a(libc_a-init.o)
 .debug_frame   0x00002678       0x4c C:/thirdpartyLibs/arm-gnu-toolchain-15.2/bin/../lib/gcc/arm-none-eabi/15.2.1/thumb/v7-m/nofp\libgcc.a(_arm_addsubsf3.o)

.debug_line_str
                0x00000000       0xca
 .debug_line_str
                0x00000000       0xca C:/thirdpartyLibs/arm-gnu-toolchain-15.2/bin/../lib/gcc/arm-none-eabi/15.2.1/thumb/v7-m/nofp\libgcc.a(_arm_addsubsf3.o)

Cross Reference Table

Symbol                                            File
ADC1_2_IRQHandler                                 build/startup_stm32f103xb.o
AHBPrescTable                                     build/system_stm32f1xx.o
                                                  build/stm32f1xx_hal_rcc.o
APBPrescTable                                     build/system_stm32f1xx.o
                                                  build/stm32f1xx_hal_rcc.o
BusFault_Handler                                  build/stm32f1xx_it.o
CAN1_RX1_IRQHandler                               build/startup_stm32f103xb.o
CAN1_SCE_IRQHandler                               build/startup_stm32f103xb.o
CRC8_TAB                                          build/utils.o
DMA1_Channel1_IRQHandler                          build/startup_stm32f103xb.o
DMA1_Channel2_IRQHandler                          build/stm32f1xx_it.o
DMA1_Channel3_IRQHandler                          build/startup_stm32f103xb.o
DMA1_Channel4_IRQHandler                          build/stm32f1xx_it.o
DMA1_Channel5_IRQHandler                          build/stm32f1xx_it.o
DMA1_Channel6_IRQHandler                          build/startup_stm32f103xb.o
DMA1_Channel7_IRQHandler                          build/startup_stm32f103xb.o
DebugMon_Handler                                  build/stm32f1xx_it.o
Default_Handler                                   build/startup_stm32f103xb.o
EXTI0_IRQHandler                                  build/startup_stm32f103xb.o
EXTI15_10_IRQHandler                              build/startup_stm32f103xb.o
EXTI1_IRQHandler                                  build/startup_stm32f103xb.o
EXTI2_IRQHandler                                  build/startup_stm32f103xb.o
EXTI3_IRQHandler                                  build/startup_stm32f103xb.o
EXTI4_IRQHandler                                  build/startup_stm32f103xb.o
EXTI9_5_IRQHandler                                build/startup_stm32f103xb.o
Error_Handler                                     build/main.o
                                                  build/tim.o
                                                  build/spi.o
                                                  build/usart.o
FLASH_IRQHandler                                  build/startup_stm32f103xb.o
FLASH_PageErase                                   build/stm32f1xx_hal_flash_ex.o
                                                  build/stm32f1xx_hal_flash.o
FLASH_WaitForLastOperation                        build/stm32f1xx_hal_flash.o
                                                  build/stm32f1xx_hal_flash_ex.o
Get_CRC16_Check_Sum                               build/utils.o
                                                  build/application.o
Get_CRC8_Check_Sum                                build/utils.o
                                                  build/application.o
HAL_DBGMCU_DisableDBGSleepMode                    build/stm32f1xx_hal.o
HAL_DBGMCU_DisableDBGStandbyMode                  build/stm32f1xx_hal.o
HAL_DBGMCU_DisableDBGStopMode                     build/stm32f1xx_hal.o
HAL_DBGMCU_EnableDBGSleepMode                     build/stm32f1xx_hal.o
HAL_DBGMCU_EnableDBGStandbyMode                   build/stm32f1xx_hal.o
HAL_DBGMCU_EnableDBGStopMode                      build/stm32f1xx_hal.o
HAL_DMA_Abort                                     build/stm32f1xx_hal_dma.o
                                                  build/stm32f1xx_hal_spi.o
                                                  build/stm32f1xx_hal_uart.o
HAL_DMA_Abort_IT                                  build/stm32f1xx_hal_dma.o
                                                  build/stm32f1xx_hal_tim_ex.o
                                                  build/stm32f1xx_hal_tim.o
                                                  build/stm32f1xx_hal_spi.o
                                                  build/stm32f1xx_hal_uart.o
HAL_DMA_DeInit                                    build/stm32f1xx_hal_dma.o
                                                  build/spi.o
                                                  build/usart.o
HAL_DMA_GetError                                  build/stm32f1xx_hal_dma.o
                                                  build/stm32f1xx_hal_uart.o
HAL_DMA_GetState                                  build/stm32f1xx_hal_dma.o
HAL_DMA_IRQHandler                                build/stm32f1xx_hal_dma.o
                                                  build/stm32f1xx_it.o
HAL_DMA_Init                                      build/stm32f1xx_hal_dma.o
                                                  build/spi.o
                                                  build/usart.o
HAL_DMA_PollForTransfer                           build/stm32f1xx_hal_dma.o
HAL_DMA_RegisterCallback                          build/stm32f1xx_hal_dma.o
HAL_DMA_Start                                     build/stm32f1xx_hal_dma.o
HAL_DMA_Start_IT                                  build/stm32f1xx_hal_dma.o
                                                  build/stm32f1xx_hal_tim_ex.o
                                                  build/stm32f1xx_hal_tim.o
                                                  build/stm32f1xx_hal_spi.o
                                                  build/stm32f1xx_hal_uart.o
HAL_DMA_UnRegisterCallback                        build/stm32f1xx_hal_dma.o
HAL_DeInit                                        build/stm32f1xx_hal.o
HAL_Delay                                         build/stm32f1xx_hal.o
HAL_EXTI_ClearConfigLine                          build/stm32f1xx_hal_exti.o
HAL_EXTI_ClearPending                             build/stm32f1xx_hal_exti.o
HAL_EXTI_GenerateSWI                              build/stm32f1xx_hal_exti.o
HAL_EXTI_GetConfigLine                            build/stm32f1xx_hal_exti.o
HAL_EXTI_GetHandle                                build/stm32f1xx_hal_exti.o
HAL_EXTI_GetPending                               build/stm32f1xx_hal_exti.o
HAL_EXTI_IRQHandler                               build/stm32f1xx_hal_exti.o
HAL_EXTI_RegisterCallback                         build/stm32f1xx_hal_exti.o
HAL_EXTI_SetConfigLine                            build/stm32f1xx_hal_exti.o
HAL_FLASHEx_Erase                                 build/stm32f1xx_hal_flash_ex.o
HAL_FLASHEx_Erase_IT                              build/stm32f1xx_hal_flash_ex.o
HAL_FLASHEx_OBErase                               build/stm32f1xx_hal_flash_ex.o
HAL_FLASHEx_OBGetConfig                           build/stm32f1xx_hal_flash_ex.o
HAL_FLASHEx_OBGetUserData                         build/stm32f1xx_hal_flash_ex.o
HAL_FLASHEx_OBProgram                             build/stm32f1xx_hal_flash_ex.o
HAL_FLASH_EndOfOperationCallback                  build/stm32f1xx_hal_flash.o
HAL_FLASH_GetError                                build/stm32f1xx_hal_flash.o
HAL_FLASH_IRQHandler                              build/stm32f1xx_hal_flash.o
HAL_FLASH_Lock                                    build/stm32f1xx_hal_flash.o
HAL_FLASH_OB_Launch                               build/stm32f1xx_hal_flash.o
HAL_FLASH_OB_Lock                                 build/stm32f1xx_hal_flash.o
HAL_FLASH_OB_Unlock                               build/stm32f1xx_hal_flash.o
HAL_FLASH_OperationErrorCallback                  build/stm32f1xx_hal_flash.o
HAL_FLASH_Program                                 build/stm32f1xx_hal_flash.o
HAL_FLASH_Program_IT                              build/stm32f1xx_hal_flash.o
HAL_FLASH_Unlock                                  build/stm32f1xx_hal_flash.o
HAL_GPIOEx_ConfigEventout                         build/stm32f1xx_hal_gpio_ex.o
HAL_GPIOEx_DisableEventout                        build/stm32f1xx_hal_gpio_ex.o
HAL_GPIOEx_EnableEventout                         build/stm32f1xx_hal_gpio_ex.o
HAL_GPIO_DeInit                                   build/stm32f1xx_hal_gpio.o
                                                  build/spi.o
                                                  build/usart.o
HAL_GPIO_EXTI_Callback                            build/stm32f1xx_hal_gpio.o
HAL_GPIO_EXTI_IRQHandler                          build/stm32f1xx_hal_gpio.o
HAL_GPIO_Init                                     build/stm32f1xx_hal_gpio.o
                                                  build/spi.o
                                                  build/stm32f1xx_hal_rcc.o
                                                  build/usart.o
                                                  build/gpio.o
HAL_GPIO_LockPin                                  build/stm32f1xx_hal_gpio.o
HAL_GPIO_ReadPin                                  build/stm32f1xx_hal_gpio.o
                                                  build/application.o
HAL_GPIO_TogglePin                                build/stm32f1xx_hal_gpio.o
HAL_GPIO_WritePin                                 build/stm32f1xx_hal_gpio.o
HAL_GetDEVID                                      build/stm32f1xx_hal.o
HAL_GetHalVersion                                 build/stm32f1xx_hal.o
HAL_GetREVID                                      build/stm32f1xx_hal.o
HAL_GetTick                                       build/stm32f1xx_hal.o
                                                  build/stm32f1xx_hal_spi.o
                                                  build/stm32f1xx_hal_flash.o
                                                  build/stm32f1xx_hal_dma.o
                                                  build/stm32f1xx_hal_rcc_ex.o
                                                  build/stm32f1xx_hal_rcc.o
                                                  build/stm32f1xx_hal_uart.o
HAL_GetTickFreq                                   build/stm32f1xx_hal.o
HAL_GetTickPrio                                   build/stm32f1xx_hal.o
HAL_GetUIDw0                                      build/stm32f1xx_hal.o
HAL_GetUIDw1                                      build/stm32f1xx_hal.o
HAL_GetUIDw2                                      build/stm32f1xx_hal.o
HAL_HalfDuplex_EnableReceiver                     build/stm32f1xx_hal_uart.o
HAL_HalfDuplex_EnableTransmitter                  build/stm32f1xx_hal_uart.o
HAL_HalfDuplex_Init                               build/stm32f1xx_hal_uart.o
HAL_IncTick                                       build/stm32f1xx_hal.o
                                                  build/stm32f1xx_it.o
HAL_Init                                          build/stm32f1xx_hal.o
                                                  build/main.o
HAL_InitTick                                      build/stm32f1xx_hal.o
                                                  build/stm32f1xx_hal_rcc.o
HAL_LIN_Init                                      build/stm32f1xx_hal_uart.o
HAL_LIN_SendBreak                                 build/stm32f1xx_hal_uart.o
HAL_MspDeInit                                     build/stm32f1xx_hal.o
HAL_MspInit                                       build/stm32f1xx_hal_msp.o
HAL_MultiProcessor_EnterMuteMode                  build/stm32f1xx_hal_uart.o
HAL_MultiProcessor_ExitMuteMode                   build/stm32f1xx_hal_uart.o
HAL_MultiProcessor_Init                           build/stm32f1xx_hal_uart.o
HAL_NVIC_ClearPendingIRQ                          build/stm32f1xx_hal_cortex.o
HAL_NVIC_DisableIRQ                               build/stm32f1xx_hal_cortex.o
                                                  build/tim.o
                                                  build/spi.o
                                                  build/usart.o
HAL_NVIC_EnableIRQ                                build/stm32f1xx_hal_cortex.o
                                                  build/dma.o
                                                  build/tim.o
                                                  build/spi.o
                                                  build/usart.o
HAL_NVIC_GetActive                                build/stm32f1xx_hal_cortex.o
HAL_NVIC_GetPendingIRQ                            build/stm32f1xx_hal_cortex.o
HAL_NVIC_GetPriority                              build/stm32f1xx_hal_cortex.o
HAL_NVIC_GetPriorityGrouping                      build/stm32f1xx_hal_cortex.o
HAL_NVIC_SetPendingIRQ                            build/stm32f1xx_hal_cortex.o
HAL_NVIC_SetPriority                              build/stm32f1xx_hal_cortex.o
                                                  build/dma.o
                                                  build/tim.o
                                                  build/spi.o
                                                  build/stm32f1xx_hal.o
                                                  build/usart.o
HAL_NVIC_SetPriorityGrouping                      build/stm32f1xx_hal_cortex.o
                                                  build/stm32f1xx_hal.o
HAL_NVIC_SystemReset                              build/stm32f1xx_hal_cortex.o
                                                  build/stm32f1xx_hal_flash.o
HAL_PWR_ConfigPVD                                 build/stm32f1xx_hal_pwr.o
HAL_PWR_DeInit                                    build/stm32f1xx_hal_pwr.o
HAL_PWR_DisableBkUpAccess                         build/stm32f1xx_hal_pwr.o
HAL_PWR_DisablePVD                                build/stm32f1xx_hal_pwr.o
HAL_PWR_DisableSEVOnPend                          build/stm32f1xx_hal_pwr.o
HAL_PWR_DisableSleepOnExit                        build/stm32f1xx_hal_pwr.o
HAL_PWR_DisableWakeUpPin                          build/stm32f1xx_hal_pwr.o
HAL_PWR_EnableBkUpAccess                          build/stm32f1xx_hal_pwr.o
HAL_PWR_EnablePVD                                 build/stm32f1xx_hal_pwr.o
HAL_PWR_EnableSEVOnPend                           build/stm32f1xx_hal_pwr.o
HAL_PWR_EnableSleepOnExit                         build/stm32f1xx_hal_pwr.o
HAL_PWR_EnableWakeUpPin                           build/stm32f1xx_hal_pwr.o
HAL_PWR_EnterSLEEPMode                            build/stm32f1xx_hal_pwr.o
HAL_PWR_EnterSTANDBYMode                          build/stm32f1xx_hal_pwr.o
HAL_PWR_EnterSTOPMode                             build/stm32f1xx_hal_pwr.o
HAL_PWR_PVDCallback                               build/stm32f1xx_hal_pwr.o
HAL_PWR_PVD_IRQHandler                            build/stm32f1xx_hal_pwr.o
HAL_RCCEx_GetPeriphCLKConfig                      build/stm32f1xx_hal_rcc_ex.o
HAL_RCCEx_GetPeriphCLKFreq                        build/stm32f1xx_hal_rcc_ex.o
HAL_RCCEx_PeriphCLKConfig                         build/stm32f1xx_hal_rcc_ex.o
HAL_RCC_CSSCallback                               build/stm32f1xx_hal_rcc.o
HAL_RCC_ClockConfig                               build/stm32f1xx_hal_rcc.o
                                                  build/main.o
HAL_RCC_DeInit                                    build/stm32f1xx_hal_rcc.o
HAL_RCC_DisableCSS                                build/stm32f1xx_hal_rcc.o
HAL_RCC_EnableCSS                                 build/stm32f1xx_hal_rcc.o
HAL_RCC_GetClockConfig                            build/stm32f1xx_hal_rcc.o
HAL_RCC_GetHCLKFreq                               build/stm32f1xx_hal_rcc.o
HAL_RCC_GetOscConfig                              build/stm32f1xx_hal_rcc.o
HAL_RCC_GetPCLK1Freq                              build/stm32f1xx_hal_rcc.o
                                                  build/stm32f1xx_hal_uart.o
HAL_RCC_GetPCLK2Freq                              build/stm32f1xx_hal_rcc.o
                                                  build/stm32f1xx_hal_rcc_ex.o
                                                  build/stm32f1xx_hal_uart.o
HAL_RCC_GetSysClockFreq                           build/stm32f1xx_hal_rcc.o
HAL_RCC_MCOConfig                                 build/stm32f1xx_hal_rcc.o
HAL_RCC_NMI_IRQHandler                            build/stm32f1xx_hal_rcc.o
HAL_RCC_OscConfig                                 build/stm32f1xx_hal_rcc.o
                                                  build/main.o
HAL_ResumeTick                                    build/stm32f1xx_hal.o
HAL_SPI_Abort                                     build/stm32f1xx_hal_spi.o
HAL_SPI_AbortCpltCallback                         build/stm32f1xx_hal_spi.o
HAL_SPI_Abort_IT                                  build/stm32f1xx_hal_spi.o
HAL_SPI_DMAPause                                  build/stm32f1xx_hal_spi.o
HAL_SPI_DMAResume                                 build/stm32f1xx_hal_spi.o
HAL_SPI_DMAStop                                   build/stm32f1xx_hal_spi.o
HAL_SPI_DeInit                                    build/stm32f1xx_hal_spi.o
HAL_SPI_ErrorCallback                             build/stm32f1xx_hal_spi.o
HAL_SPI_GetError                                  build/stm32f1xx_hal_spi.o
HAL_SPI_GetState                                  build/stm32f1xx_hal_spi.o
                                                  build/ws2812.o
HAL_SPI_IRQHandler                                build/stm32f1xx_hal_spi.o
                                                  build/stm32f1xx_it.o
HAL_SPI_Init                                      build/stm32f1xx_hal_spi.o
                                                  build/spi.o
HAL_SPI_MspDeInit                                 build/spi.o
HAL_SPI_MspInit                                   build/spi.o
HAL_SPI_Receive                                   build/stm32f1xx_hal_spi.o
HAL_SPI_Receive_DMA                               build/stm32f1xx_hal_spi.o
HAL_SPI_Receive_IT                                build/stm32f1xx_hal_spi.o
HAL_SPI_RxCpltCallback                            build/stm32f1xx_hal_spi.o
HAL_SPI_RxHalfCpltCallback                        build/stm32f1xx_hal_spi.o
HAL_SPI_Transmit                                  build/stm32f1xx_hal_spi.o
HAL_SPI_TransmitReceive                           build/stm32f1xx_hal_spi.o
HAL_SPI_TransmitReceive_DMA                       build/stm32f1xx_hal_spi.o
HAL_SPI_TransmitReceive_IT                        build/stm32f1xx_hal_spi.o
HAL_SPI_Transmit_DMA                              build/stm32f1xx_hal_spi.o
                                                  build/ws2812.o
HAL_SPI_Transmit_IT                               build/stm32f1xx_hal_spi.o
HAL_SPI_TxCpltCallback                            build/stm32f1xx_hal_spi.o
HAL_SPI_TxHalfCpltCallback                        build/stm32f1xx_hal_spi.o
HAL_SPI_TxRxCpltCallback                          build/stm32f1xx_hal_spi.o
HAL_SPI_TxRxHalfCpltCallback                      build/stm32f1xx_hal_spi.o
HAL_SYSTICK_CLKSourceConfig                       build/stm32f1xx_hal_cortex.o
HAL_SYSTICK_Callback                              build/stm32f1xx_hal_cortex.o
HAL_SYSTICK_Config                                build/stm32f1xx_hal_cortex.o
                                                  build/stm32f1xx_hal.o
HAL_SYSTICK_IRQHandler                            build/stm32f1xx_hal_cortex.o
HAL_SetTickFreq                                   build/stm32f1xx_hal.o
HAL_SuspendTick                                   build/stm32f1xx_hal.o
HAL_TIMEx_BreakCallback                           build/stm32f1xx_hal_tim_ex.o
                                                  build/stm32f1xx_hal_tim.o
HAL_TIMEx_CommutCallback                          build/stm32f1xx_hal_tim_ex.o
                                                  build/stm32f1xx_hal_tim.o
HAL_TIMEx_CommutHalfCpltCallback                  build/stm32f1xx_hal_tim_ex.o
HAL_TIMEx_ConfigBreakDeadTime                     build/stm32f1xx_hal_tim_ex.o
HAL_TIMEx_ConfigCommutEvent                       build/stm32f1xx_hal_tim_ex.o
HAL_TIMEx_ConfigCommutEvent_DMA                   build/stm32f1xx_hal_tim_ex.o
HAL_TIMEx_ConfigCommutEvent_IT                    build/stm32f1xx_hal_tim_ex.o
HAL_TIMEx_GetChannelNState                        build/stm32f1xx_hal_tim_ex.o
HAL_TIMEx_HallSensor_DeInit                       build/stm32f1xx_hal_tim_ex.o
HAL_TIMEx_HallSensor_GetState                     build/stm32f1xx_hal_tim_ex.o
HAL_TIMEx_HallSensor_Init                         build/stm32f1xx_hal_tim_ex.o
HAL_TIMEx_HallSensor_MspDeInit                    build/stm32f1xx_hal_tim_ex.o
HAL_TIMEx_HallSensor_MspInit                      build/stm32f1xx_hal_tim_ex.o
HAL_TIMEx_HallSensor_Start                        build/stm32f1xx_hal_tim_ex.o
HAL_TIMEx_HallSensor_Start_DMA                    build/stm32f1xx_hal_tim_ex.o
HAL_TIMEx_HallSensor_Start_IT                     build/stm32f1xx_hal_tim_ex.o
HAL_TIMEx_HallSensor_Stop                         build/stm32f1xx_hal_tim_ex.o
HAL_TIMEx_HallSensor_Stop_DMA                     build/stm32f1xx_hal_tim_ex.o
HAL_TIMEx_HallSensor_Stop_IT                      build/stm32f1xx_hal_tim_ex.o
HAL_TIMEx_MasterConfigSynchronization             build/stm32f1xx_hal_tim_ex.o
                                                  build/tim.o
HAL_TIMEx_OCN_Start                               build/stm32f1xx_hal_tim_ex.o
HAL_TIMEx_OCN_Start_DMA                           build/stm32f1xx_hal_tim_ex.o
HAL_TIMEx_OCN_Start_IT                            build/stm32f1xx_hal_tim_ex.o
HAL_TIMEx_OCN_Stop                                build/stm32f1xx_hal_tim_ex.o
HAL_TIMEx_OCN_Stop_DMA                            build/stm32f1xx_hal_tim_ex.o
HAL_TIMEx_OCN_Stop_IT                             build/stm32f1xx_hal_tim_ex.o
HAL_TIMEx_OnePulseN_Start                         build/stm32f1xx_hal_tim_ex.o
HAL_TIMEx_OnePulseN_Start_IT                      build/stm32f1xx_hal_tim_ex.o
HAL_TIMEx_OnePulseN_Stop                          build/stm32f1xx_hal_tim_ex.o
HAL_TIMEx_OnePulseN_Stop_IT                       build/stm32f1xx_hal_tim_ex.o
HAL_TIMEx_PWMN_Start                              build/stm32f1xx_hal_tim_ex.o
HAL_TIMEx_PWMN_Start_DMA                          build/stm32f1xx_hal_tim_ex.o
HAL_TIMEx_PWMN_Start_IT                           build/stm32f1xx_hal_tim_ex.o
HAL_TIMEx_PWMN_Stop                               build/stm32f1xx_hal_tim_ex.o
HAL_TIMEx_PWMN_Stop_DMA                           build/stm32f1xx_hal_tim_ex.o
HAL_TIMEx_PWMN_Stop_IT                            build/stm32f1xx_hal_tim_ex.o
HAL_TIMEx_RemapConfig                             build/stm32f1xx_hal_tim_ex.o
HAL_TIM_Base_DeInit                               build/stm32f1xx_hal_tim.o
HAL_TIM_Base_GetState                             build/stm32f1xx_hal_tim.o
HAL_TIM_Base_Init                                 build/stm32f1xx_hal_tim.o
                                                  build/tim.o
HAL_TIM_Base_MspDeInit                            build/tim.o
HAL_TIM_Base_MspInit                              build/tim.o
HAL_TIM_Base_Start                                build/stm32f1xx_hal_tim.o
HAL_TIM_Base_Start_DMA                            build/stm32f1xx_hal_tim.o
HAL_TIM_Base_Start_IT                             build/stm32f1xx_hal_tim.o
                                                  build/main.o
HAL_TIM_Base_Stop                                 build/stm32f1xx_hal_tim.o
HAL_TIM_Base_Stop_DMA                             build/stm32f1xx_hal_tim.o
HAL_TIM_Base_Stop_IT                              build/stm32f1xx_hal_tim.o
HAL_TIM_ConfigClockSource                         build/stm32f1xx_hal_tim.o
                                                  build/tim.o
HAL_TIM_ConfigOCrefClear                          build/stm32f1xx_hal_tim.o
HAL_TIM_ConfigTI1Input                            build/stm32f1xx_hal_tim.o
HAL_TIM_DMABurstState                             build/stm32f1xx_hal_tim.o
HAL_TIM_DMABurst_MultiReadStart                   build/stm32f1xx_hal_tim.o
HAL_TIM_DMABurst_MultiWriteStart                  build/stm32f1xx_hal_tim.o
HAL_TIM_DMABurst_ReadStart                        build/stm32f1xx_hal_tim.o
HAL_TIM_DMABurst_ReadStop                         build/stm32f1xx_hal_tim.o
HAL_TIM_DMABurst_WriteStart                       build/stm32f1xx_hal_tim.o
HAL_TIM_DMABurst_WriteStop                        build/stm32f1xx_hal_tim.o
HAL_TIM_Encoder_DeInit                            build/stm32f1xx_hal_tim.o
HAL_TIM_Encoder_GetState                          build/stm32f1xx_hal_tim.o
HAL_TIM_Encoder_Init                              build/stm32f1xx_hal_tim.o
HAL_TIM_Encoder_MspDeInit                         build/stm32f1xx_hal_tim.o
HAL_TIM_Encoder_MspInit                           build/stm32f1xx_hal_tim.o
HAL_TIM_Encoder_Start                             build/stm32f1xx_hal_tim.o
HAL_TIM_Encoder_Start_DMA                         build/stm32f1xx_hal_tim.o
HAL_TIM_Encoder_Start_IT                          build/stm32f1xx_hal_tim.o
HAL_TIM_Encoder_Stop                              build/stm32f1xx_hal_tim.o
HAL_TIM_Encoder_Stop_DMA                          build/stm32f1xx_hal_tim.o
HAL_TIM_Encoder_Stop_IT                           build/stm32f1xx_hal_tim.o
HAL_TIM_ErrorCallback                             build/stm32f1xx_hal_tim.o
                                                  build/stm32f1xx_hal_tim_ex.o
HAL_TIM_GenerateEvent                             build/stm32f1xx_hal_tim.o
HAL_TIM_GetActiveChannel                          build/stm32f1xx_hal_tim.o
HAL_TIM_GetChannelState                           build/stm32f1xx_hal_tim.o
HAL_TIM_IC_CaptureCallback                        build/stm32f1xx_hal_tim.o
HAL_TIM_IC_CaptureHalfCpltCallback                build/stm32f1xx_hal_tim.o
HAL_TIM_IC_ConfigChannel                          build/stm32f1xx_hal_tim.o
HAL_TIM_IC_DeInit                                 build/stm32f1xx_hal_tim.o
HAL_TIM_IC_GetState                               build/stm32f1xx_hal_tim.o
HAL_TIM_IC_Init                                   build/stm32f1xx_hal_tim.o
HAL_TIM_IC_MspDeInit                              build/stm32f1xx_hal_tim.o
HAL_TIM_IC_MspInit                                build/stm32f1xx_hal_tim.o
HAL_TIM_IC_Start                                  build/stm32f1xx_hal_tim.o
HAL_TIM_IC_Start_DMA                              build/stm32f1xx_hal_tim.o
HAL_TIM_IC_Start_IT                               build/stm32f1xx_hal_tim.o
HAL_TIM_IC_Stop                                   build/stm32f1xx_hal_tim.o
HAL_TIM_IC_Stop_DMA                               build/stm32f1xx_hal_tim.o
HAL_TIM_IC_Stop_IT                                build/stm32f1xx_hal_tim.o
HAL_TIM_IRQHandler                                build/stm32f1xx_hal_tim.o
                                                  build/stm32f1xx_it.o
HAL_TIM_OC_ConfigChannel                          build/stm32f1xx_hal_tim.o
HAL_TIM_OC_DeInit                                 build/stm32f1xx_hal_tim.o
HAL_TIM_OC_DelayElapsedCallback                   build/stm32f1xx_hal_tim.o
HAL_TIM_OC_GetState                               build/stm32f1xx_hal_tim.o
HAL_TIM_OC_Init                                   build/stm32f1xx_hal_tim.o
HAL_TIM_OC_MspDeInit                              build/stm32f1xx_hal_tim.o
HAL_TIM_OC_MspInit                                build/stm32f1xx_hal_tim.o
HAL_TIM_OC_Start                                  build/stm32f1xx_hal_tim.o
HAL_TIM_OC_Start_DMA                              build/stm32f1xx_hal_tim.o
HAL_TIM_OC_Start_IT                               build/stm32f1xx_hal_tim.o
HAL_TIM_OC_Stop                                   build/stm32f1xx_hal_tim.o
HAL_TIM_OC_Stop_DMA                               build/stm32f1xx_hal_tim.o
HAL_TIM_OC_Stop_IT                                build/stm32f1xx_hal_tim.o
HAL_TIM_OnePulse_ConfigChannel                    build/stm32f1xx_hal_tim.o
HAL_TIM_OnePulse_DeInit                           build/stm32f1xx_hal_tim.o
HAL_TIM_OnePulse_GetState                         build/stm32f1xx_hal_tim.o
HAL_TIM_OnePulse_Init                             build/stm32f1xx_hal_tim.o
HAL_TIM_OnePulse_MspDeInit                        build/stm32f1xx_hal_tim.o
HAL_TIM_OnePulse_MspInit                          build/stm32f1xx_hal_tim.o
HAL_TIM_OnePulse_Start                            build/stm32f1xx_hal_tim.o
HAL_TIM_OnePulse_Start_IT                         build/stm32f1xx_hal_tim.o
HAL_TIM_OnePulse_Stop                             build/stm32f1xx_hal_tim.o
HAL_TIM_OnePulse_Stop_IT                          build/stm32f1xx_hal_tim.o
HAL_TIM_PWM_ConfigChannel                         build/stm32f1xx_hal_tim.o
HAL_TIM_PWM_DeInit                                build/stm32f1xx_hal_tim.o
HAL_TIM_PWM_GetState                              build/stm32f1xx_hal_tim.o
HAL_TIM_PWM_Init                                  build/stm32f1xx_hal_tim.o
HAL_TIM_PWM_MspDeInit                             build/stm32f1xx_hal_tim.o
HAL_TIM_PWM_MspInit                               build/stm32f1xx_hal_tim.o
HAL_TIM_PWM_PulseFinishedCallback                 build/stm32f1xx_hal_tim.o
                                                  build/stm32f1xx_hal_tim_ex.o
HAL_TIM_PWM_PulseFinishedHalfCpltCallback         build/stm32f1xx_hal_tim.o
HAL_TIM_PWM_Start                                 build/stm32f1xx_hal_tim.o
HAL_TIM_PWM_Start_DMA                             build/stm32f1xx_hal_tim.o
HAL_TIM_PWM_Start_IT                              build/stm32f1xx_hal_tim.o
HAL_TIM_PWM_Stop                                  build/stm32f1xx_hal_tim.o
HAL_TIM_PWM_Stop_DMA                              build/stm32f1xx_hal_tim.o
HAL_TIM_PWM_Stop_IT                               build/stm32f1xx_hal_tim.o
HAL_TIM_PeriodElapsedCallback                     build/stm32f1xx_hal_tim.o
HAL_TIM_PeriodElapsedHalfCpltCallback             build/stm32f1xx_hal_tim.o
HAL_TIM_ReadCapturedValue                         build/stm32f1xx_hal_tim.o
HAL_TIM_SlaveConfigSynchro                        build/stm32f1xx_hal_tim.o
HAL_TIM_SlaveConfigSynchro_IT                     build/stm32f1xx_hal_tim.o
HAL_TIM_TriggerCallback                           build/stm32f1xx_hal_tim.o
HAL_TIM_TriggerHalfCpltCallback                   build/stm32f1xx_hal_tim.o
HAL_UARTEx_GetRxEventType                         build/stm32f1xx_hal_uart.o
HAL_UARTEx_ReceiveToIdle                          build/stm32f1xx_hal_uart.o
HAL_UARTEx_ReceiveToIdle_DMA                      build/stm32f1xx_hal_uart.o
HAL_UARTEx_ReceiveToIdle_IT                       build/stm32f1xx_hal_uart.o
HAL_UARTEx_RxEventCallback                        build/stm32f1xx_hal_uart.o
HAL_UART_Abort                                    build/stm32f1xx_hal_uart.o
HAL_UART_AbortCpltCallback                        build/stm32f1xx_hal_uart.o
HAL_UART_AbortReceive                             build/stm32f1xx_hal_uart.o
HAL_UART_AbortReceiveCpltCallback                 build/stm32f1xx_hal_uart.o
HAL_UART_AbortReceive_IT                          build/stm32f1xx_hal_uart.o
HAL_UART_AbortTransmit                            build/stm32f1xx_hal_uart.o
HAL_UART_AbortTransmitCpltCallback                build/stm32f1xx_hal_uart.o
HAL_UART_AbortTransmit_IT                         build/stm32f1xx_hal_uart.o
HAL_UART_Abort_IT                                 build/stm32f1xx_hal_uart.o
HAL_UART_DMAPause                                 build/stm32f1xx_hal_uart.o
HAL_UART_DMAResume                                build/stm32f1xx_hal_uart.o
HAL_UART_DMAStop                                  build/stm32f1xx_hal_uart.o
HAL_UART_DeInit                                   build/stm32f1xx_hal_uart.o
HAL_UART_ErrorCallback                            build/stm32f1xx_hal_uart.o
HAL_UART_GetError                                 build/stm32f1xx_hal_uart.o
HAL_UART_GetState                                 build/stm32f1xx_hal_uart.o
HAL_UART_IRQHandler                               build/stm32f1xx_hal_uart.o
                                                  build/stm32f1xx_it.o
HAL_UART_Init                                     build/stm32f1xx_hal_uart.o
                                                  build/usart.o
HAL_UART_MspDeInit                                build/usart.o
HAL_UART_MspInit                                  build/usart.o
HAL_UART_Receive                                  build/stm32f1xx_hal_uart.o
HAL_UART_Receive_DMA                              build/stm32f1xx_hal_uart.o
HAL_UART_Receive_IT                               build/stm32f1xx_hal_uart.o
HAL_UART_RxCpltCallback                           build/stm32f1xx_hal_uart.o
HAL_UART_RxHalfCpltCallback                       build/stm32f1xx_hal_uart.o
HAL_UART_Transmit                                 build/stm32f1xx_hal_uart.o
HAL_UART_Transmit_DMA                             build/stm32f1xx_hal_uart.o
                                                  build/application.o
HAL_UART_Transmit_IT                              build/stm32f1xx_hal_uart.o
HAL_UART_TxCpltCallback                           build/stm32f1xx_hal_uart.o
HAL_UART_TxHalfCpltCallback                       build/stm32f1xx_hal_uart.o
HardFault_Handler                                 build/stm32f1xx_it.o
I2C1_ER_IRQHandler                                build/startup_stm32f103xb.o
I2C1_EV_IRQHandler                                build/startup_stm32f103xb.o
I2C2_ER_IRQHandler                                build/startup_stm32f103xb.o
I2C2_EV_IRQHandler                                build/startup_stm32f103xb.o
Keys                                              build/application.o
Keys_pressed                                      build/application.o
MX_DMA_Init                                       build/dma.o
                                                  build/main.o
MX_GPIO_Init                                      build/gpio.o
                                                  build/main.o
MX_SPI2_Init                                      build/spi.o
                                                  build/main.o
MX_TIM2_Init                                      build/tim.o
                                                  build/main.o
MX_USART1_UART_Init                               build/usart.o
                                                  build/main.o
MX_USART3_UART_Init                               build/usart.o
                                                  build/main.o
MemManage_Handler                                 build/stm32f1xx_it.o
NMI_Handler                                       build/stm32f1xx_it.o
PVD_IRQHandler                                    build/startup_stm32f103xb.o
PendSV_Handler                                    build/stm32f1xx_it.o
RCC_IRQHandler                                    build/startup_stm32f103xb.o
RGB_waveform                                      build/ws2812.o
RTC_Alarm_IRQHandler                              build/startup_stm32f103xb.o
RTC_IRQHandler                                    build/startup_stm32f103xb.o
Reset_Handler                                     build/startup_stm32f103xb.o
SPI1_IRQHandler                                   build/startup_stm32f103xb.o
SPI2_IRQHandler                                   build/stm32f1xx_it.o
SVC_Handler                                       build/stm32f1xx_it.o
SysTick_Handler                                   build/stm32f1xx_it.o
SystemClock_Config                                build/main.o
SystemCoreClock                                   build/system_stm32f1xx.o
                                                  build/stm32f1xx_hal_spi.o
                                                  build/stm32f1xx_hal_rcc.o
                                                  build/stm32f1xx_hal.o
SystemCoreClockUpdate                             build/system_stm32f1xx.o
SystemInit                                        build/system_stm32f1xx.o
                                                  build/startup_stm32f103xb.o
TAMPER_IRQHandler                                 build/startup_stm32f103xb.o
TIM1_BRK_IRQHandler                               build/startup_stm32f103xb.o
TIM1_CC_IRQHandler                                build/startup_stm32f103xb.o
TIM1_TRG_COM_IRQHandler                           build/startup_stm32f103xb.o
TIM1_UP_IRQHandler                                build/startup_stm32f103xb.o
TIM2_IRQHandler                                   build/stm32f1xx_it.o
TIM3_IRQHandler                                   build/startup_stm32f103xb.o
TIM4_IRQHandler                                   build/startup_stm32f103xb.o
TIMEx_DMACommutationCplt                          build/stm32f1xx_hal_tim_ex.o
                                                  build/stm32f1xx_hal_tim.o
TIMEx_DMACommutationHalfCplt                      build/stm32f1xx_hal_tim_ex.o
                                                  build/stm32f1xx_hal_tim.o
TIM_Base_SetConfig                                build/stm32f1xx_hal_tim.o
                                                  build/stm32f1xx_hal_tim_ex.o
TIM_CCxChannelCmd                                 build/stm32f1xx_hal_tim.o
                                                  build/stm32f1xx_hal_tim_ex.o
TIM_DMACaptureCplt                                build/stm32f1xx_hal_tim.o
                                                  build/stm32f1xx_hal_tim_ex.o
TIM_DMACaptureHalfCplt                            build/stm32f1xx_hal_tim.o
                                                  build/stm32f1xx_hal_tim_ex.o
TIM_DMADelayPulseHalfCplt                         build/stm32f1xx_hal_tim.o
                                                  build/stm32f1xx_hal_tim_ex.o
TIM_DMAError                                      build/stm32f1xx_hal_tim.o
                                                  build/stm32f1xx_hal_tim_ex.o
TIM_ETR_SetConfig                                 build/stm32f1xx_hal_tim.o
TIM_OC2_SetConfig                                 build/stm32f1xx_hal_tim.o
                                                  build/stm32f1xx_hal_tim_ex.o
TIM_TI1_SetConfig                                 build/stm32f1xx_hal_tim.o
                                                  build/stm32f1xx_hal_tim_ex.o
UART_Start_Receive_DMA                            build/stm32f1xx_hal_uart.o
UART_Start_Receive_IT                             build/stm32f1xx_hal_uart.o
USART1_IRQHandler                                 build/stm32f1xx_it.o
USART2_IRQHandler                                 build/startup_stm32f103xb.o
USART3_IRQHandler                                 build/stm32f1xx_it.o
USBWakeUp_IRQHandler                              build/startup_stm32f103xb.o
USB_HP_CAN1_TX_IRQHandler                         build/startup_stm32f103xb.o
USB_LP_CAN1_RX0_IRQHandler                        build/startup_stm32f103xb.o
UsageFault_Handler                                build/stm32f1xx_it.o
WWDG_IRQHandler                                   build/startup_stm32f103xb.o
_ITM_deregisterTMCloneTable                       C:/thirdpartyLibs/arm-gnu-toolchain-15.2/bin/../lib/gcc/arm-none-eabi/15.2.1/thumb/v7-m/nofp/crtbegin.o
_ITM_registerTMCloneTable                         C:/thirdpartyLibs/arm-gnu-toolchain-15.2/bin/../lib/gcc/arm-none-eabi/15.2.1/thumb/v7-m/nofp/crtbegin.o
_Min_Stack_Size                                   build/sysmem.o
__TMC_END__                                       C:/thirdpartyLibs/arm-gnu-toolchain-15.2/bin/../lib/gcc/arm-none-eabi/15.2.1/thumb/v7-m/nofp/crtend.o
                                                  C:/thirdpartyLibs/arm-gnu-toolchain-15.2/bin/../lib/gcc/arm-none-eabi/15.2.1/thumb/v7-m/nofp/crtbegin.o
__adddf3                                          C:/thirdpartyLibs/arm-gnu-toolchain-15.2/bin/../lib/gcc/arm-none-eabi/15.2.1/thumb/v7-m/nofp\libgcc.a(_arm_addsubdf3.o)
__addsf3                                          C:/thirdpartyLibs/arm-gnu-toolchain-15.2/bin/../lib/gcc/arm-none-eabi/15.2.1/thumb/v7-m/nofp\libgcc.a(_arm_addsubsf3.o)
__aeabi_cfcmpeq                                   C:/thirdpartyLibs/arm-gnu-toolchain-15.2/bin/../lib/gcc/arm-none-eabi/15.2.1/thumb/v7-m/nofp\libgcc.a(_arm_cmpsf2.o)
__aeabi_cfcmple                                   C:/thirdpartyLibs/arm-gnu-toolchain-15.2/bin/../lib/gcc/arm-none-eabi/15.2.1/thumb/v7-m/nofp\libgcc.a(_arm_cmpsf2.o)
__aeabi_cfrcmple                                  C:/thirdpartyLibs/arm-gnu-toolchain-15.2/bin/../lib/gcc/arm-none-eabi/15.2.1/thumb/v7-m/nofp\libgcc.a(_arm_cmpsf2.o)
__aeabi_d2f                                       C:/thirdpartyLibs/arm-gnu-toolchain-15.2/bin/../lib/gcc/arm-none-eabi/15.2.1/thumb/v7-m/nofp\libgcc.a(_arm_truncdfsf2.o)
                                                  build/ws2812.o
__aeabi_d2uiz                                     C:/thirdpartyLibs/arm-gnu-toolchain-15.2/bin/../lib/gcc/arm-none-eabi/15.2.1/thumb/v7-m/nofp\libgcc.a(_arm_fixunsdfsi.o)
                                                  build/ws2812.o
__aeabi_dadd                                      C:/thirdpartyLibs/arm-gnu-toolchain-15.2/bin/../lib/gcc/arm-none-eabi/15.2.1/thumb/v7-m/nofp\libgcc.a(_arm_addsubdf3.o)
                                                  build/ws2812.o
__aeabi_dmul                                      C:/thirdpartyLibs/arm-gnu-toolchain-15.2/bin/../lib/gcc/arm-none-eabi/15.2.1/thumb/v7-m/nofp\libgcc.a(_arm_muldf3.o)
                                                  build/ws2812.o
__aeabi_drsub                                     C:/thirdpartyLibs/arm-gnu-toolchain-15.2/bin/../lib/gcc/arm-none-eabi/15.2.1/thumb/v7-m/nofp\libgcc.a(_arm_addsubdf3.o)
__aeabi_dsub                                      C:/thirdpartyLibs/arm-gnu-toolchain-15.2/bin/../lib/gcc/arm-none-eabi/15.2.1/thumb/v7-m/nofp\libgcc.a(_arm_addsubdf3.o)
__aeabi_f2d                                       C:/thirdpartyLibs/arm-gnu-toolchain-15.2/bin/../lib/gcc/arm-none-eabi/15.2.1/thumb/v7-m/nofp\libgcc.a(_arm_addsubdf3.o)
                                                  build/ws2812.o
__aeabi_f2iz                                      C:/thirdpartyLibs/arm-gnu-toolchain-15.2/bin/../lib/gcc/arm-none-eabi/15.2.1/thumb/v7-m/nofp\libgcc.a(_arm_fixsfsi.o)
                                                  C:/thirdpartyLibs/arm-gnu-toolchain-15.2/bin/../lib/gcc/arm-none-eabi/15.2.1/../../../../arm-none-eabi/lib/thumb/v7-m/nofp\libm.a(libm_a-kf_rem_pio2.o)
                                                  C:/thirdpartyLibs/arm-gnu-toolchain-15.2/bin/../lib/gcc/arm-none-eabi/15.2.1/../../../../arm-none-eabi/lib/thumb/v7-m/nofp\libm.a(libm_a-ef_rem_pio2.o)
                                                  C:/thirdpartyLibs/arm-gnu-toolchain-15.2/bin/../lib/gcc/arm-none-eabi/15.2.1/../../../../arm-none-eabi/lib/thumb/v7-m/nofp\libm.a(libm_a-kf_sin.o)
                                                  C:/thirdpartyLibs/arm-gnu-toolchain-15.2/bin/../lib/gcc/arm-none-eabi/15.2.1/../../../../arm-none-eabi/lib/thumb/v7-m/nofp\libm.a(libm_a-kf_cos.o)
__aeabi_fadd                                      C:/thirdpartyLibs/arm-gnu-toolchain-15.2/bin/../lib/gcc/arm-none-eabi/15.2.1/thumb/v7-m/nofp\libgcc.a(_arm_addsubsf3.o)
                                                  C:/thirdpartyLibs/arm-gnu-toolchain-15.2/bin/../lib/gcc/arm-none-eabi/15.2.1/../../../../arm-none-eabi/lib/thumb/v7-m/nofp\libm.a(libm_a-sf_floor.o)
                                                  C:/thirdpartyLibs/arm-gnu-toolchain-15.2/bin/../lib/gcc/arm-none-eabi/15.2.1/../../../../arm-none-eabi/lib/thumb/v7-m/nofp\libm.a(libm_a-sf_scalbn.o)
                                                  C:/thirdpartyLibs/arm-gnu-toolchain-15.2/bin/../lib/gcc/arm-none-eabi/15.2.1/../../../../arm-none-eabi/lib/thumb/v7-m/nofp\libm.a(libm_a-kf_rem_pio2.o)
                                                  C:/thirdpartyLibs/arm-gnu-toolchain-15.2/bin/../lib/gcc/arm-none-eabi/15.2.1/../../../../arm-none-eabi/lib/thumb/v7-m/nofp\libm.a(libm_a-ef_rem_pio2.o)
                                                  C:/thirdpartyLibs/arm-gnu-toolchain-15.2/bin/../lib/gcc/arm-none-eabi/15.2.1/../../../../arm-none-eabi/lib/thumb/v7-m/nofp\libm.a(libm_a-kf_sin.o)
                                                  C:/thirdpartyLibs/arm-gnu-toolchain-15.2/bin/../lib/gcc/arm-none-eabi/15.2.1/../../../../arm-none-eabi/lib/thumb/v7-m/nofp\libm.a(libm_a-kf_cos.o)
                                                  build/ws2812.o
__aeabi_fcmpeq                                    C:/thirdpartyLibs/arm-gnu-toolchain-15.2/bin/../lib/gcc/arm-none-eabi/15.2.1/thumb/v7-m/nofp\libgcc.a(_arm_cmpsf2.o)
                                                  C:/thirdpartyLibs/arm-gnu-toolchain-15.2/bin/../lib/gcc/arm-none-eabi/15.2.1/../../../../arm-none-eabi/lib/thumb/v7-m/nofp\libm.a(libm_a-kf_rem_pio2.o)
                                                  C:/thirdpartyLibs/arm-gnu-toolchain-15.2/bin/../lib/gcc/arm-none-eabi/15.2.1/../../../../arm-none-eabi/lib/thumb/v7-m/nofp\libm.a(libm_a-ef_rem_pio2.o)