ARM GAS  C:\Users\Xuleo\AppData\Local\Temp\cc1GqFBL.s 			page 1


   1              		.cpu cortex-m3
   2              		.arch armv7-m
   3              		.fpu softvfp
   4              		.eabi_attribute 20, 1
   5              		.eabi_attribute 21, 1
   6              		.eabi_attribute 23, 3
   7              		.eabi_attribute 24, 1
   8              		.eabi_attribute 25, 1
   9              		.eabi_attribute 26, 1
  10              		.eabi_attribute 30, 1
  11              		.eabi_attribute 34, 1
  12              		.eabi_attribute 18, 4
  13              		.file	"main.c"
  14              		.text
  15              	.Ltext0:
  16              		.cfi_sections	.debug_frame
  17              		.file 1 "Core/Src/main.c"
  18              		.section	.text.Error_Handler,"ax",%progbits
  19              		.align	1
  20              		.global	Error_Handler
  21              		.syntax unified
  22              		.thumb
  23              		.thumb_func
  25              	Error_Handler:
  26              	.LFB67:
   1:Core/Src/main.c **** /* USER CODE BEGIN Header */
   2:Core/Src/main.c **** /**
   3:Core/Src/main.c ****   ******************************************************************************
   4:Core/Src/main.c ****   * @file           : main.c
   5:Core/Src/main.c ****   * @brief          : Main program body
   6:Core/Src/main.c ****   ******************************************************************************
   7:Core/Src/main.c ****   * @attention
   8:Core/Src/main.c ****   *
   9:Core/Src/main.c ****   * Copyright (c) 2026 STMicroelectronics.
  10:Core/Src/main.c ****   * All rights reserved.
  11:Core/Src/main.c ****   *
  12:Core/Src/main.c ****   * This software is licensed under terms that can be found in the LICENSE file
  13:Core/Src/main.c ****   * in the root directory of this software component.
  14:Core/Src/main.c ****   * If no LICENSE file comes with this software, it is provided AS-IS.
  15:Core/Src/main.c ****   *
  16:Core/Src/main.c ****   ******************************************************************************
  17:Core/Src/main.c ****   */
  18:Core/Src/main.c **** /* USER CODE END Header */
  19:Core/Src/main.c **** /* Includes ------------------------------------------------------------------*/
  20:Core/Src/main.c **** #include "main.h"
  21:Core/Src/main.c **** #include "dma.h"
  22:Core/Src/main.c **** #include "spi.h"
  23:Core/Src/main.c **** #include "tim.h"
  24:Core/Src/main.c **** #include "usart.h"
  25:Core/Src/main.c **** #include "gpio.h"
  26:Core/Src/main.c **** 
  27:Core/Src/main.c **** /* Private includes ----------------------------------------------------------*/
  28:Core/Src/main.c **** /* USER CODE BEGIN Includes */
  29:Core/Src/main.c **** #include <application.h>
  30:Core/Src/main.c **** /* USER CODE END Includes */
  31:Core/Src/main.c **** 
  32:Core/Src/main.c **** /* Private typedef -----------------------------------------------------------*/
ARM GAS  C:\Users\Xuleo\AppData\Local\Temp\cc1GqFBL.s 			page 2


  33:Core/Src/main.c **** /* USER CODE BEGIN PTD */
  34:Core/Src/main.c **** 
  35:Core/Src/main.c **** /* USER CODE END PTD */
  36:Core/Src/main.c **** 
  37:Core/Src/main.c **** /* Private define ------------------------------------------------------------*/
  38:Core/Src/main.c **** /* USER CODE BEGIN PD */
  39:Core/Src/main.c **** 
  40:Core/Src/main.c **** /* USER CODE END PD */
  41:Core/Src/main.c **** 
  42:Core/Src/main.c **** /* Private macro -------------------------------------------------------------*/
  43:Core/Src/main.c **** /* USER CODE BEGIN PM */
  44:Core/Src/main.c **** 
  45:Core/Src/main.c **** /* USER CODE END PM */
  46:Core/Src/main.c **** 
  47:Core/Src/main.c **** /* Private variables ---------------------------------------------------------*/
  48:Core/Src/main.c **** 
  49:Core/Src/main.c **** /* USER CODE BEGIN PV */
  50:Core/Src/main.c **** 
  51:Core/Src/main.c **** /* USER CODE END PV */
  52:Core/Src/main.c **** 
  53:Core/Src/main.c **** /* Private function prototypes -----------------------------------------------*/
  54:Core/Src/main.c **** void SystemClock_Config(void);
  55:Core/Src/main.c **** /* USER CODE BEGIN PFP */
  56:Core/Src/main.c **** 
  57:Core/Src/main.c **** /* USER CODE END PFP */
  58:Core/Src/main.c **** 
  59:Core/Src/main.c **** /* Private user code ---------------------------------------------------------*/
  60:Core/Src/main.c **** /* USER CODE BEGIN 0 */
  61:Core/Src/main.c **** 
  62:Core/Src/main.c **** /* USER CODE END 0 */
  63:Core/Src/main.c **** 
  64:Core/Src/main.c **** /**
  65:Core/Src/main.c ****   * @brief  The application entry point.
  66:Core/Src/main.c ****   * @retval int
  67:Core/Src/main.c ****   */
  68:Core/Src/main.c **** int main(void)
  69:Core/Src/main.c **** {
  70:Core/Src/main.c **** 
  71:Core/Src/main.c ****   /* USER CODE BEGIN 1 */
  72:Core/Src/main.c **** 
  73:Core/Src/main.c ****   /* USER CODE END 1 */
  74:Core/Src/main.c **** 
  75:Core/Src/main.c ****   /* MCU Configuration--------------------------------------------------------*/
  76:Core/Src/main.c **** 
  77:Core/Src/main.c ****   /* Reset of all peripherals, Initializes the Flash interface and the Systick. */
  78:Core/Src/main.c ****   HAL_Init();
  79:Core/Src/main.c **** 
  80:Core/Src/main.c ****   /* USER CODE BEGIN Init */
  81:Core/Src/main.c **** 
  82:Core/Src/main.c ****   /* USER CODE END Init */
  83:Core/Src/main.c **** 
  84:Core/Src/main.c ****   /* Configure the system clock */
  85:Core/Src/main.c ****   SystemClock_Config();
  86:Core/Src/main.c **** 
  87:Core/Src/main.c ****   /* USER CODE BEGIN SysInit */
  88:Core/Src/main.c **** 
  89:Core/Src/main.c ****   /* USER CODE END SysInit */
ARM GAS  C:\Users\Xuleo\AppData\Local\Temp\cc1GqFBL.s 			page 3


  90:Core/Src/main.c **** 
  91:Core/Src/main.c ****   /* Initialize all configured peripherals */
  92:Core/Src/main.c ****   MX_GPIO_Init();
  93:Core/Src/main.c ****   MX_DMA_Init();
  94:Core/Src/main.c ****   MX_USART1_UART_Init();
  95:Core/Src/main.c ****   MX_USART3_UART_Init();
  96:Core/Src/main.c ****   MX_SPI2_Init();
  97:Core/Src/main.c ****   MX_TIM2_Init();
  98:Core/Src/main.c ****   /* USER CODE BEGIN 2 */
  99:Core/Src/main.c ****   // test: set all LED red:
 100:Core/Src/main.c ****   ws2812_pure(255,0,0);
 101:Core/Src/main.c ****   ws2812_refresh();
 102:Core/Src/main.c ****   init_keys();
 103:Core/Src/main.c ****   init_vofa();
 104:Core/Src/main.c ****   init_packet();
 105:Core/Src/main.c ****   HAL_TIM_Base_Start_IT(&htim2);
 106:Core/Src/main.c ****   /* USER CODE END 2 */
 107:Core/Src/main.c **** 
 108:Core/Src/main.c ****   /* Infinite loop */
 109:Core/Src/main.c ****   /* USER CODE BEGIN WHILE */
 110:Core/Src/main.c ****   while (1)
 111:Core/Src/main.c ****   {
 112:Core/Src/main.c ****     loop_scan_keys();
 113:Core/Src/main.c ****     if (key_need_handle >= 0){ // enter fsm logic for buying bulllets:
 114:Core/Src/main.c ****       // press I/O open menu
 115:Core/Src/main.c ****       call_buy_UI(); // also need release the key, can add function here
 116:Core/Src/main.c ****       // according to index find the position to buy
 117:Core/Src/main.c ****       move_click_mouse(key_need_handle); // also need to unclick after this click can add functions
 118:Core/Src/main.c ****       // also need to click OK:
 119:Core/Src/main.c ****       click_buy_bullets(); // also need unclick, can add functions here
 120:Core/Src/main.c ****       key_need_handle = -1;
 121:Core/Src/main.c ****     }
 122:Core/Src/main.c ****     /* USER CODE END WHILE */
 123:Core/Src/main.c **** 
 124:Core/Src/main.c ****     /* USER CODE BEGIN 3 */
 125:Core/Src/main.c ****   }
 126:Core/Src/main.c ****   /* USER CODE END 3 */
 127:Core/Src/main.c **** }
 128:Core/Src/main.c **** 
 129:Core/Src/main.c **** /**
 130:Core/Src/main.c ****   * @brief System Clock Configuration
 131:Core/Src/main.c ****   * @retval None
 132:Core/Src/main.c ****   */
 133:Core/Src/main.c **** void SystemClock_Config(void)
 134:Core/Src/main.c **** {
 135:Core/Src/main.c ****   RCC_OscInitTypeDef RCC_OscInitStruct = {0};
 136:Core/Src/main.c ****   RCC_ClkInitTypeDef RCC_ClkInitStruct = {0};
 137:Core/Src/main.c **** 
 138:Core/Src/main.c ****   /** Initializes the RCC Oscillators according to the specified parameters
 139:Core/Src/main.c ****   * in the RCC_OscInitTypeDef structure.
 140:Core/Src/main.c ****   */
 141:Core/Src/main.c ****   RCC_OscInitStruct.OscillatorType = RCC_OSCILLATORTYPE_HSE;
 142:Core/Src/main.c ****   RCC_OscInitStruct.HSEState = RCC_HSE_ON;
 143:Core/Src/main.c ****   RCC_OscInitStruct.HSEPredivValue = RCC_HSE_PREDIV_DIV2;
 144:Core/Src/main.c ****   RCC_OscInitStruct.HSIState = RCC_HSI_ON;
 145:Core/Src/main.c ****   RCC_OscInitStruct.PLL.PLLState = RCC_PLL_ON;
 146:Core/Src/main.c ****   RCC_OscInitStruct.PLL.PLLSource = RCC_PLLSOURCE_HSE;
ARM GAS  C:\Users\Xuleo\AppData\Local\Temp\cc1GqFBL.s 			page 4


 147:Core/Src/main.c ****   RCC_OscInitStruct.PLL.PLLMUL = RCC_PLL_MUL10;
 148:Core/Src/main.c ****   if (HAL_RCC_OscConfig(&RCC_OscInitStruct) != HAL_OK)
 149:Core/Src/main.c ****   {
 150:Core/Src/main.c ****     Error_Handler();
 151:Core/Src/main.c ****   }
 152:Core/Src/main.c **** 
 153:Core/Src/main.c ****   /** Initializes the CPU, AHB and APB buses clocks
 154:Core/Src/main.c ****   */
 155:Core/Src/main.c ****   RCC_ClkInitStruct.ClockType = RCC_CLOCKTYPE_HCLK|RCC_CLOCKTYPE_SYSCLK
 156:Core/Src/main.c ****                               |RCC_CLOCKTYPE_PCLK1|RCC_CLOCKTYPE_PCLK2;
 157:Core/Src/main.c ****   RCC_ClkInitStruct.SYSCLKSource = RCC_SYSCLKSOURCE_PLLCLK;
 158:Core/Src/main.c ****   RCC_ClkInitStruct.AHBCLKDivider = RCC_SYSCLK_DIV1;
 159:Core/Src/main.c ****   RCC_ClkInitStruct.APB1CLKDivider = RCC_HCLK_DIV2;
 160:Core/Src/main.c ****   RCC_ClkInitStruct.APB2CLKDivider = RCC_HCLK_DIV1;
 161:Core/Src/main.c **** 
 162:Core/Src/main.c ****   if (HAL_RCC_ClockConfig(&RCC_ClkInitStruct, FLASH_LATENCY_1) != HAL_OK)
 163:Core/Src/main.c ****   {
 164:Core/Src/main.c ****     Error_Handler();
 165:Core/Src/main.c ****   }
 166:Core/Src/main.c **** }
 167:Core/Src/main.c **** 
 168:Core/Src/main.c **** /* USER CODE BEGIN 4 */
 169:Core/Src/main.c **** 
 170:Core/Src/main.c **** /* USER CODE END 4 */
 171:Core/Src/main.c **** 
 172:Core/Src/main.c **** /**
 173:Core/Src/main.c ****   * @brief  This function is executed in case of error occurrence.
 174:Core/Src/main.c ****   * @retval None
 175:Core/Src/main.c ****   */
 176:Core/Src/main.c **** void Error_Handler(void)
 177:Core/Src/main.c **** {
  27              		.loc 1 177 1 view -0
  28              		.cfi_startproc
  29              		@ Volatile: function does not return.
  30              		@ args = 0, pretend = 0, frame = 0
  31              		@ frame_needed = 0, uses_anonymous_args = 0
  32              		@ link register save eliminated.
 178:Core/Src/main.c ****   /* USER CODE BEGIN Error_Handler_Debug */
 179:Core/Src/main.c ****   /* User can add his own implementation to report the HAL error return state */
 180:Core/Src/main.c ****   __disable_irq();
  33              		.loc 1 180 3 view .LVU1
  34              	.LBB4:
  35              	.LBI4:
  36              		.file 2 "Drivers/CMSIS/Include/cmsis_gcc.h"
   1:Drivers/CMSIS/Include/cmsis_gcc.h **** /**************************************************************************//**
   2:Drivers/CMSIS/Include/cmsis_gcc.h ****  * @file     cmsis_gcc.h
   3:Drivers/CMSIS/Include/cmsis_gcc.h ****  * @brief    CMSIS compiler GCC header file
   4:Drivers/CMSIS/Include/cmsis_gcc.h ****  * @version  V5.0.4
   5:Drivers/CMSIS/Include/cmsis_gcc.h ****  * @date     09. April 2018
   6:Drivers/CMSIS/Include/cmsis_gcc.h ****  ******************************************************************************/
   7:Drivers/CMSIS/Include/cmsis_gcc.h **** /*
   8:Drivers/CMSIS/Include/cmsis_gcc.h ****  * Copyright (c) 2009-2018 Arm Limited. All rights reserved.
   9:Drivers/CMSIS/Include/cmsis_gcc.h ****  *
  10:Drivers/CMSIS/Include/cmsis_gcc.h ****  * SPDX-License-Identifier: Apache-2.0
  11:Drivers/CMSIS/Include/cmsis_gcc.h ****  *
  12:Drivers/CMSIS/Include/cmsis_gcc.h ****  * Licensed under the Apache License, Version 2.0 (the License); you may
  13:Drivers/CMSIS/Include/cmsis_gcc.h ****  * not use this file except in compliance with the License.
ARM GAS  C:\Users\Xuleo\AppData\Local\Temp\cc1GqFBL.s 			page 5


  14:Drivers/CMSIS/Include/cmsis_gcc.h ****  * You may obtain a copy of the License at
  15:Drivers/CMSIS/Include/cmsis_gcc.h ****  *
  16:Drivers/CMSIS/Include/cmsis_gcc.h ****  * www.apache.org/licenses/LICENSE-2.0
  17:Drivers/CMSIS/Include/cmsis_gcc.h ****  *
  18:Drivers/CMSIS/Include/cmsis_gcc.h ****  * Unless required by applicable law or agreed to in writing, software
  19:Drivers/CMSIS/Include/cmsis_gcc.h ****  * distributed under the License is distributed on an AS IS BASIS, WITHOUT
  20:Drivers/CMSIS/Include/cmsis_gcc.h ****  * WARRANTIES OR CONDITIONS OF ANY KIND, either express or implied.
  21:Drivers/CMSIS/Include/cmsis_gcc.h ****  * See the License for the specific language governing permissions and
  22:Drivers/CMSIS/Include/cmsis_gcc.h ****  * limitations under the License.
  23:Drivers/CMSIS/Include/cmsis_gcc.h ****  */
  24:Drivers/CMSIS/Include/cmsis_gcc.h **** 
  25:Drivers/CMSIS/Include/cmsis_gcc.h **** #ifndef __CMSIS_GCC_H
  26:Drivers/CMSIS/Include/cmsis_gcc.h **** #define __CMSIS_GCC_H
  27:Drivers/CMSIS/Include/cmsis_gcc.h **** 
  28:Drivers/CMSIS/Include/cmsis_gcc.h **** /* ignore some GCC warnings */
  29:Drivers/CMSIS/Include/cmsis_gcc.h **** #pragma GCC diagnostic push
  30:Drivers/CMSIS/Include/cmsis_gcc.h **** #pragma GCC diagnostic ignored "-Wsign-conversion"
  31:Drivers/CMSIS/Include/cmsis_gcc.h **** #pragma GCC diagnostic ignored "-Wconversion"
  32:Drivers/CMSIS/Include/cmsis_gcc.h **** #pragma GCC diagnostic ignored "-Wunused-parameter"
  33:Drivers/CMSIS/Include/cmsis_gcc.h **** 
  34:Drivers/CMSIS/Include/cmsis_gcc.h **** /* Fallback for __has_builtin */
  35:Drivers/CMSIS/Include/cmsis_gcc.h **** #ifndef __has_builtin
  36:Drivers/CMSIS/Include/cmsis_gcc.h ****   #define __has_builtin(x) (0)
  37:Drivers/CMSIS/Include/cmsis_gcc.h **** #endif
  38:Drivers/CMSIS/Include/cmsis_gcc.h **** 
  39:Drivers/CMSIS/Include/cmsis_gcc.h **** /* CMSIS compiler specific defines */
  40:Drivers/CMSIS/Include/cmsis_gcc.h **** #ifndef   __ASM
  41:Drivers/CMSIS/Include/cmsis_gcc.h ****   #define __ASM                                  __asm
  42:Drivers/CMSIS/Include/cmsis_gcc.h **** #endif
  43:Drivers/CMSIS/Include/cmsis_gcc.h **** #ifndef   __INLINE
  44:Drivers/CMSIS/Include/cmsis_gcc.h ****   #define __INLINE                               inline
  45:Drivers/CMSIS/Include/cmsis_gcc.h **** #endif
  46:Drivers/CMSIS/Include/cmsis_gcc.h **** #ifndef   __STATIC_INLINE
  47:Drivers/CMSIS/Include/cmsis_gcc.h ****   #define __STATIC_INLINE                        static inline
  48:Drivers/CMSIS/Include/cmsis_gcc.h **** #endif
  49:Drivers/CMSIS/Include/cmsis_gcc.h **** #ifndef   __STATIC_FORCEINLINE                 
  50:Drivers/CMSIS/Include/cmsis_gcc.h ****   #define __STATIC_FORCEINLINE                   __attribute__((always_inline)) static inline
  51:Drivers/CMSIS/Include/cmsis_gcc.h **** #endif                                           
  52:Drivers/CMSIS/Include/cmsis_gcc.h **** #ifndef   __NO_RETURN
  53:Drivers/CMSIS/Include/cmsis_gcc.h ****   #define __NO_RETURN                            __attribute__((__noreturn__))
  54:Drivers/CMSIS/Include/cmsis_gcc.h **** #endif
  55:Drivers/CMSIS/Include/cmsis_gcc.h **** #ifndef   __USED
  56:Drivers/CMSIS/Include/cmsis_gcc.h ****   #define __USED                                 __attribute__((used))
  57:Drivers/CMSIS/Include/cmsis_gcc.h **** #endif
  58:Drivers/CMSIS/Include/cmsis_gcc.h **** #ifndef   __WEAK
  59:Drivers/CMSIS/Include/cmsis_gcc.h ****   #define __WEAK                                 __attribute__((weak))
  60:Drivers/CMSIS/Include/cmsis_gcc.h **** #endif
  61:Drivers/CMSIS/Include/cmsis_gcc.h **** #ifndef   __PACKED
  62:Drivers/CMSIS/Include/cmsis_gcc.h ****   #define __PACKED                               __attribute__((packed, aligned(1)))
  63:Drivers/CMSIS/Include/cmsis_gcc.h **** #endif
  64:Drivers/CMSIS/Include/cmsis_gcc.h **** #ifndef   __PACKED_STRUCT
  65:Drivers/CMSIS/Include/cmsis_gcc.h ****   #define __PACKED_STRUCT                        struct __attribute__((packed, aligned(1)))
  66:Drivers/CMSIS/Include/cmsis_gcc.h **** #endif
  67:Drivers/CMSIS/Include/cmsis_gcc.h **** #ifndef   __PACKED_UNION
  68:Drivers/CMSIS/Include/cmsis_gcc.h ****   #define __PACKED_UNION                         union __attribute__((packed, aligned(1)))
  69:Drivers/CMSIS/Include/cmsis_gcc.h **** #endif
  70:Drivers/CMSIS/Include/cmsis_gcc.h **** #ifndef   __UNALIGNED_UINT32        /* deprecated */
ARM GAS  C:\Users\Xuleo\AppData\Local\Temp\cc1GqFBL.s 			page 6


  71:Drivers/CMSIS/Include/cmsis_gcc.h ****   #pragma GCC diagnostic push
  72:Drivers/CMSIS/Include/cmsis_gcc.h ****   #pragma GCC diagnostic ignored "-Wpacked"
  73:Drivers/CMSIS/Include/cmsis_gcc.h ****   #pragma GCC diagnostic ignored "-Wattributes"
  74:Drivers/CMSIS/Include/cmsis_gcc.h ****   struct __attribute__((packed)) T_UINT32 { uint32_t v; };
  75:Drivers/CMSIS/Include/cmsis_gcc.h ****   #pragma GCC diagnostic pop
  76:Drivers/CMSIS/Include/cmsis_gcc.h ****   #define __UNALIGNED_UINT32(x)                  (((struct T_UINT32 *)(x))->v)
  77:Drivers/CMSIS/Include/cmsis_gcc.h **** #endif
  78:Drivers/CMSIS/Include/cmsis_gcc.h **** #ifndef   __UNALIGNED_UINT16_WRITE
  79:Drivers/CMSIS/Include/cmsis_gcc.h ****   #pragma GCC diagnostic push
  80:Drivers/CMSIS/Include/cmsis_gcc.h ****   #pragma GCC diagnostic ignored "-Wpacked"
  81:Drivers/CMSIS/Include/cmsis_gcc.h ****   #pragma GCC diagnostic ignored "-Wattributes"
  82:Drivers/CMSIS/Include/cmsis_gcc.h ****   __PACKED_STRUCT T_UINT16_WRITE { uint16_t v; };
  83:Drivers/CMSIS/Include/cmsis_gcc.h ****   #pragma GCC diagnostic pop
  84:Drivers/CMSIS/Include/cmsis_gcc.h ****   #define __UNALIGNED_UINT16_WRITE(addr, val)    (void)((((struct T_UINT16_WRITE *)(void *)(addr))-
  85:Drivers/CMSIS/Include/cmsis_gcc.h **** #endif
  86:Drivers/CMSIS/Include/cmsis_gcc.h **** #ifndef   __UNALIGNED_UINT16_READ
  87:Drivers/CMSIS/Include/cmsis_gcc.h ****   #pragma GCC diagnostic push
  88:Drivers/CMSIS/Include/cmsis_gcc.h ****   #pragma GCC diagnostic ignored "-Wpacked"
  89:Drivers/CMSIS/Include/cmsis_gcc.h ****   #pragma GCC diagnostic ignored "-Wattributes"
  90:Drivers/CMSIS/Include/cmsis_gcc.h ****   __PACKED_STRUCT T_UINT16_READ { uint16_t v; };
  91:Drivers/CMSIS/Include/cmsis_gcc.h ****   #pragma GCC diagnostic pop
  92:Drivers/CMSIS/Include/cmsis_gcc.h ****   #define __UNALIGNED_UINT16_READ(addr)          (((const struct T_UINT16_READ *)(const void *)(add
  93:Drivers/CMSIS/Include/cmsis_gcc.h **** #endif
  94:Drivers/CMSIS/Include/cmsis_gcc.h **** #ifndef   __UNALIGNED_UINT32_WRITE
  95:Drivers/CMSIS/Include/cmsis_gcc.h ****   #pragma GCC diagnostic push
  96:Drivers/CMSIS/Include/cmsis_gcc.h ****   #pragma GCC diagnostic ignored "-Wpacked"
  97:Drivers/CMSIS/Include/cmsis_gcc.h ****   #pragma GCC diagnostic ignored "-Wattributes"
  98:Drivers/CMSIS/Include/cmsis_gcc.h ****   __PACKED_STRUCT T_UINT32_WRITE { uint32_t v; };
  99:Drivers/CMSIS/Include/cmsis_gcc.h ****   #pragma GCC diagnostic pop
 100:Drivers/CMSIS/Include/cmsis_gcc.h ****   #define __UNALIGNED_UINT32_WRITE(addr, val)    (void)((((struct T_UINT32_WRITE *)(void *)(addr))-
 101:Drivers/CMSIS/Include/cmsis_gcc.h **** #endif
 102:Drivers/CMSIS/Include/cmsis_gcc.h **** #ifndef   __UNALIGNED_UINT32_READ
 103:Drivers/CMSIS/Include/cmsis_gcc.h ****   #pragma GCC diagnostic push
 104:Drivers/CMSIS/Include/cmsis_gcc.h ****   #pragma GCC diagnostic ignored "-Wpacked"
 105:Drivers/CMSIS/Include/cmsis_gcc.h ****   #pragma GCC diagnostic ignored "-Wattributes"
 106:Drivers/CMSIS/Include/cmsis_gcc.h ****   __PACKED_STRUCT T_UINT32_READ { uint32_t v; };
 107:Drivers/CMSIS/Include/cmsis_gcc.h ****   #pragma GCC diagnostic pop
 108:Drivers/CMSIS/Include/cmsis_gcc.h ****   #define __UNALIGNED_UINT32_READ(addr)          (((const struct T_UINT32_READ *)(const void *)(add
 109:Drivers/CMSIS/Include/cmsis_gcc.h **** #endif
 110:Drivers/CMSIS/Include/cmsis_gcc.h **** #ifndef   __ALIGNED
 111:Drivers/CMSIS/Include/cmsis_gcc.h ****   #define __ALIGNED(x)                           __attribute__((aligned(x)))
 112:Drivers/CMSIS/Include/cmsis_gcc.h **** #endif
 113:Drivers/CMSIS/Include/cmsis_gcc.h **** #ifndef   __RESTRICT
 114:Drivers/CMSIS/Include/cmsis_gcc.h ****   #define __RESTRICT                             __restrict
 115:Drivers/CMSIS/Include/cmsis_gcc.h **** #endif
 116:Drivers/CMSIS/Include/cmsis_gcc.h **** 
 117:Drivers/CMSIS/Include/cmsis_gcc.h **** 
 118:Drivers/CMSIS/Include/cmsis_gcc.h **** /* ###########################  Core Function Access  ########################### */
 119:Drivers/CMSIS/Include/cmsis_gcc.h **** /** \ingroup  CMSIS_Core_FunctionInterface
 120:Drivers/CMSIS/Include/cmsis_gcc.h ****     \defgroup CMSIS_Core_RegAccFunctions CMSIS Core Register Access Functions
 121:Drivers/CMSIS/Include/cmsis_gcc.h ****   @{
 122:Drivers/CMSIS/Include/cmsis_gcc.h ****  */
 123:Drivers/CMSIS/Include/cmsis_gcc.h **** 
 124:Drivers/CMSIS/Include/cmsis_gcc.h **** /**
 125:Drivers/CMSIS/Include/cmsis_gcc.h ****   \brief   Enable IRQ Interrupts
 126:Drivers/CMSIS/Include/cmsis_gcc.h ****   \details Enables IRQ interrupts by clearing the I-bit in the CPSR.
 127:Drivers/CMSIS/Include/cmsis_gcc.h ****            Can only be executed in Privileged modes.
ARM GAS  C:\Users\Xuleo\AppData\Local\Temp\cc1GqFBL.s 			page 7


 128:Drivers/CMSIS/Include/cmsis_gcc.h ****  */
 129:Drivers/CMSIS/Include/cmsis_gcc.h **** __STATIC_FORCEINLINE void __enable_irq(void)
 130:Drivers/CMSIS/Include/cmsis_gcc.h **** {
 131:Drivers/CMSIS/Include/cmsis_gcc.h ****   __ASM volatile ("cpsie i" : : : "memory");
 132:Drivers/CMSIS/Include/cmsis_gcc.h **** }
 133:Drivers/CMSIS/Include/cmsis_gcc.h **** 
 134:Drivers/CMSIS/Include/cmsis_gcc.h **** 
 135:Drivers/CMSIS/Include/cmsis_gcc.h **** /**
 136:Drivers/CMSIS/Include/cmsis_gcc.h ****   \brief   Disable IRQ Interrupts
 137:Drivers/CMSIS/Include/cmsis_gcc.h ****   \details Disables IRQ interrupts by setting the I-bit in the CPSR.
 138:Drivers/CMSIS/Include/cmsis_gcc.h ****            Can only be executed in Privileged modes.
 139:Drivers/CMSIS/Include/cmsis_gcc.h ****  */
 140:Drivers/CMSIS/Include/cmsis_gcc.h **** __STATIC_FORCEINLINE void __disable_irq(void)
  37              		.loc 2 140 27 view .LVU2
  38              	.LBB5:
 141:Drivers/CMSIS/Include/cmsis_gcc.h **** {
 142:Drivers/CMSIS/Include/cmsis_gcc.h ****   __ASM volatile ("cpsid i" : : : "memory");
  39              		.loc 2 142 3 view .LVU3
  40              		.syntax unified
  41              	@ 142 "Drivers/CMSIS/Include/cmsis_gcc.h" 1
  42 0000 72B6     		cpsid i
  43              	@ 0 "" 2
  44              		.thumb
  45              		.syntax unified
  46              	.L2:
  47              	.LBE5:
  48              	.LBE4:
 181:Core/Src/main.c ****   while (1)
  49              		.loc 1 181 3 view .LVU4
 182:Core/Src/main.c ****   {
 183:Core/Src/main.c ****   }
  50              		.loc 1 183 3 view .LVU5
 181:Core/Src/main.c ****   while (1)
  51              		.loc 1 181 9 view .LVU6
  52 0002 FEE7     		b	.L2
  53              		.cfi_endproc
  54              	.LFE67:
  56              		.section	.text.SystemClock_Config,"ax",%progbits
  57              		.align	1
  58              		.global	SystemClock_Config
  59              		.syntax unified
  60              		.thumb
  61              		.thumb_func
  63              	SystemClock_Config:
  64              	.LFB66:
 134:Core/Src/main.c ****   RCC_OscInitTypeDef RCC_OscInitStruct = {0};
  65              		.loc 1 134 1 view -0
  66              		.cfi_startproc
  67              		@ args = 0, pretend = 0, frame = 64
  68              		@ frame_needed = 0, uses_anonymous_args = 0
  69 0000 10B5     		push	{r4, lr}
  70              	.LCFI0:
  71              		.cfi_def_cfa_offset 8
  72              		.cfi_offset 4, -8
  73              		.cfi_offset 14, -4
  74 0002 90B0     		sub	sp, sp, #64
  75              	.LCFI1:
ARM GAS  C:\Users\Xuleo\AppData\Local\Temp\cc1GqFBL.s 			page 8


  76              		.cfi_def_cfa_offset 72
 135:Core/Src/main.c ****   RCC_ClkInitTypeDef RCC_ClkInitStruct = {0};
  77              		.loc 1 135 3 view .LVU8
 135:Core/Src/main.c ****   RCC_ClkInitTypeDef RCC_ClkInitStruct = {0};
  78              		.loc 1 135 22 is_stmt 0 view .LVU9
  79 0004 06AC     		add	r4, sp, #24
  80 0006 2822     		movs	r2, #40
  81 0008 0021     		movs	r1, #0
  82 000a 2046     		mov	r0, r4
  83 000c FFF7FEFF 		bl	memset
  84              	.LVL0:
 136:Core/Src/main.c **** 
  85              		.loc 1 136 3 is_stmt 1 view .LVU10
 136:Core/Src/main.c **** 
  86              		.loc 1 136 22 is_stmt 0 view .LVU11
  87 0010 0023     		movs	r3, #0
  88 0012 0193     		str	r3, [sp, #4]
  89 0014 0293     		str	r3, [sp, #8]
  90 0016 0393     		str	r3, [sp, #12]
  91 0018 0493     		str	r3, [sp, #16]
  92 001a 0593     		str	r3, [sp, #20]
 141:Core/Src/main.c ****   RCC_OscInitStruct.HSEState = RCC_HSE_ON;
  93              		.loc 1 141 3 is_stmt 1 view .LVU12
 141:Core/Src/main.c ****   RCC_OscInitStruct.HSEState = RCC_HSE_ON;
  94              		.loc 1 141 36 is_stmt 0 view .LVU13
  95 001c 0122     		movs	r2, #1
  96 001e 0692     		str	r2, [sp, #24]
 142:Core/Src/main.c ****   RCC_OscInitStruct.HSEPredivValue = RCC_HSE_PREDIV_DIV2;
  97              		.loc 1 142 3 is_stmt 1 view .LVU14
 142:Core/Src/main.c ****   RCC_OscInitStruct.HSEPredivValue = RCC_HSE_PREDIV_DIV2;
  98              		.loc 1 142 30 is_stmt 0 view .LVU15
  99 0020 4FF48033 		mov	r3, #65536
 100 0024 0793     		str	r3, [sp, #28]
 143:Core/Src/main.c ****   RCC_OscInitStruct.HSIState = RCC_HSI_ON;
 101              		.loc 1 143 3 is_stmt 1 view .LVU16
 143:Core/Src/main.c ****   RCC_OscInitStruct.HSIState = RCC_HSI_ON;
 102              		.loc 1 143 36 is_stmt 0 view .LVU17
 103 0026 4FF40031 		mov	r1, #131072
 104 002a 0891     		str	r1, [sp, #32]
 144:Core/Src/main.c ****   RCC_OscInitStruct.PLL.PLLState = RCC_PLL_ON;
 105              		.loc 1 144 3 is_stmt 1 view .LVU18
 144:Core/Src/main.c ****   RCC_OscInitStruct.PLL.PLLState = RCC_PLL_ON;
 106              		.loc 1 144 30 is_stmt 0 view .LVU19
 107 002c 0A92     		str	r2, [sp, #40]
 145:Core/Src/main.c ****   RCC_OscInitStruct.PLL.PLLSource = RCC_PLLSOURCE_HSE;
 108              		.loc 1 145 3 is_stmt 1 view .LVU20
 145:Core/Src/main.c ****   RCC_OscInitStruct.PLL.PLLSource = RCC_PLLSOURCE_HSE;
 109              		.loc 1 145 34 is_stmt 0 view .LVU21
 110 002e 0222     		movs	r2, #2
 111 0030 0D92     		str	r2, [sp, #52]
 146:Core/Src/main.c ****   RCC_OscInitStruct.PLL.PLLMUL = RCC_PLL_MUL10;
 112              		.loc 1 146 3 is_stmt 1 view .LVU22
 146:Core/Src/main.c ****   RCC_OscInitStruct.PLL.PLLMUL = RCC_PLL_MUL10;
 113              		.loc 1 146 35 is_stmt 0 view .LVU23
 114 0032 0E93     		str	r3, [sp, #56]
 147:Core/Src/main.c ****   if (HAL_RCC_OscConfig(&RCC_OscInitStruct) != HAL_OK)
 115              		.loc 1 147 3 is_stmt 1 view .LVU24
ARM GAS  C:\Users\Xuleo\AppData\Local\Temp\cc1GqFBL.s 			page 9


 147:Core/Src/main.c ****   if (HAL_RCC_OscConfig(&RCC_OscInitStruct) != HAL_OK)
 116              		.loc 1 147 32 is_stmt 0 view .LVU25
 117 0034 4FF40013 		mov	r3, #2097152
 118 0038 0F93     		str	r3, [sp, #60]
 148:Core/Src/main.c ****   {
 119              		.loc 1 148 3 is_stmt 1 view .LVU26
 148:Core/Src/main.c ****   {
 120              		.loc 1 148 7 is_stmt 0 view .LVU27
 121 003a 2046     		mov	r0, r4
 122 003c FFF7FEFF 		bl	HAL_RCC_OscConfig
 123              	.LVL1:
 148:Core/Src/main.c ****   {
 124              		.loc 1 148 6 discriminator 1 view .LVU28
 125 0040 78B9     		cbnz	r0, .L7
 155:Core/Src/main.c ****                               |RCC_CLOCKTYPE_PCLK1|RCC_CLOCKTYPE_PCLK2;
 126              		.loc 1 155 3 is_stmt 1 view .LVU29
 155:Core/Src/main.c ****                               |RCC_CLOCKTYPE_PCLK1|RCC_CLOCKTYPE_PCLK2;
 127              		.loc 1 155 31 is_stmt 0 view .LVU30
 128 0042 0F23     		movs	r3, #15
 129 0044 0193     		str	r3, [sp, #4]
 157:Core/Src/main.c ****   RCC_ClkInitStruct.AHBCLKDivider = RCC_SYSCLK_DIV1;
 130              		.loc 1 157 3 is_stmt 1 view .LVU31
 157:Core/Src/main.c ****   RCC_ClkInitStruct.AHBCLKDivider = RCC_SYSCLK_DIV1;
 131              		.loc 1 157 34 is_stmt 0 view .LVU32
 132 0046 0223     		movs	r3, #2
 133 0048 0293     		str	r3, [sp, #8]
 158:Core/Src/main.c ****   RCC_ClkInitStruct.APB1CLKDivider = RCC_HCLK_DIV2;
 134              		.loc 1 158 3 is_stmt 1 view .LVU33
 158:Core/Src/main.c ****   RCC_ClkInitStruct.APB1CLKDivider = RCC_HCLK_DIV2;
 135              		.loc 1 158 35 is_stmt 0 view .LVU34
 136 004a 0390     		str	r0, [sp, #12]
 159:Core/Src/main.c ****   RCC_ClkInitStruct.APB2CLKDivider = RCC_HCLK_DIV1;
 137              		.loc 1 159 3 is_stmt 1 view .LVU35
 159:Core/Src/main.c ****   RCC_ClkInitStruct.APB2CLKDivider = RCC_HCLK_DIV1;
 138              		.loc 1 159 36 is_stmt 0 view .LVU36
 139 004c 4FF48062 		mov	r2, #1024
 140 0050 0492     		str	r2, [sp, #16]
 160:Core/Src/main.c **** 
 141              		.loc 1 160 3 is_stmt 1 view .LVU37
 160:Core/Src/main.c **** 
 142              		.loc 1 160 36 is_stmt 0 view .LVU38
 143 0052 0590     		str	r0, [sp, #20]
 162:Core/Src/main.c ****   {
 144              		.loc 1 162 3 is_stmt 1 view .LVU39
 162:Core/Src/main.c ****   {
 145              		.loc 1 162 7 is_stmt 0 view .LVU40
 146 0054 0121     		movs	r1, #1
 147 0056 01A8     		add	r0, sp, #4
 148 0058 FFF7FEFF 		bl	HAL_RCC_ClockConfig
 149              	.LVL2:
 162:Core/Src/main.c ****   {
 150              		.loc 1 162 6 discriminator 1 view .LVU41
 151 005c 18B9     		cbnz	r0, .L8
 166:Core/Src/main.c **** 
 152              		.loc 1 166 1 view .LVU42
 153 005e 10B0     		add	sp, sp, #64
 154              	.LCFI2:
ARM GAS  C:\Users\Xuleo\AppData\Local\Temp\cc1GqFBL.s 			page 10


 155              		.cfi_remember_state
 156              		.cfi_def_cfa_offset 8
 157              		@ sp needed
 158 0060 10BD     		pop	{r4, pc}
 159              	.L7:
 160              	.LCFI3:
 161              		.cfi_restore_state
 150:Core/Src/main.c ****   }
 162              		.loc 1 150 5 is_stmt 1 view .LVU43
 163 0062 FFF7FEFF 		bl	Error_Handler
 164              	.LVL3:
 165              	.L8:
 164:Core/Src/main.c ****   }
 166              		.loc 1 164 5 view .LVU44
 167 0066 FFF7FEFF 		bl	Error_Handler
 168              	.LVL4:
 169              		.cfi_endproc
 170              	.LFE66:
 172              		.section	.text.main,"ax",%progbits
 173              		.align	1
 174              		.global	main
 175              		.syntax unified
 176              		.thumb
 177              		.thumb_func
 179              	main:
 180              	.LFB65:
  69:Core/Src/main.c **** 
 181              		.loc 1 69 1 view -0
 182              		.cfi_startproc
 183              		@ Volatile: function does not return.
 184              		@ args = 0, pretend = 0, frame = 0
 185              		@ frame_needed = 0, uses_anonymous_args = 0
 186 0000 08B5     		push	{r3, lr}
 187              	.LCFI4:
 188              		.cfi_def_cfa_offset 8
 189              		.cfi_offset 3, -8
 190              		.cfi_offset 14, -4
  78:Core/Src/main.c **** 
 191              		.loc 1 78 3 view .LVU46
 192 0002 FFF7FEFF 		bl	HAL_Init
 193              	.LVL5:
  85:Core/Src/main.c **** 
 194              		.loc 1 85 3 view .LVU47
 195 0006 FFF7FEFF 		bl	SystemClock_Config
 196              	.LVL6:
  92:Core/Src/main.c ****   MX_DMA_Init();
 197              		.loc 1 92 3 view .LVU48
 198 000a FFF7FEFF 		bl	MX_GPIO_Init
 199              	.LVL7:
  93:Core/Src/main.c ****   MX_USART1_UART_Init();
 200              		.loc 1 93 3 view .LVU49
 201 000e FFF7FEFF 		bl	MX_DMA_Init
 202              	.LVL8:
  94:Core/Src/main.c ****   MX_USART3_UART_Init();
 203              		.loc 1 94 3 view .LVU50
 204 0012 FFF7FEFF 		bl	MX_USART1_UART_Init
 205              	.LVL9:
ARM GAS  C:\Users\Xuleo\AppData\Local\Temp\cc1GqFBL.s 			page 11


  95:Core/Src/main.c ****   MX_SPI2_Init();
 206              		.loc 1 95 3 view .LVU51
 207 0016 FFF7FEFF 		bl	MX_USART3_UART_Init
 208              	.LVL10:
  96:Core/Src/main.c ****   MX_TIM2_Init();
 209              		.loc 1 96 3 view .LVU52
 210 001a FFF7FEFF 		bl	MX_SPI2_Init
 211              	.LVL11:
  97:Core/Src/main.c ****   /* USER CODE BEGIN 2 */
 212              		.loc 1 97 3 view .LVU53
 213 001e FFF7FEFF 		bl	MX_TIM2_Init
 214              	.LVL12:
 100:Core/Src/main.c ****   ws2812_refresh();
 215              		.loc 1 100 3 view .LVU54
 216 0022 0022     		movs	r2, #0
 217 0024 1146     		mov	r1, r2
 218 0026 FF20     		movs	r0, #255
 219 0028 FFF7FEFF 		bl	ws2812_pure
 220              	.LVL13:
 101:Core/Src/main.c ****   init_keys();
 221              		.loc 1 101 3 view .LVU55
 222 002c FFF7FEFF 		bl	ws2812_refresh
 223              	.LVL14:
 102:Core/Src/main.c ****   init_vofa();
 224              		.loc 1 102 3 view .LVU56
 225 0030 FFF7FEFF 		bl	init_keys
 226              	.LVL15:
 103:Core/Src/main.c ****   init_packet();
 227              		.loc 1 103 3 view .LVU57
 228 0034 FFF7FEFF 		bl	init_vofa
 229              	.LVL16:
 104:Core/Src/main.c ****   HAL_TIM_Base_Start_IT(&htim2);
 230              		.loc 1 104 3 view .LVU58
 231 0038 FFF7FEFF 		bl	init_packet
 232              	.LVL17:
 105:Core/Src/main.c ****   /* USER CODE END 2 */
 233              		.loc 1 105 3 view .LVU59
 234 003c 0A48     		ldr	r0, .L13
 235 003e FFF7FEFF 		bl	HAL_TIM_Base_Start_IT
 236              	.LVL18:
 237              	.L10:
 110:Core/Src/main.c ****   {
 238              		.loc 1 110 3 view .LVU60
 112:Core/Src/main.c ****     if (key_need_handle >= 0){ // enter fsm logic for buying bulllets:
 239              		.loc 1 112 5 view .LVU61
 240 0042 FFF7FEFF 		bl	loop_scan_keys
 241              	.LVL19:
 113:Core/Src/main.c ****       // press I/O open menu
 242              		.loc 1 113 5 view .LVU62
 113:Core/Src/main.c ****       // press I/O open menu
 243              		.loc 1 113 25 is_stmt 0 view .LVU63
 244 0046 094B     		ldr	r3, .L13+4
 245 0048 1B68     		ldr	r3, [r3]
 113:Core/Src/main.c ****       // press I/O open menu
 246              		.loc 1 113 8 view .LVU64
 247 004a 002B     		cmp	r3, #0
 248 004c F9DB     		blt	.L10
ARM GAS  C:\Users\Xuleo\AppData\Local\Temp\cc1GqFBL.s 			page 12


 115:Core/Src/main.c ****       // according to index find the position to buy
 249              		.loc 1 115 7 is_stmt 1 view .LVU65
 250 004e FFF7FEFF 		bl	call_buy_UI
 251              	.LVL20:
 117:Core/Src/main.c ****       // also need to click OK:
 252              		.loc 1 117 7 view .LVU66
 253 0052 064C     		ldr	r4, .L13+4
 254 0054 2068     		ldr	r0, [r4]
 255 0056 FFF7FEFF 		bl	move_click_mouse
 256              	.LVL21:
 119:Core/Src/main.c ****       key_need_handle = -1;
 257              		.loc 1 119 7 view .LVU67
 258 005a FFF7FEFF 		bl	click_buy_bullets
 259              	.LVL22:
 120:Core/Src/main.c ****     }
 260              		.loc 1 120 7 view .LVU68
 120:Core/Src/main.c ****     }
 261              		.loc 1 120 23 is_stmt 0 view .LVU69
 262 005e 4FF0FF33 		mov	r3, #-1
 263 0062 2360     		str	r3, [r4]
 264 0064 EDE7     		b	.L10
 265              	.L14:
 266 0066 00BF     		.align	2
 267              	.L13:
 268 0068 00000000 		.word	htim2
 269 006c 00000000 		.word	key_need_handle
 270              		.cfi_endproc
 271              	.LFE65:
 273              		.text
 274              	.Letext0:
 275              		.file 3 "C:/thirdpartyLibs/arm-gnu-toolchain-15.2/arm-none-eabi/include/machine/_default_types.h"
 276              		.file 4 "C:/thirdpartyLibs/arm-gnu-toolchain-15.2/arm-none-eabi/include/sys/_stdint.h"
 277              		.file 5 "Drivers/CMSIS/Device/ST/STM32F1xx/Include/stm32f103xb.h"
 278              		.file 6 "Drivers/STM32F1xx_HAL_Driver/Inc/stm32f1xx_hal_def.h"
 279              		.file 7 "Drivers/STM32F1xx_HAL_Driver/Inc/stm32f1xx_hal_rcc.h"
 280              		.file 8 "Drivers/STM32F1xx_HAL_Driver/Inc/stm32f1xx_hal_rcc_ex.h"
 281              		.file 9 "Drivers/STM32F1xx_HAL_Driver/Inc/stm32f1xx_hal_dma.h"
 282              		.file 10 "Drivers/STM32F1xx_HAL_Driver/Inc/stm32f1xx_hal_tim.h"
 283              		.file 11 "Core/Inc/tim.h"
 284              		.file 12 "Application/Inc/application.h"
 285              		.file 13 "Application/Inc/ws2812.h"
 286              		.file 14 "Core/Inc/spi.h"
 287              		.file 15 "Core/Inc/usart.h"
 288              		.file 16 "Core/Inc/dma.h"
 289              		.file 17 "Core/Inc/gpio.h"
 290              		.file 18 "Drivers/STM32F1xx_HAL_Driver/Inc/stm32f1xx_hal.h"
 291              		.file 19 "<built-in>"
ARM GAS  C:\Users\Xuleo\AppData\Local\Temp\cc1GqFBL.s 			page 13


DEFINED SYMBOLS
                            *ABS*:00000000 main.c
C:\Users\Xuleo\AppData\Local\Temp\cc1GqFBL.s:19     .text.Error_Handler:00000000 $t
C:\Users\Xuleo\AppData\Local\Temp\cc1GqFBL.s:25     .text.Error_Handler:00000000 Error_Handler
C:\Users\Xuleo\AppData\Local\Temp\cc1GqFBL.s:57     .text.SystemClock_Config:00000000 $t
C:\Users\Xuleo\AppData\Local\Temp\cc1GqFBL.s:63     .text.SystemClock_Config:00000000 SystemClock_Config
C:\Users\Xuleo\AppData\Local\Temp\cc1GqFBL.s:173    .text.main:00000000 $t
C:\Users\Xuleo\AppData\Local\Temp\cc1GqFBL.s:179    .text.main:00000000 main
C:\Users\Xuleo\AppData\Local\Temp\cc1GqFBL.s:268    .text.main:00000068 $d

UNDEFINED SYMBOLS
memset
HAL_RCC_OscConfig
HAL_RCC_ClockConfig
HAL_Init
MX_GPIO_Init
MX_DMA_Init
MX_USART1_UART_Init
MX_USART3_UART_Init
MX_SPI2_Init
MX_TIM2_Init
ws2812_pure
ws2812_refresh
init_keys
init_vofa
init_packet
HAL_TIM_Base_Start_IT
loop_scan_keys
call_buy_UI
move_click_mouse
click_buy_bullets
htim2
key_need_handle
