ARM GAS  C:\Users\Xuleo\AppData\Local\Temp\cc06PEH6.s 			page 1


   1              		.cpu cortex-m3
   2              		.arch armv7-m
   3              		.fpu softvfp
   4              		.eabi_attribute 20, 1
   5              		.eabi_attribute 21, 1
   6              		.eabi_attribute 23, 3
   7              		.eabi_attribute 24, 1
   8              		.eabi_attribute 25, 1
   9              		.eabi_attribute 26, 1
  10              		.eabi_attribute 30, 1
  11              		.eabi_attribute 34, 1
  12              		.eabi_attribute 18, 4
  13              		.file	"spi.c"
  14              		.text
  15              	.Ltext0:
  16              		.cfi_sections	.debug_frame
  17              		.file 1 "Core/Src/spi.c"
  18              		.section	.text.MX_SPI2_Init,"ax",%progbits
  19              		.align	1
  20              		.global	MX_SPI2_Init
  21              		.syntax unified
  22              		.thumb
  23              		.thumb_func
  25              	MX_SPI2_Init:
  26              	.LFB65:
   1:Core/Src/spi.c **** /* USER CODE BEGIN Header */
   2:Core/Src/spi.c **** /**
   3:Core/Src/spi.c ****   ******************************************************************************
   4:Core/Src/spi.c ****   * @file    spi.c
   5:Core/Src/spi.c ****   * @brief   This file provides code for the configuration
   6:Core/Src/spi.c ****   *          of the SPI instances.
   7:Core/Src/spi.c ****   ******************************************************************************
   8:Core/Src/spi.c ****   * @attention
   9:Core/Src/spi.c ****   *
  10:Core/Src/spi.c ****   * Copyright (c) 2026 STMicroelectronics.
  11:Core/Src/spi.c ****   * All rights reserved.
  12:Core/Src/spi.c ****   *
  13:Core/Src/spi.c ****   * This software is licensed under terms that can be found in the LICENSE file
  14:Core/Src/spi.c ****   * in the root directory of this software component.
  15:Core/Src/spi.c ****   * If no LICENSE file comes with this software, it is provided AS-IS.
  16:Core/Src/spi.c ****   *
  17:Core/Src/spi.c ****   ******************************************************************************
  18:Core/Src/spi.c ****   */
  19:Core/Src/spi.c **** /* USER CODE END Header */
  20:Core/Src/spi.c **** /* Includes ------------------------------------------------------------------*/
  21:Core/Src/spi.c **** #include "spi.h"
  22:Core/Src/spi.c **** 
  23:Core/Src/spi.c **** /* USER CODE BEGIN 0 */
  24:Core/Src/spi.c **** 
  25:Core/Src/spi.c **** /* USER CODE END 0 */
  26:Core/Src/spi.c **** 
  27:Core/Src/spi.c **** SPI_HandleTypeDef hspi2;
  28:Core/Src/spi.c **** DMA_HandleTypeDef hdma_spi2_tx;
  29:Core/Src/spi.c **** 
  30:Core/Src/spi.c **** /* SPI2 init function */
  31:Core/Src/spi.c **** void MX_SPI2_Init(void)
  32:Core/Src/spi.c **** {
ARM GAS  C:\Users\Xuleo\AppData\Local\Temp\cc06PEH6.s 			page 2


  27              		.loc 1 32 1 view -0
  28              		.cfi_startproc
  29              		@ args = 0, pretend = 0, frame = 0
  30              		@ frame_needed = 0, uses_anonymous_args = 0
  31 0000 08B5     		push	{r3, lr}
  32              	.LCFI0:
  33              		.cfi_def_cfa_offset 8
  34              		.cfi_offset 3, -8
  35              		.cfi_offset 14, -4
  33:Core/Src/spi.c **** 
  34:Core/Src/spi.c ****   /* USER CODE BEGIN SPI2_Init 0 */
  35:Core/Src/spi.c **** 
  36:Core/Src/spi.c ****   /* USER CODE END SPI2_Init 0 */
  37:Core/Src/spi.c **** 
  38:Core/Src/spi.c ****   /* USER CODE BEGIN SPI2_Init 1 */
  39:Core/Src/spi.c **** 
  40:Core/Src/spi.c ****   /* USER CODE END SPI2_Init 1 */
  41:Core/Src/spi.c ****   hspi2.Instance = SPI2;
  36              		.loc 1 41 3 view .LVU1
  37              		.loc 1 41 18 is_stmt 0 view .LVU2
  38 0002 0E48     		ldr	r0, .L5
  39 0004 0E4B     		ldr	r3, .L5+4
  40 0006 0360     		str	r3, [r0]
  42:Core/Src/spi.c ****   hspi2.Init.Mode = SPI_MODE_MASTER;
  41              		.loc 1 42 3 is_stmt 1 view .LVU3
  42              		.loc 1 42 19 is_stmt 0 view .LVU4
  43 0008 4FF48273 		mov	r3, #260
  44 000c 4360     		str	r3, [r0, #4]
  43:Core/Src/spi.c ****   hspi2.Init.Direction = SPI_DIRECTION_2LINES;
  45              		.loc 1 43 3 is_stmt 1 view .LVU5
  46              		.loc 1 43 24 is_stmt 0 view .LVU6
  47 000e 0023     		movs	r3, #0
  48 0010 8360     		str	r3, [r0, #8]
  44:Core/Src/spi.c ****   hspi2.Init.DataSize = SPI_DATASIZE_8BIT;
  49              		.loc 1 44 3 is_stmt 1 view .LVU7
  50              		.loc 1 44 23 is_stmt 0 view .LVU8
  51 0012 C360     		str	r3, [r0, #12]
  45:Core/Src/spi.c ****   hspi2.Init.CLKPolarity = SPI_POLARITY_LOW;
  52              		.loc 1 45 3 is_stmt 1 view .LVU9
  53              		.loc 1 45 26 is_stmt 0 view .LVU10
  54 0014 0361     		str	r3, [r0, #16]
  46:Core/Src/spi.c ****   hspi2.Init.CLKPhase = SPI_PHASE_1EDGE;
  55              		.loc 1 46 3 is_stmt 1 view .LVU11
  56              		.loc 1 46 23 is_stmt 0 view .LVU12
  57 0016 4361     		str	r3, [r0, #20]
  47:Core/Src/spi.c ****   hspi2.Init.NSS = SPI_NSS_SOFT;
  58              		.loc 1 47 3 is_stmt 1 view .LVU13
  59              		.loc 1 47 18 is_stmt 0 view .LVU14
  60 0018 4FF40072 		mov	r2, #512
  61 001c 8261     		str	r2, [r0, #24]
  48:Core/Src/spi.c ****   hspi2.Init.BaudRatePrescaler = SPI_BAUDRATEPRESCALER_8;
  62              		.loc 1 48 3 is_stmt 1 view .LVU15
  63              		.loc 1 48 32 is_stmt 0 view .LVU16
  64 001e 1022     		movs	r2, #16
  65 0020 C261     		str	r2, [r0, #28]
  49:Core/Src/spi.c ****   hspi2.Init.FirstBit = SPI_FIRSTBIT_MSB;
  66              		.loc 1 49 3 is_stmt 1 view .LVU17
ARM GAS  C:\Users\Xuleo\AppData\Local\Temp\cc06PEH6.s 			page 3


  67              		.loc 1 49 23 is_stmt 0 view .LVU18
  68 0022 0362     		str	r3, [r0, #32]
  50:Core/Src/spi.c ****   hspi2.Init.TIMode = SPI_TIMODE_DISABLE;
  69              		.loc 1 50 3 is_stmt 1 view .LVU19
  70              		.loc 1 50 21 is_stmt 0 view .LVU20
  71 0024 4362     		str	r3, [r0, #36]
  51:Core/Src/spi.c ****   hspi2.Init.CRCCalculation = SPI_CRCCALCULATION_DISABLE;
  72              		.loc 1 51 3 is_stmt 1 view .LVU21
  73              		.loc 1 51 29 is_stmt 0 view .LVU22
  74 0026 8362     		str	r3, [r0, #40]
  52:Core/Src/spi.c ****   hspi2.Init.CRCPolynomial = 10;
  75              		.loc 1 52 3 is_stmt 1 view .LVU23
  76              		.loc 1 52 28 is_stmt 0 view .LVU24
  77 0028 0A23     		movs	r3, #10
  78 002a C362     		str	r3, [r0, #44]
  53:Core/Src/spi.c ****   if (HAL_SPI_Init(&hspi2) != HAL_OK)
  79              		.loc 1 53 3 is_stmt 1 view .LVU25
  80              		.loc 1 53 7 is_stmt 0 view .LVU26
  81 002c FFF7FEFF 		bl	HAL_SPI_Init
  82              	.LVL0:
  83              		.loc 1 53 6 discriminator 1 view .LVU27
  84 0030 00B9     		cbnz	r0, .L4
  85              	.L1:
  54:Core/Src/spi.c ****   {
  55:Core/Src/spi.c ****     Error_Handler();
  56:Core/Src/spi.c ****   }
  57:Core/Src/spi.c ****   /* USER CODE BEGIN SPI2_Init 2 */
  58:Core/Src/spi.c **** 
  59:Core/Src/spi.c ****   /* USER CODE END SPI2_Init 2 */
  60:Core/Src/spi.c **** 
  61:Core/Src/spi.c **** }
  86              		.loc 1 61 1 view .LVU28
  87 0032 08BD     		pop	{r3, pc}
  88              	.L4:
  55:Core/Src/spi.c ****   }
  89              		.loc 1 55 5 is_stmt 1 view .LVU29
  90 0034 FFF7FEFF 		bl	Error_Handler
  91              	.LVL1:
  92              		.loc 1 61 1 is_stmt 0 view .LVU30
  93 0038 FBE7     		b	.L1
  94              	.L6:
  95 003a 00BF     		.align	2
  96              	.L5:
  97 003c 00000000 		.word	hspi2
  98 0040 00380040 		.word	1073756160
  99              		.cfi_endproc
 100              	.LFE65:
 102              		.section	.text.HAL_SPI_MspInit,"ax",%progbits
 103              		.align	1
 104              		.global	HAL_SPI_MspInit
 105              		.syntax unified
 106              		.thumb
 107              		.thumb_func
 109              	HAL_SPI_MspInit:
 110              	.LVL2:
 111              	.LFB66:
  62:Core/Src/spi.c **** 
ARM GAS  C:\Users\Xuleo\AppData\Local\Temp\cc06PEH6.s 			page 4


  63:Core/Src/spi.c **** void HAL_SPI_MspInit(SPI_HandleTypeDef* spiHandle)
  64:Core/Src/spi.c **** {
 112              		.loc 1 64 1 is_stmt 1 view -0
 113              		.cfi_startproc
 114              		@ args = 0, pretend = 0, frame = 24
 115              		@ frame_needed = 0, uses_anonymous_args = 0
 116              		.loc 1 64 1 is_stmt 0 view .LVU32
 117 0000 10B5     		push	{r4, lr}
 118              	.LCFI1:
 119              		.cfi_def_cfa_offset 8
 120              		.cfi_offset 4, -8
 121              		.cfi_offset 14, -4
 122 0002 86B0     		sub	sp, sp, #24
 123              	.LCFI2:
 124              		.cfi_def_cfa_offset 32
  65:Core/Src/spi.c **** 
  66:Core/Src/spi.c ****   GPIO_InitTypeDef GPIO_InitStruct = {0};
 125              		.loc 1 66 3 is_stmt 1 view .LVU33
 126              		.loc 1 66 20 is_stmt 0 view .LVU34
 127 0004 0023     		movs	r3, #0
 128 0006 0293     		str	r3, [sp, #8]
 129 0008 0393     		str	r3, [sp, #12]
 130 000a 0493     		str	r3, [sp, #16]
 131 000c 0593     		str	r3, [sp, #20]
  67:Core/Src/spi.c ****   if(spiHandle->Instance==SPI2)
 132              		.loc 1 67 3 is_stmt 1 view .LVU35
 133              		.loc 1 67 15 is_stmt 0 view .LVU36
 134 000e 0268     		ldr	r2, [r0]
 135              		.loc 1 67 5 view .LVU37
 136 0010 214B     		ldr	r3, .L13
 137 0012 9A42     		cmp	r2, r3
 138 0014 01D0     		beq	.L11
 139              	.LVL3:
 140              	.L7:
  68:Core/Src/spi.c ****   {
  69:Core/Src/spi.c ****   /* USER CODE BEGIN SPI2_MspInit 0 */
  70:Core/Src/spi.c **** 
  71:Core/Src/spi.c ****   /* USER CODE END SPI2_MspInit 0 */
  72:Core/Src/spi.c ****     /* SPI2 clock enable */
  73:Core/Src/spi.c ****     __HAL_RCC_SPI2_CLK_ENABLE();
  74:Core/Src/spi.c **** 
  75:Core/Src/spi.c ****     __HAL_RCC_GPIOB_CLK_ENABLE();
  76:Core/Src/spi.c ****     /**SPI2 GPIO Configuration
  77:Core/Src/spi.c ****     PB13     ------> SPI2_SCK
  78:Core/Src/spi.c ****     PB15     ------> SPI2_MOSI
  79:Core/Src/spi.c ****     */
  80:Core/Src/spi.c ****     GPIO_InitStruct.Pin = GPIO_PIN_13|GPIO_PIN_15;
  81:Core/Src/spi.c ****     GPIO_InitStruct.Mode = GPIO_MODE_AF_PP;
  82:Core/Src/spi.c ****     GPIO_InitStruct.Speed = GPIO_SPEED_FREQ_HIGH;
  83:Core/Src/spi.c ****     HAL_GPIO_Init(GPIOB, &GPIO_InitStruct);
  84:Core/Src/spi.c **** 
  85:Core/Src/spi.c ****     /* SPI2 DMA Init */
  86:Core/Src/spi.c ****     /* SPI2_TX Init */
  87:Core/Src/spi.c ****     hdma_spi2_tx.Instance = DMA1_Channel5;
  88:Core/Src/spi.c ****     hdma_spi2_tx.Init.Direction = DMA_MEMORY_TO_PERIPH;
  89:Core/Src/spi.c ****     hdma_spi2_tx.Init.PeriphInc = DMA_PINC_DISABLE;
  90:Core/Src/spi.c ****     hdma_spi2_tx.Init.MemInc = DMA_MINC_ENABLE;
ARM GAS  C:\Users\Xuleo\AppData\Local\Temp\cc06PEH6.s 			page 5


  91:Core/Src/spi.c ****     hdma_spi2_tx.Init.PeriphDataAlignment = DMA_PDATAALIGN_BYTE;
  92:Core/Src/spi.c ****     hdma_spi2_tx.Init.MemDataAlignment = DMA_MDATAALIGN_BYTE;
  93:Core/Src/spi.c ****     hdma_spi2_tx.Init.Mode = DMA_NORMAL;
  94:Core/Src/spi.c ****     hdma_spi2_tx.Init.Priority = DMA_PRIORITY_LOW;
  95:Core/Src/spi.c ****     if (HAL_DMA_Init(&hdma_spi2_tx) != HAL_OK)
  96:Core/Src/spi.c ****     {
  97:Core/Src/spi.c ****       Error_Handler();
  98:Core/Src/spi.c ****     }
  99:Core/Src/spi.c **** 
 100:Core/Src/spi.c ****     __HAL_LINKDMA(spiHandle,hdmatx,hdma_spi2_tx);
 101:Core/Src/spi.c **** 
 102:Core/Src/spi.c ****     /* SPI2 interrupt Init */
 103:Core/Src/spi.c ****     HAL_NVIC_SetPriority(SPI2_IRQn, 0, 0);
 104:Core/Src/spi.c ****     HAL_NVIC_EnableIRQ(SPI2_IRQn);
 105:Core/Src/spi.c ****   /* USER CODE BEGIN SPI2_MspInit 1 */
 106:Core/Src/spi.c **** 
 107:Core/Src/spi.c ****   /* USER CODE END SPI2_MspInit 1 */
 108:Core/Src/spi.c ****   }
 109:Core/Src/spi.c **** }
 141              		.loc 1 109 1 view .LVU38
 142 0016 06B0     		add	sp, sp, #24
 143              	.LCFI3:
 144              		.cfi_remember_state
 145              		.cfi_def_cfa_offset 8
 146              		@ sp needed
 147 0018 10BD     		pop	{r4, pc}
 148              	.LVL4:
 149              	.L11:
 150              	.LCFI4:
 151              		.cfi_restore_state
 152              		.loc 1 109 1 view .LVU39
 153 001a 0446     		mov	r4, r0
  73:Core/Src/spi.c **** 
 154              		.loc 1 73 5 is_stmt 1 view .LVU40
 155              	.LBB2:
  73:Core/Src/spi.c **** 
 156              		.loc 1 73 5 view .LVU41
  73:Core/Src/spi.c **** 
 157              		.loc 1 73 5 view .LVU42
 158 001c 03F5EC33 		add	r3, r3, #120832
 159 0020 DA69     		ldr	r2, [r3, #28]
 160 0022 42F48042 		orr	r2, r2, #16384
 161 0026 DA61     		str	r2, [r3, #28]
  73:Core/Src/spi.c **** 
 162              		.loc 1 73 5 view .LVU43
 163 0028 DA69     		ldr	r2, [r3, #28]
 164 002a 02F48042 		and	r2, r2, #16384
 165 002e 0092     		str	r2, [sp]
  73:Core/Src/spi.c **** 
 166              		.loc 1 73 5 view .LVU44
 167 0030 009A     		ldr	r2, [sp]
 168              	.LBE2:
  73:Core/Src/spi.c **** 
 169              		.loc 1 73 5 view .LVU45
  75:Core/Src/spi.c ****     /**SPI2 GPIO Configuration
 170              		.loc 1 75 5 view .LVU46
 171              	.LBB3:
ARM GAS  C:\Users\Xuleo\AppData\Local\Temp\cc06PEH6.s 			page 6


  75:Core/Src/spi.c ****     /**SPI2 GPIO Configuration
 172              		.loc 1 75 5 view .LVU47
  75:Core/Src/spi.c ****     /**SPI2 GPIO Configuration
 173              		.loc 1 75 5 view .LVU48
 174 0032 9A69     		ldr	r2, [r3, #24]
 175 0034 42F00802 		orr	r2, r2, #8
 176 0038 9A61     		str	r2, [r3, #24]
  75:Core/Src/spi.c ****     /**SPI2 GPIO Configuration
 177              		.loc 1 75 5 view .LVU49
 178 003a 9B69     		ldr	r3, [r3, #24]
 179 003c 03F00803 		and	r3, r3, #8
 180 0040 0193     		str	r3, [sp, #4]
  75:Core/Src/spi.c ****     /**SPI2 GPIO Configuration
 181              		.loc 1 75 5 view .LVU50
 182 0042 019B     		ldr	r3, [sp, #4]
 183              	.LBE3:
  75:Core/Src/spi.c ****     /**SPI2 GPIO Configuration
 184              		.loc 1 75 5 view .LVU51
  80:Core/Src/spi.c ****     GPIO_InitStruct.Mode = GPIO_MODE_AF_PP;
 185              		.loc 1 80 5 view .LVU52
  80:Core/Src/spi.c ****     GPIO_InitStruct.Mode = GPIO_MODE_AF_PP;
 186              		.loc 1 80 25 is_stmt 0 view .LVU53
 187 0044 4FF42043 		mov	r3, #40960
 188 0048 0293     		str	r3, [sp, #8]
  81:Core/Src/spi.c ****     GPIO_InitStruct.Speed = GPIO_SPEED_FREQ_HIGH;
 189              		.loc 1 81 5 is_stmt 1 view .LVU54
  81:Core/Src/spi.c ****     GPIO_InitStruct.Speed = GPIO_SPEED_FREQ_HIGH;
 190              		.loc 1 81 26 is_stmt 0 view .LVU55
 191 004a 0223     		movs	r3, #2
 192 004c 0393     		str	r3, [sp, #12]
  82:Core/Src/spi.c ****     HAL_GPIO_Init(GPIOB, &GPIO_InitStruct);
 193              		.loc 1 82 5 is_stmt 1 view .LVU56
  82:Core/Src/spi.c ****     HAL_GPIO_Init(GPIOB, &GPIO_InitStruct);
 194              		.loc 1 82 27 is_stmt 0 view .LVU57
 195 004e 0323     		movs	r3, #3
 196 0050 0593     		str	r3, [sp, #20]
  83:Core/Src/spi.c **** 
 197              		.loc 1 83 5 is_stmt 1 view .LVU58
 198 0052 02A9     		add	r1, sp, #8
 199 0054 1148     		ldr	r0, .L13+4
 200              	.LVL5:
  83:Core/Src/spi.c **** 
 201              		.loc 1 83 5 is_stmt 0 view .LVU59
 202 0056 FFF7FEFF 		bl	HAL_GPIO_Init
 203              	.LVL6:
  87:Core/Src/spi.c ****     hdma_spi2_tx.Init.Direction = DMA_MEMORY_TO_PERIPH;
 204              		.loc 1 87 5 is_stmt 1 view .LVU60
  87:Core/Src/spi.c ****     hdma_spi2_tx.Init.Direction = DMA_MEMORY_TO_PERIPH;
 205              		.loc 1 87 27 is_stmt 0 view .LVU61
 206 005a 1148     		ldr	r0, .L13+8
 207 005c 114B     		ldr	r3, .L13+12
 208 005e 0360     		str	r3, [r0]
  88:Core/Src/spi.c ****     hdma_spi2_tx.Init.PeriphInc = DMA_PINC_DISABLE;
 209              		.loc 1 88 5 is_stmt 1 view .LVU62
  88:Core/Src/spi.c ****     hdma_spi2_tx.Init.PeriphInc = DMA_PINC_DISABLE;
 210              		.loc 1 88 33 is_stmt 0 view .LVU63
 211 0060 1023     		movs	r3, #16
ARM GAS  C:\Users\Xuleo\AppData\Local\Temp\cc06PEH6.s 			page 7


 212 0062 4360     		str	r3, [r0, #4]
  89:Core/Src/spi.c ****     hdma_spi2_tx.Init.MemInc = DMA_MINC_ENABLE;
 213              		.loc 1 89 5 is_stmt 1 view .LVU64
  89:Core/Src/spi.c ****     hdma_spi2_tx.Init.MemInc = DMA_MINC_ENABLE;
 214              		.loc 1 89 33 is_stmt 0 view .LVU65
 215 0064 0023     		movs	r3, #0
 216 0066 8360     		str	r3, [r0, #8]
  90:Core/Src/spi.c ****     hdma_spi2_tx.Init.PeriphDataAlignment = DMA_PDATAALIGN_BYTE;
 217              		.loc 1 90 5 is_stmt 1 view .LVU66
  90:Core/Src/spi.c ****     hdma_spi2_tx.Init.PeriphDataAlignment = DMA_PDATAALIGN_BYTE;
 218              		.loc 1 90 30 is_stmt 0 view .LVU67
 219 0068 8022     		movs	r2, #128
 220 006a C260     		str	r2, [r0, #12]
  91:Core/Src/spi.c ****     hdma_spi2_tx.Init.MemDataAlignment = DMA_MDATAALIGN_BYTE;
 221              		.loc 1 91 5 is_stmt 1 view .LVU68
  91:Core/Src/spi.c ****     hdma_spi2_tx.Init.MemDataAlignment = DMA_MDATAALIGN_BYTE;
 222              		.loc 1 91 43 is_stmt 0 view .LVU69
 223 006c 0361     		str	r3, [r0, #16]
  92:Core/Src/spi.c ****     hdma_spi2_tx.Init.Mode = DMA_NORMAL;
 224              		.loc 1 92 5 is_stmt 1 view .LVU70
  92:Core/Src/spi.c ****     hdma_spi2_tx.Init.Mode = DMA_NORMAL;
 225              		.loc 1 92 40 is_stmt 0 view .LVU71
 226 006e 4361     		str	r3, [r0, #20]
  93:Core/Src/spi.c ****     hdma_spi2_tx.Init.Priority = DMA_PRIORITY_LOW;
 227              		.loc 1 93 5 is_stmt 1 view .LVU72
  93:Core/Src/spi.c ****     hdma_spi2_tx.Init.Priority = DMA_PRIORITY_LOW;
 228              		.loc 1 93 28 is_stmt 0 view .LVU73
 229 0070 8361     		str	r3, [r0, #24]
  94:Core/Src/spi.c ****     if (HAL_DMA_Init(&hdma_spi2_tx) != HAL_OK)
 230              		.loc 1 94 5 is_stmt 1 view .LVU74
  94:Core/Src/spi.c ****     if (HAL_DMA_Init(&hdma_spi2_tx) != HAL_OK)
 231              		.loc 1 94 32 is_stmt 0 view .LVU75
 232 0072 C361     		str	r3, [r0, #28]
  95:Core/Src/spi.c ****     {
 233              		.loc 1 95 5 is_stmt 1 view .LVU76
  95:Core/Src/spi.c ****     {
 234              		.loc 1 95 9 is_stmt 0 view .LVU77
 235 0074 FFF7FEFF 		bl	HAL_DMA_Init
 236              	.LVL7:
  95:Core/Src/spi.c ****     {
 237              		.loc 1 95 8 discriminator 1 view .LVU78
 238 0078 58B9     		cbnz	r0, .L12
 239              	.L9:
 100:Core/Src/spi.c **** 
 240              		.loc 1 100 5 is_stmt 1 view .LVU79
 100:Core/Src/spi.c **** 
 241              		.loc 1 100 5 view .LVU80
 242 007a 094B     		ldr	r3, .L13+8
 243 007c A364     		str	r3, [r4, #72]
 100:Core/Src/spi.c **** 
 244              		.loc 1 100 5 view .LVU81
 245 007e 5C62     		str	r4, [r3, #36]
 100:Core/Src/spi.c **** 
 246              		.loc 1 100 5 view .LVU82
 103:Core/Src/spi.c ****     HAL_NVIC_EnableIRQ(SPI2_IRQn);
 247              		.loc 1 103 5 view .LVU83
 248 0080 0022     		movs	r2, #0
ARM GAS  C:\Users\Xuleo\AppData\Local\Temp\cc06PEH6.s 			page 8


 249 0082 1146     		mov	r1, r2
 250 0084 2420     		movs	r0, #36
 251 0086 FFF7FEFF 		bl	HAL_NVIC_SetPriority
 252              	.LVL8:
 104:Core/Src/spi.c ****   /* USER CODE BEGIN SPI2_MspInit 1 */
 253              		.loc 1 104 5 view .LVU84
 254 008a 2420     		movs	r0, #36
 255 008c FFF7FEFF 		bl	HAL_NVIC_EnableIRQ
 256              	.LVL9:
 257              		.loc 1 109 1 is_stmt 0 view .LVU85
 258 0090 C1E7     		b	.L7
 259              	.L12:
  97:Core/Src/spi.c ****     }
 260              		.loc 1 97 7 is_stmt 1 view .LVU86
 261 0092 FFF7FEFF 		bl	Error_Handler
 262              	.LVL10:
 263 0096 F0E7     		b	.L9
 264              	.L14:
 265              		.align	2
 266              	.L13:
 267 0098 00380040 		.word	1073756160
 268 009c 000C0140 		.word	1073810432
 269 00a0 00000000 		.word	hdma_spi2_tx
 270 00a4 58000240 		.word	1073872984
 271              		.cfi_endproc
 272              	.LFE66:
 274              		.section	.text.HAL_SPI_MspDeInit,"ax",%progbits
 275              		.align	1
 276              		.global	HAL_SPI_MspDeInit
 277              		.syntax unified
 278              		.thumb
 279              		.thumb_func
 281              	HAL_SPI_MspDeInit:
 282              	.LVL11:
 283              	.LFB67:
 110:Core/Src/spi.c **** 
 111:Core/Src/spi.c **** void HAL_SPI_MspDeInit(SPI_HandleTypeDef* spiHandle)
 112:Core/Src/spi.c **** {
 284              		.loc 1 112 1 view -0
 285              		.cfi_startproc
 286              		@ args = 0, pretend = 0, frame = 0
 287              		@ frame_needed = 0, uses_anonymous_args = 0
 113:Core/Src/spi.c **** 
 114:Core/Src/spi.c ****   if(spiHandle->Instance==SPI2)
 288              		.loc 1 114 3 view .LVU88
 289              		.loc 1 114 15 is_stmt 0 view .LVU89
 290 0000 0268     		ldr	r2, [r0]
 291              		.loc 1 114 5 view .LVU90
 292 0002 0B4B     		ldr	r3, .L22
 293 0004 9A42     		cmp	r2, r3
 294 0006 00D0     		beq	.L21
 295 0008 7047     		bx	lr
 296              	.L21:
 112:Core/Src/spi.c **** 
 297              		.loc 1 112 1 view .LVU91
 298 000a 10B5     		push	{r4, lr}
 299              	.LCFI5:
ARM GAS  C:\Users\Xuleo\AppData\Local\Temp\cc06PEH6.s 			page 9


 300              		.cfi_def_cfa_offset 8
 301              		.cfi_offset 4, -8
 302              		.cfi_offset 14, -4
 303 000c 0446     		mov	r4, r0
 115:Core/Src/spi.c ****   {
 116:Core/Src/spi.c ****   /* USER CODE BEGIN SPI2_MspDeInit 0 */
 117:Core/Src/spi.c **** 
 118:Core/Src/spi.c ****   /* USER CODE END SPI2_MspDeInit 0 */
 119:Core/Src/spi.c ****     /* Peripheral clock disable */
 120:Core/Src/spi.c ****     __HAL_RCC_SPI2_CLK_DISABLE();
 304              		.loc 1 120 5 is_stmt 1 view .LVU92
 305 000e 094A     		ldr	r2, .L22+4
 306 0010 D369     		ldr	r3, [r2, #28]
 307 0012 23F48043 		bic	r3, r3, #16384
 308 0016 D361     		str	r3, [r2, #28]
 121:Core/Src/spi.c **** 
 122:Core/Src/spi.c ****     /**SPI2 GPIO Configuration
 123:Core/Src/spi.c ****     PB13     ------> SPI2_SCK
 124:Core/Src/spi.c ****     PB15     ------> SPI2_MOSI
 125:Core/Src/spi.c ****     */
 126:Core/Src/spi.c ****     HAL_GPIO_DeInit(GPIOB, GPIO_PIN_13|GPIO_PIN_15);
 309              		.loc 1 126 5 view .LVU93
 310 0018 4FF42041 		mov	r1, #40960
 311 001c 0648     		ldr	r0, .L22+8
 312              	.LVL12:
 313              		.loc 1 126 5 is_stmt 0 view .LVU94
 314 001e FFF7FEFF 		bl	HAL_GPIO_DeInit
 315              	.LVL13:
 127:Core/Src/spi.c **** 
 128:Core/Src/spi.c ****     /* SPI2 DMA DeInit */
 129:Core/Src/spi.c ****     HAL_DMA_DeInit(spiHandle->hdmatx);
 316              		.loc 1 129 5 is_stmt 1 view .LVU95
 317 0022 A06C     		ldr	r0, [r4, #72]
 318 0024 FFF7FEFF 		bl	HAL_DMA_DeInit
 319              	.LVL14:
 130:Core/Src/spi.c **** 
 131:Core/Src/spi.c ****     /* SPI2 interrupt Deinit */
 132:Core/Src/spi.c ****     HAL_NVIC_DisableIRQ(SPI2_IRQn);
 320              		.loc 1 132 5 view .LVU96
 321 0028 2420     		movs	r0, #36
 322 002a FFF7FEFF 		bl	HAL_NVIC_DisableIRQ
 323              	.LVL15:
 133:Core/Src/spi.c ****   /* USER CODE BEGIN SPI2_MspDeInit 1 */
 134:Core/Src/spi.c **** 
 135:Core/Src/spi.c ****   /* USER CODE END SPI2_MspDeInit 1 */
 136:Core/Src/spi.c ****   }
 137:Core/Src/spi.c **** }
 324              		.loc 1 137 1 is_stmt 0 view .LVU97
 325 002e 10BD     		pop	{r4, pc}
 326              	.LVL16:
 327              	.L23:
 328              		.loc 1 137 1 view .LVU98
 329              		.align	2
 330              	.L22:
 331 0030 00380040 		.word	1073756160
 332 0034 00100240 		.word	1073876992
 333 0038 000C0140 		.word	1073810432
ARM GAS  C:\Users\Xuleo\AppData\Local\Temp\cc06PEH6.s 			page 10


 334              		.cfi_endproc
 335              	.LFE67:
 337              		.global	hdma_spi2_tx
 338              		.section	.bss.hdma_spi2_tx,"aw",%nobits
 339              		.align	2
 342              	hdma_spi2_tx:
 343 0000 00000000 		.space	68
 343      00000000 
 343      00000000 
 343      00000000 
 343      00000000 
 344              		.global	hspi2
 345              		.section	.bss.hspi2,"aw",%nobits
 346              		.align	2
 349              	hspi2:
 350 0000 00000000 		.space	88
 350      00000000 
 350      00000000 
 350      00000000 
 350      00000000 
 351              		.text
 352              	.Letext0:
 353              		.file 2 "Drivers/CMSIS/Device/ST/STM32F1xx/Include/stm32f103xb.h"
 354              		.file 3 "C:/thirdpartyLibs/arm-gnu-toolchain-15.2/arm-none-eabi/include/machine/_default_types.h"
 355              		.file 4 "C:/thirdpartyLibs/arm-gnu-toolchain-15.2/arm-none-eabi/include/sys/_stdint.h"
 356              		.file 5 "Drivers/STM32F1xx_HAL_Driver/Inc/stm32f1xx_hal_def.h"
 357              		.file 6 "Drivers/STM32F1xx_HAL_Driver/Inc/stm32f1xx_hal_gpio.h"
 358              		.file 7 "Drivers/STM32F1xx_HAL_Driver/Inc/stm32f1xx_hal_dma.h"
 359              		.file 8 "Drivers/STM32F1xx_HAL_Driver/Inc/stm32f1xx_hal_spi.h"
 360              		.file 9 "Core/Inc/spi.h"
 361              		.file 10 "Drivers/STM32F1xx_HAL_Driver/Inc/stm32f1xx_hal_cortex.h"
 362              		.file 11 "Core/Inc/main.h"
ARM GAS  C:\Users\Xuleo\AppData\Local\Temp\cc06PEH6.s 			page 11


DEFINED SYMBOLS
                            *ABS*:00000000 spi.c
C:\Users\Xuleo\AppData\Local\Temp\cc06PEH6.s:19     .text.MX_SPI2_Init:00000000 $t
C:\Users\Xuleo\AppData\Local\Temp\cc06PEH6.s:25     .text.MX_SPI2_Init:00000000 MX_SPI2_Init
C:\Users\Xuleo\AppData\Local\Temp\cc06PEH6.s:97     .text.MX_SPI2_Init:0000003c $d
C:\Users\Xuleo\AppData\Local\Temp\cc06PEH6.s:349    .bss.hspi2:00000000 hspi2
C:\Users\Xuleo\AppData\Local\Temp\cc06PEH6.s:103    .text.HAL_SPI_MspInit:00000000 $t
C:\Users\Xuleo\AppData\Local\Temp\cc06PEH6.s:109    .text.HAL_SPI_MspInit:00000000 HAL_SPI_MspInit
C:\Users\Xuleo\AppData\Local\Temp\cc06PEH6.s:267    .text.HAL_SPI_MspInit:00000098 $d
C:\Users\Xuleo\AppData\Local\Temp\cc06PEH6.s:342    .bss.hdma_spi2_tx:00000000 hdma_spi2_tx
C:\Users\Xuleo\AppData\Local\Temp\cc06PEH6.s:275    .text.HAL_SPI_MspDeInit:00000000 $t
C:\Users\Xuleo\AppData\Local\Temp\cc06PEH6.s:281    .text.HAL_SPI_MspDeInit:00000000 HAL_SPI_MspDeInit
C:\Users\Xuleo\AppData\Local\Temp\cc06PEH6.s:331    .text.HAL_SPI_MspDeInit:00000030 $d
C:\Users\Xuleo\AppData\Local\Temp\cc06PEH6.s:339    .bss.hdma_spi2_tx:00000000 $d
C:\Users\Xuleo\AppData\Local\Temp\cc06PEH6.s:346    .bss.hspi2:00000000 $d

UNDEFINED SYMBOLS
HAL_SPI_Init
Error_Handler
HAL_GPIO_Init
HAL_DMA_Init
HAL_NVIC_SetPriority
HAL_NVIC_EnableIRQ
HAL_GPIO_DeInit
HAL_DMA_DeInit
HAL_NVIC_DisableIRQ
