ARM GAS  C:\Users\Xuleo\AppData\Local\Temp\cclnH4WK.s 			page 1


   1              		.cpu cortex-m3
   2              		.arch armv7-m
   3              		.fpu softvfp
   4              		.eabi_attribute 20, 1
   5              		.eabi_attribute 21, 1
   6              		.eabi_attribute 23, 3
   7              		.eabi_attribute 24, 1
   8              		.eabi_attribute 25, 1
   9              		.eabi_attribute 26, 1
  10              		.eabi_attribute 30, 1
  11              		.eabi_attribute 34, 1
  12              		.eabi_attribute 18, 4
  13              		.file	"stm32f1xx_it.c"
  14              		.text
  15              	.Ltext0:
  16              		.cfi_sections	.debug_frame
  17              		.file 1 "Core/Src/stm32f1xx_it.c"
  18              		.section	.text.NMI_Handler,"ax",%progbits
  19              		.align	1
  20              		.global	NMI_Handler
  21              		.syntax unified
  22              		.thumb
  23              		.thumb_func
  25              	NMI_Handler:
  26              	.LFB65:
   1:Core/Src/stm32f1xx_it.c **** /* USER CODE BEGIN Header */
   2:Core/Src/stm32f1xx_it.c **** /**
   3:Core/Src/stm32f1xx_it.c ****   ******************************************************************************
   4:Core/Src/stm32f1xx_it.c ****   * @file    stm32f1xx_it.c
   5:Core/Src/stm32f1xx_it.c ****   * @brief   Interrupt Service Routines.
   6:Core/Src/stm32f1xx_it.c ****   ******************************************************************************
   7:Core/Src/stm32f1xx_it.c ****   * @attention
   8:Core/Src/stm32f1xx_it.c ****   *
   9:Core/Src/stm32f1xx_it.c ****   * Copyright (c) 2026 STMicroelectronics.
  10:Core/Src/stm32f1xx_it.c ****   * All rights reserved.
  11:Core/Src/stm32f1xx_it.c ****   *
  12:Core/Src/stm32f1xx_it.c ****   * This software is licensed under terms that can be found in the LICENSE file
  13:Core/Src/stm32f1xx_it.c ****   * in the root directory of this software component.
  14:Core/Src/stm32f1xx_it.c ****   * If no LICENSE file comes with this software, it is provided AS-IS.
  15:Core/Src/stm32f1xx_it.c ****   *
  16:Core/Src/stm32f1xx_it.c ****   ******************************************************************************
  17:Core/Src/stm32f1xx_it.c ****   */
  18:Core/Src/stm32f1xx_it.c **** /* USER CODE END Header */
  19:Core/Src/stm32f1xx_it.c **** 
  20:Core/Src/stm32f1xx_it.c **** /* Includes ------------------------------------------------------------------*/
  21:Core/Src/stm32f1xx_it.c **** #include "main.h"
  22:Core/Src/stm32f1xx_it.c **** #include "stm32f1xx_it.h"
  23:Core/Src/stm32f1xx_it.c **** /* Private includes ----------------------------------------------------------*/
  24:Core/Src/stm32f1xx_it.c **** /* USER CODE BEGIN Includes */
  25:Core/Src/stm32f1xx_it.c **** #include <application.h>
  26:Core/Src/stm32f1xx_it.c **** /* USER CODE END Includes */
  27:Core/Src/stm32f1xx_it.c **** 
  28:Core/Src/stm32f1xx_it.c **** /* Private typedef -----------------------------------------------------------*/
  29:Core/Src/stm32f1xx_it.c **** /* USER CODE BEGIN TD */
  30:Core/Src/stm32f1xx_it.c **** 
  31:Core/Src/stm32f1xx_it.c **** /* USER CODE END TD */
  32:Core/Src/stm32f1xx_it.c **** 
ARM GAS  C:\Users\Xuleo\AppData\Local\Temp\cclnH4WK.s 			page 2


  33:Core/Src/stm32f1xx_it.c **** /* Private define ------------------------------------------------------------*/
  34:Core/Src/stm32f1xx_it.c **** /* USER CODE BEGIN PD */
  35:Core/Src/stm32f1xx_it.c **** 
  36:Core/Src/stm32f1xx_it.c **** /* USER CODE END PD */
  37:Core/Src/stm32f1xx_it.c **** 
  38:Core/Src/stm32f1xx_it.c **** /* Private macro -------------------------------------------------------------*/
  39:Core/Src/stm32f1xx_it.c **** /* USER CODE BEGIN PM */
  40:Core/Src/stm32f1xx_it.c **** 
  41:Core/Src/stm32f1xx_it.c **** /* USER CODE END PM */
  42:Core/Src/stm32f1xx_it.c **** 
  43:Core/Src/stm32f1xx_it.c **** /* Private variables ---------------------------------------------------------*/
  44:Core/Src/stm32f1xx_it.c **** /* USER CODE BEGIN PV */
  45:Core/Src/stm32f1xx_it.c **** 
  46:Core/Src/stm32f1xx_it.c **** /* USER CODE END PV */
  47:Core/Src/stm32f1xx_it.c **** 
  48:Core/Src/stm32f1xx_it.c **** /* Private function prototypes -----------------------------------------------*/
  49:Core/Src/stm32f1xx_it.c **** /* USER CODE BEGIN PFP */
  50:Core/Src/stm32f1xx_it.c **** 
  51:Core/Src/stm32f1xx_it.c **** /* USER CODE END PFP */
  52:Core/Src/stm32f1xx_it.c **** 
  53:Core/Src/stm32f1xx_it.c **** /* Private user code ---------------------------------------------------------*/
  54:Core/Src/stm32f1xx_it.c **** /* USER CODE BEGIN 0 */
  55:Core/Src/stm32f1xx_it.c **** 
  56:Core/Src/stm32f1xx_it.c **** /* USER CODE END 0 */
  57:Core/Src/stm32f1xx_it.c **** 
  58:Core/Src/stm32f1xx_it.c **** /* External variables --------------------------------------------------------*/
  59:Core/Src/stm32f1xx_it.c **** extern DMA_HandleTypeDef hdma_spi2_tx;
  60:Core/Src/stm32f1xx_it.c **** extern SPI_HandleTypeDef hspi2;
  61:Core/Src/stm32f1xx_it.c **** extern TIM_HandleTypeDef htim2;
  62:Core/Src/stm32f1xx_it.c **** extern DMA_HandleTypeDef hdma_usart1_tx;
  63:Core/Src/stm32f1xx_it.c **** extern DMA_HandleTypeDef hdma_usart3_tx;
  64:Core/Src/stm32f1xx_it.c **** extern UART_HandleTypeDef huart1;
  65:Core/Src/stm32f1xx_it.c **** extern UART_HandleTypeDef huart3;
  66:Core/Src/stm32f1xx_it.c **** /* USER CODE BEGIN EV */
  67:Core/Src/stm32f1xx_it.c **** 
  68:Core/Src/stm32f1xx_it.c **** /* USER CODE END EV */
  69:Core/Src/stm32f1xx_it.c **** 
  70:Core/Src/stm32f1xx_it.c **** /******************************************************************************/
  71:Core/Src/stm32f1xx_it.c **** /*           Cortex-M3 Processor Interruption and Exception Handlers          */
  72:Core/Src/stm32f1xx_it.c **** /******************************************************************************/
  73:Core/Src/stm32f1xx_it.c **** /**
  74:Core/Src/stm32f1xx_it.c ****   * @brief This function handles Non maskable interrupt.
  75:Core/Src/stm32f1xx_it.c ****   */
  76:Core/Src/stm32f1xx_it.c **** void NMI_Handler(void)
  77:Core/Src/stm32f1xx_it.c **** {
  27              		.loc 1 77 1 view -0
  28              		.cfi_startproc
  29              		@ Volatile: function does not return.
  30              		@ args = 0, pretend = 0, frame = 0
  31              		@ frame_needed = 0, uses_anonymous_args = 0
  32              		@ link register save eliminated.
  33              	.L2:
  78:Core/Src/stm32f1xx_it.c ****   /* USER CODE BEGIN NonMaskableInt_IRQn 0 */
  79:Core/Src/stm32f1xx_it.c **** 
  80:Core/Src/stm32f1xx_it.c ****   /* USER CODE END NonMaskableInt_IRQn 0 */
  81:Core/Src/stm32f1xx_it.c ****   /* USER CODE BEGIN NonMaskableInt_IRQn 1 */
  82:Core/Src/stm32f1xx_it.c ****    while (1)
ARM GAS  C:\Users\Xuleo\AppData\Local\Temp\cclnH4WK.s 			page 3


  34              		.loc 1 82 4 view .LVU1
  83:Core/Src/stm32f1xx_it.c ****   {
  84:Core/Src/stm32f1xx_it.c ****   }
  35              		.loc 1 84 3 view .LVU2
  82:Core/Src/stm32f1xx_it.c ****   {
  36              		.loc 1 82 10 view .LVU3
  37 0000 FEE7     		b	.L2
  38              		.cfi_endproc
  39              	.LFE65:
  41              		.section	.text.HardFault_Handler,"ax",%progbits
  42              		.align	1
  43              		.global	HardFault_Handler
  44              		.syntax unified
  45              		.thumb
  46              		.thumb_func
  48              	HardFault_Handler:
  49              	.LFB66:
  85:Core/Src/stm32f1xx_it.c ****   /* USER CODE END NonMaskableInt_IRQn 1 */
  86:Core/Src/stm32f1xx_it.c **** }
  87:Core/Src/stm32f1xx_it.c **** 
  88:Core/Src/stm32f1xx_it.c **** /**
  89:Core/Src/stm32f1xx_it.c ****   * @brief This function handles Hard fault interrupt.
  90:Core/Src/stm32f1xx_it.c ****   */
  91:Core/Src/stm32f1xx_it.c **** void HardFault_Handler(void)
  92:Core/Src/stm32f1xx_it.c **** {
  50              		.loc 1 92 1 view -0
  51              		.cfi_startproc
  52              		@ Volatile: function does not return.
  53              		@ args = 0, pretend = 0, frame = 0
  54              		@ frame_needed = 0, uses_anonymous_args = 0
  55              		@ link register save eliminated.
  56              	.L4:
  93:Core/Src/stm32f1xx_it.c ****   /* USER CODE BEGIN HardFault_IRQn 0 */
  94:Core/Src/stm32f1xx_it.c **** 
  95:Core/Src/stm32f1xx_it.c ****   /* USER CODE END HardFault_IRQn 0 */
  96:Core/Src/stm32f1xx_it.c ****   while (1)
  57              		.loc 1 96 3 view .LVU5
  97:Core/Src/stm32f1xx_it.c ****   {
  98:Core/Src/stm32f1xx_it.c ****     /* USER CODE BEGIN W1_HardFault_IRQn 0 */
  99:Core/Src/stm32f1xx_it.c ****     /* USER CODE END W1_HardFault_IRQn 0 */
 100:Core/Src/stm32f1xx_it.c ****   }
  58              		.loc 1 100 3 view .LVU6
  96:Core/Src/stm32f1xx_it.c ****   {
  59              		.loc 1 96 9 view .LVU7
  60 0000 FEE7     		b	.L4
  61              		.cfi_endproc
  62              	.LFE66:
  64              		.section	.text.MemManage_Handler,"ax",%progbits
  65              		.align	1
  66              		.global	MemManage_Handler
  67              		.syntax unified
  68              		.thumb
  69              		.thumb_func
  71              	MemManage_Handler:
  72              	.LFB67:
 101:Core/Src/stm32f1xx_it.c **** }
 102:Core/Src/stm32f1xx_it.c **** 
ARM GAS  C:\Users\Xuleo\AppData\Local\Temp\cclnH4WK.s 			page 4


 103:Core/Src/stm32f1xx_it.c **** /**
 104:Core/Src/stm32f1xx_it.c ****   * @brief This function handles Memory management fault.
 105:Core/Src/stm32f1xx_it.c ****   */
 106:Core/Src/stm32f1xx_it.c **** void MemManage_Handler(void)
 107:Core/Src/stm32f1xx_it.c **** {
  73              		.loc 1 107 1 view -0
  74              		.cfi_startproc
  75              		@ Volatile: function does not return.
  76              		@ args = 0, pretend = 0, frame = 0
  77              		@ frame_needed = 0, uses_anonymous_args = 0
  78              		@ link register save eliminated.
  79              	.L6:
 108:Core/Src/stm32f1xx_it.c ****   /* USER CODE BEGIN MemoryManagement_IRQn 0 */
 109:Core/Src/stm32f1xx_it.c **** 
 110:Core/Src/stm32f1xx_it.c ****   /* USER CODE END MemoryManagement_IRQn 0 */
 111:Core/Src/stm32f1xx_it.c ****   while (1)
  80              		.loc 1 111 3 view .LVU9
 112:Core/Src/stm32f1xx_it.c ****   {
 113:Core/Src/stm32f1xx_it.c ****     /* USER CODE BEGIN W1_MemoryManagement_IRQn 0 */
 114:Core/Src/stm32f1xx_it.c ****     /* USER CODE END W1_MemoryManagement_IRQn 0 */
 115:Core/Src/stm32f1xx_it.c ****   }
  81              		.loc 1 115 3 view .LVU10
 111:Core/Src/stm32f1xx_it.c ****   {
  82              		.loc 1 111 9 view .LVU11
  83 0000 FEE7     		b	.L6
  84              		.cfi_endproc
  85              	.LFE67:
  87              		.section	.text.BusFault_Handler,"ax",%progbits
  88              		.align	1
  89              		.global	BusFault_Handler
  90              		.syntax unified
  91              		.thumb
  92              		.thumb_func
  94              	BusFault_Handler:
  95              	.LFB68:
 116:Core/Src/stm32f1xx_it.c **** }
 117:Core/Src/stm32f1xx_it.c **** 
 118:Core/Src/stm32f1xx_it.c **** /**
 119:Core/Src/stm32f1xx_it.c ****   * @brief This function handles Prefetch fault, memory access fault.
 120:Core/Src/stm32f1xx_it.c ****   */
 121:Core/Src/stm32f1xx_it.c **** void BusFault_Handler(void)
 122:Core/Src/stm32f1xx_it.c **** {
  96              		.loc 1 122 1 view -0
  97              		.cfi_startproc
  98              		@ Volatile: function does not return.
  99              		@ args = 0, pretend = 0, frame = 0
 100              		@ frame_needed = 0, uses_anonymous_args = 0
 101              		@ link register save eliminated.
 102              	.L8:
 123:Core/Src/stm32f1xx_it.c ****   /* USER CODE BEGIN BusFault_IRQn 0 */
 124:Core/Src/stm32f1xx_it.c **** 
 125:Core/Src/stm32f1xx_it.c ****   /* USER CODE END BusFault_IRQn 0 */
 126:Core/Src/stm32f1xx_it.c ****   while (1)
 103              		.loc 1 126 3 view .LVU13
 127:Core/Src/stm32f1xx_it.c ****   {
 128:Core/Src/stm32f1xx_it.c ****     /* USER CODE BEGIN W1_BusFault_IRQn 0 */
 129:Core/Src/stm32f1xx_it.c ****     /* USER CODE END W1_BusFault_IRQn 0 */
ARM GAS  C:\Users\Xuleo\AppData\Local\Temp\cclnH4WK.s 			page 5


 130:Core/Src/stm32f1xx_it.c ****   }
 104              		.loc 1 130 3 view .LVU14
 126:Core/Src/stm32f1xx_it.c ****   {
 105              		.loc 1 126 9 view .LVU15
 106 0000 FEE7     		b	.L8
 107              		.cfi_endproc
 108              	.LFE68:
 110              		.section	.text.UsageFault_Handler,"ax",%progbits
 111              		.align	1
 112              		.global	UsageFault_Handler
 113              		.syntax unified
 114              		.thumb
 115              		.thumb_func
 117              	UsageFault_Handler:
 118              	.LFB69:
 131:Core/Src/stm32f1xx_it.c **** }
 132:Core/Src/stm32f1xx_it.c **** 
 133:Core/Src/stm32f1xx_it.c **** /**
 134:Core/Src/stm32f1xx_it.c ****   * @brief This function handles Undefined instruction or illegal state.
 135:Core/Src/stm32f1xx_it.c ****   */
 136:Core/Src/stm32f1xx_it.c **** void UsageFault_Handler(void)
 137:Core/Src/stm32f1xx_it.c **** {
 119              		.loc 1 137 1 view -0
 120              		.cfi_startproc
 121              		@ Volatile: function does not return.
 122              		@ args = 0, pretend = 0, frame = 0
 123              		@ frame_needed = 0, uses_anonymous_args = 0
 124              		@ link register save eliminated.
 125              	.L10:
 138:Core/Src/stm32f1xx_it.c ****   /* USER CODE BEGIN UsageFault_IRQn 0 */
 139:Core/Src/stm32f1xx_it.c **** 
 140:Core/Src/stm32f1xx_it.c ****   /* USER CODE END UsageFault_IRQn 0 */
 141:Core/Src/stm32f1xx_it.c ****   while (1)
 126              		.loc 1 141 3 view .LVU17
 142:Core/Src/stm32f1xx_it.c ****   {
 143:Core/Src/stm32f1xx_it.c ****     /* USER CODE BEGIN W1_UsageFault_IRQn 0 */
 144:Core/Src/stm32f1xx_it.c ****     /* USER CODE END W1_UsageFault_IRQn 0 */
 145:Core/Src/stm32f1xx_it.c ****   }
 127              		.loc 1 145 3 view .LVU18
 141:Core/Src/stm32f1xx_it.c ****   {
 128              		.loc 1 141 9 view .LVU19
 129 0000 FEE7     		b	.L10
 130              		.cfi_endproc
 131              	.LFE69:
 133              		.section	.text.SVC_Handler,"ax",%progbits
 134              		.align	1
 135              		.global	SVC_Handler
 136              		.syntax unified
 137              		.thumb
 138              		.thumb_func
 140              	SVC_Handler:
 141              	.LFB70:
 146:Core/Src/stm32f1xx_it.c **** }
 147:Core/Src/stm32f1xx_it.c **** 
 148:Core/Src/stm32f1xx_it.c **** /**
 149:Core/Src/stm32f1xx_it.c ****   * @brief This function handles System service call via SWI instruction.
 150:Core/Src/stm32f1xx_it.c ****   */
ARM GAS  C:\Users\Xuleo\AppData\Local\Temp\cclnH4WK.s 			page 6


 151:Core/Src/stm32f1xx_it.c **** void SVC_Handler(void)
 152:Core/Src/stm32f1xx_it.c **** {
 142              		.loc 1 152 1 view -0
 143              		.cfi_startproc
 144              		@ args = 0, pretend = 0, frame = 0
 145              		@ frame_needed = 0, uses_anonymous_args = 0
 146              		@ link register save eliminated.
 153:Core/Src/stm32f1xx_it.c ****   /* USER CODE BEGIN SVCall_IRQn 0 */
 154:Core/Src/stm32f1xx_it.c **** 
 155:Core/Src/stm32f1xx_it.c ****   /* USER CODE END SVCall_IRQn 0 */
 156:Core/Src/stm32f1xx_it.c ****   /* USER CODE BEGIN SVCall_IRQn 1 */
 157:Core/Src/stm32f1xx_it.c **** 
 158:Core/Src/stm32f1xx_it.c ****   /* USER CODE END SVCall_IRQn 1 */
 159:Core/Src/stm32f1xx_it.c **** }
 147              		.loc 1 159 1 view .LVU21
 148 0000 7047     		bx	lr
 149              		.cfi_endproc
 150              	.LFE70:
 152              		.section	.text.DebugMon_Handler,"ax",%progbits
 153              		.align	1
 154              		.global	DebugMon_Handler
 155              		.syntax unified
 156              		.thumb
 157              		.thumb_func
 159              	DebugMon_Handler:
 160              	.LFB71:
 160:Core/Src/stm32f1xx_it.c **** 
 161:Core/Src/stm32f1xx_it.c **** /**
 162:Core/Src/stm32f1xx_it.c ****   * @brief This function handles Debug monitor.
 163:Core/Src/stm32f1xx_it.c ****   */
 164:Core/Src/stm32f1xx_it.c **** void DebugMon_Handler(void)
 165:Core/Src/stm32f1xx_it.c **** {
 161              		.loc 1 165 1 view -0
 162              		.cfi_startproc
 163              		@ args = 0, pretend = 0, frame = 0
 164              		@ frame_needed = 0, uses_anonymous_args = 0
 165              		@ link register save eliminated.
 166:Core/Src/stm32f1xx_it.c ****   /* USER CODE BEGIN DebugMonitor_IRQn 0 */
 167:Core/Src/stm32f1xx_it.c **** 
 168:Core/Src/stm32f1xx_it.c ****   /* USER CODE END DebugMonitor_IRQn 0 */
 169:Core/Src/stm32f1xx_it.c ****   /* USER CODE BEGIN DebugMonitor_IRQn 1 */
 170:Core/Src/stm32f1xx_it.c **** 
 171:Core/Src/stm32f1xx_it.c ****   /* USER CODE END DebugMonitor_IRQn 1 */
 172:Core/Src/stm32f1xx_it.c **** }
 166              		.loc 1 172 1 view .LVU23
 167 0000 7047     		bx	lr
 168              		.cfi_endproc
 169              	.LFE71:
 171              		.section	.text.PendSV_Handler,"ax",%progbits
 172              		.align	1
 173              		.global	PendSV_Handler
 174              		.syntax unified
 175              		.thumb
 176              		.thumb_func
 178              	PendSV_Handler:
 179              	.LFB72:
 173:Core/Src/stm32f1xx_it.c **** 
ARM GAS  C:\Users\Xuleo\AppData\Local\Temp\cclnH4WK.s 			page 7


 174:Core/Src/stm32f1xx_it.c **** /**
 175:Core/Src/stm32f1xx_it.c ****   * @brief This function handles Pendable request for system service.
 176:Core/Src/stm32f1xx_it.c ****   */
 177:Core/Src/stm32f1xx_it.c **** void PendSV_Handler(void)
 178:Core/Src/stm32f1xx_it.c **** {
 180              		.loc 1 178 1 view -0
 181              		.cfi_startproc
 182              		@ args = 0, pretend = 0, frame = 0
 183              		@ frame_needed = 0, uses_anonymous_args = 0
 184              		@ link register save eliminated.
 179:Core/Src/stm32f1xx_it.c ****   /* USER CODE BEGIN PendSV_IRQn 0 */
 180:Core/Src/stm32f1xx_it.c **** 
 181:Core/Src/stm32f1xx_it.c ****   /* USER CODE END PendSV_IRQn 0 */
 182:Core/Src/stm32f1xx_it.c ****   /* USER CODE BEGIN PendSV_IRQn 1 */
 183:Core/Src/stm32f1xx_it.c **** 
 184:Core/Src/stm32f1xx_it.c ****   /* USER CODE END PendSV_IRQn 1 */
 185:Core/Src/stm32f1xx_it.c **** }
 185              		.loc 1 185 1 view .LVU25
 186 0000 7047     		bx	lr
 187              		.cfi_endproc
 188              	.LFE72:
 190              		.section	.text.SysTick_Handler,"ax",%progbits
 191              		.align	1
 192              		.global	SysTick_Handler
 193              		.syntax unified
 194              		.thumb
 195              		.thumb_func
 197              	SysTick_Handler:
 198              	.LFB73:
 186:Core/Src/stm32f1xx_it.c **** 
 187:Core/Src/stm32f1xx_it.c **** /**
 188:Core/Src/stm32f1xx_it.c ****   * @brief This function handles System tick timer.
 189:Core/Src/stm32f1xx_it.c ****   */
 190:Core/Src/stm32f1xx_it.c **** void SysTick_Handler(void)
 191:Core/Src/stm32f1xx_it.c **** {
 199              		.loc 1 191 1 view -0
 200              		.cfi_startproc
 201              		@ args = 0, pretend = 0, frame = 0
 202              		@ frame_needed = 0, uses_anonymous_args = 0
 203 0000 08B5     		push	{r3, lr}
 204              	.LCFI0:
 205              		.cfi_def_cfa_offset 8
 206              		.cfi_offset 3, -8
 207              		.cfi_offset 14, -4
 192:Core/Src/stm32f1xx_it.c ****   /* USER CODE BEGIN SysTick_IRQn 0 */
 193:Core/Src/stm32f1xx_it.c **** 
 194:Core/Src/stm32f1xx_it.c ****   /* USER CODE END SysTick_IRQn 0 */
 195:Core/Src/stm32f1xx_it.c ****   HAL_IncTick();
 208              		.loc 1 195 3 view .LVU27
 209 0002 FFF7FEFF 		bl	HAL_IncTick
 210              	.LVL0:
 196:Core/Src/stm32f1xx_it.c ****   /* USER CODE BEGIN SysTick_IRQn 1 */
 197:Core/Src/stm32f1xx_it.c **** 
 198:Core/Src/stm32f1xx_it.c ****   /* USER CODE END SysTick_IRQn 1 */
 199:Core/Src/stm32f1xx_it.c **** }
 211              		.loc 1 199 1 is_stmt 0 view .LVU28
 212 0006 08BD     		pop	{r3, pc}
ARM GAS  C:\Users\Xuleo\AppData\Local\Temp\cclnH4WK.s 			page 8


 213              		.cfi_endproc
 214              	.LFE73:
 216              		.section	.text.DMA1_Channel2_IRQHandler,"ax",%progbits
 217              		.align	1
 218              		.global	DMA1_Channel2_IRQHandler
 219              		.syntax unified
 220              		.thumb
 221              		.thumb_func
 223              	DMA1_Channel2_IRQHandler:
 224              	.LFB74:
 200:Core/Src/stm32f1xx_it.c **** 
 201:Core/Src/stm32f1xx_it.c **** /******************************************************************************/
 202:Core/Src/stm32f1xx_it.c **** /* STM32F1xx Peripheral Interrupt Handlers                                    */
 203:Core/Src/stm32f1xx_it.c **** /* Add here the Interrupt Handlers for the used peripherals.                  */
 204:Core/Src/stm32f1xx_it.c **** /* For the available peripheral interrupt handler names,                      */
 205:Core/Src/stm32f1xx_it.c **** /* please refer to the startup file (startup_stm32f1xx.s).                    */
 206:Core/Src/stm32f1xx_it.c **** /******************************************************************************/
 207:Core/Src/stm32f1xx_it.c **** 
 208:Core/Src/stm32f1xx_it.c **** /**
 209:Core/Src/stm32f1xx_it.c ****   * @brief This function handles DMA1 channel2 global interrupt.
 210:Core/Src/stm32f1xx_it.c ****   */
 211:Core/Src/stm32f1xx_it.c **** void DMA1_Channel2_IRQHandler(void)
 212:Core/Src/stm32f1xx_it.c **** {
 225              		.loc 1 212 1 is_stmt 1 view -0
 226              		.cfi_startproc
 227              		@ args = 0, pretend = 0, frame = 0
 228              		@ frame_needed = 0, uses_anonymous_args = 0
 229 0000 08B5     		push	{r3, lr}
 230              	.LCFI1:
 231              		.cfi_def_cfa_offset 8
 232              		.cfi_offset 3, -8
 233              		.cfi_offset 14, -4
 213:Core/Src/stm32f1xx_it.c ****   /* USER CODE BEGIN DMA1_Channel2_IRQn 0 */
 214:Core/Src/stm32f1xx_it.c **** 
 215:Core/Src/stm32f1xx_it.c ****   /* USER CODE END DMA1_Channel2_IRQn 0 */
 216:Core/Src/stm32f1xx_it.c ****   HAL_DMA_IRQHandler(&hdma_usart3_tx);
 234              		.loc 1 216 3 view .LVU30
 235 0002 0248     		ldr	r0, .L18
 236 0004 FFF7FEFF 		bl	HAL_DMA_IRQHandler
 237              	.LVL1:
 217:Core/Src/stm32f1xx_it.c ****   /* USER CODE BEGIN DMA1_Channel2_IRQn 1 */
 218:Core/Src/stm32f1xx_it.c **** 
 219:Core/Src/stm32f1xx_it.c ****   /* USER CODE END DMA1_Channel2_IRQn 1 */
 220:Core/Src/stm32f1xx_it.c **** }
 238              		.loc 1 220 1 is_stmt 0 view .LVU31
 239 0008 08BD     		pop	{r3, pc}
 240              	.L19:
 241 000a 00BF     		.align	2
 242              	.L18:
 243 000c 00000000 		.word	hdma_usart3_tx
 244              		.cfi_endproc
 245              	.LFE74:
 247              		.section	.text.DMA1_Channel4_IRQHandler,"ax",%progbits
 248              		.align	1
 249              		.global	DMA1_Channel4_IRQHandler
 250              		.syntax unified
 251              		.thumb
ARM GAS  C:\Users\Xuleo\AppData\Local\Temp\cclnH4WK.s 			page 9


 252              		.thumb_func
 254              	DMA1_Channel4_IRQHandler:
 255              	.LFB75:
 221:Core/Src/stm32f1xx_it.c **** 
 222:Core/Src/stm32f1xx_it.c **** /**
 223:Core/Src/stm32f1xx_it.c ****   * @brief This function handles DMA1 channel4 global interrupt.
 224:Core/Src/stm32f1xx_it.c ****   */
 225:Core/Src/stm32f1xx_it.c **** void DMA1_Channel4_IRQHandler(void)
 226:Core/Src/stm32f1xx_it.c **** {
 256              		.loc 1 226 1 is_stmt 1 view -0
 257              		.cfi_startproc
 258              		@ args = 0, pretend = 0, frame = 0
 259              		@ frame_needed = 0, uses_anonymous_args = 0
 260 0000 08B5     		push	{r3, lr}
 261              	.LCFI2:
 262              		.cfi_def_cfa_offset 8
 263              		.cfi_offset 3, -8
 264              		.cfi_offset 14, -4
 227:Core/Src/stm32f1xx_it.c ****   /* USER CODE BEGIN DMA1_Channel4_IRQn 0 */
 228:Core/Src/stm32f1xx_it.c **** 
 229:Core/Src/stm32f1xx_it.c ****   /* USER CODE END DMA1_Channel4_IRQn 0 */
 230:Core/Src/stm32f1xx_it.c ****   HAL_DMA_IRQHandler(&hdma_usart1_tx);
 265              		.loc 1 230 3 view .LVU33
 266 0002 0248     		ldr	r0, .L22
 267 0004 FFF7FEFF 		bl	HAL_DMA_IRQHandler
 268              	.LVL2:
 231:Core/Src/stm32f1xx_it.c ****   /* USER CODE BEGIN DMA1_Channel4_IRQn 1 */
 232:Core/Src/stm32f1xx_it.c **** 
 233:Core/Src/stm32f1xx_it.c ****   /* USER CODE END DMA1_Channel4_IRQn 1 */
 234:Core/Src/stm32f1xx_it.c **** }
 269              		.loc 1 234 1 is_stmt 0 view .LVU34
 270 0008 08BD     		pop	{r3, pc}
 271              	.L23:
 272 000a 00BF     		.align	2
 273              	.L22:
 274 000c 00000000 		.word	hdma_usart1_tx
 275              		.cfi_endproc
 276              	.LFE75:
 278              		.section	.text.DMA1_Channel5_IRQHandler,"ax",%progbits
 279              		.align	1
 280              		.global	DMA1_Channel5_IRQHandler
 281              		.syntax unified
 282              		.thumb
 283              		.thumb_func
 285              	DMA1_Channel5_IRQHandler:
 286              	.LFB76:
 235:Core/Src/stm32f1xx_it.c **** 
 236:Core/Src/stm32f1xx_it.c **** /**
 237:Core/Src/stm32f1xx_it.c ****   * @brief This function handles DMA1 channel5 global interrupt.
 238:Core/Src/stm32f1xx_it.c ****   */
 239:Core/Src/stm32f1xx_it.c **** void DMA1_Channel5_IRQHandler(void)
 240:Core/Src/stm32f1xx_it.c **** {
 287              		.loc 1 240 1 is_stmt 1 view -0
 288              		.cfi_startproc
 289              		@ args = 0, pretend = 0, frame = 0
 290              		@ frame_needed = 0, uses_anonymous_args = 0
 291 0000 08B5     		push	{r3, lr}
ARM GAS  C:\Users\Xuleo\AppData\Local\Temp\cclnH4WK.s 			page 10


 292              	.LCFI3:
 293              		.cfi_def_cfa_offset 8
 294              		.cfi_offset 3, -8
 295              		.cfi_offset 14, -4
 241:Core/Src/stm32f1xx_it.c ****   /* USER CODE BEGIN DMA1_Channel5_IRQn 0 */
 242:Core/Src/stm32f1xx_it.c **** 
 243:Core/Src/stm32f1xx_it.c ****   /* USER CODE END DMA1_Channel5_IRQn 0 */
 244:Core/Src/stm32f1xx_it.c ****   HAL_DMA_IRQHandler(&hdma_spi2_tx);
 296              		.loc 1 244 3 view .LVU36
 297 0002 0248     		ldr	r0, .L26
 298 0004 FFF7FEFF 		bl	HAL_DMA_IRQHandler
 299              	.LVL3:
 245:Core/Src/stm32f1xx_it.c ****   /* USER CODE BEGIN DMA1_Channel5_IRQn 1 */
 246:Core/Src/stm32f1xx_it.c **** 
 247:Core/Src/stm32f1xx_it.c ****   /* USER CODE END DMA1_Channel5_IRQn 1 */
 248:Core/Src/stm32f1xx_it.c **** }
 300              		.loc 1 248 1 is_stmt 0 view .LVU37
 301 0008 08BD     		pop	{r3, pc}
 302              	.L27:
 303 000a 00BF     		.align	2
 304              	.L26:
 305 000c 00000000 		.word	hdma_spi2_tx
 306              		.cfi_endproc
 307              	.LFE76:
 309              		.section	.text.TIM2_IRQHandler,"ax",%progbits
 310              		.align	1
 311              		.global	TIM2_IRQHandler
 312              		.syntax unified
 313              		.thumb
 314              		.thumb_func
 316              	TIM2_IRQHandler:
 317              	.LFB77:
 249:Core/Src/stm32f1xx_it.c **** 
 250:Core/Src/stm32f1xx_it.c **** /**
 251:Core/Src/stm32f1xx_it.c ****   * @brief This function handles TIM2 global interrupt.
 252:Core/Src/stm32f1xx_it.c ****   */
 253:Core/Src/stm32f1xx_it.c **** void TIM2_IRQHandler(void)
 254:Core/Src/stm32f1xx_it.c **** {
 318              		.loc 1 254 1 is_stmt 1 view -0
 319              		.cfi_startproc
 320              		@ args = 0, pretend = 0, frame = 0
 321              		@ frame_needed = 0, uses_anonymous_args = 0
 322 0000 08B5     		push	{r3, lr}
 323              	.LCFI4:
 324              		.cfi_def_cfa_offset 8
 325              		.cfi_offset 3, -8
 326              		.cfi_offset 14, -4
 255:Core/Src/stm32f1xx_it.c ****   /* USER CODE BEGIN TIM2_IRQn 0 */
 256:Core/Src/stm32f1xx_it.c ****   loop_report();
 327              		.loc 1 256 3 view .LVU39
 328 0002 FFF7FEFF 		bl	loop_report
 329              	.LVL4:
 257:Core/Src/stm32f1xx_it.c ****   /* USER CODE END TIM2_IRQn 0 */
 258:Core/Src/stm32f1xx_it.c ****   HAL_TIM_IRQHandler(&htim2);
 330              		.loc 1 258 3 view .LVU40
 331 0006 0248     		ldr	r0, .L30
 332 0008 FFF7FEFF 		bl	HAL_TIM_IRQHandler
ARM GAS  C:\Users\Xuleo\AppData\Local\Temp\cclnH4WK.s 			page 11


 333              	.LVL5:
 259:Core/Src/stm32f1xx_it.c ****   /* USER CODE BEGIN TIM2_IRQn 1 */
 260:Core/Src/stm32f1xx_it.c **** 
 261:Core/Src/stm32f1xx_it.c ****   /* USER CODE END TIM2_IRQn 1 */
 262:Core/Src/stm32f1xx_it.c **** }
 334              		.loc 1 262 1 is_stmt 0 view .LVU41
 335 000c 08BD     		pop	{r3, pc}
 336              	.L31:
 337 000e 00BF     		.align	2
 338              	.L30:
 339 0010 00000000 		.word	htim2
 340              		.cfi_endproc
 341              	.LFE77:
 343              		.section	.text.SPI2_IRQHandler,"ax",%progbits
 344              		.align	1
 345              		.global	SPI2_IRQHandler
 346              		.syntax unified
 347              		.thumb
 348              		.thumb_func
 350              	SPI2_IRQHandler:
 351              	.LFB78:
 263:Core/Src/stm32f1xx_it.c **** 
 264:Core/Src/stm32f1xx_it.c **** /**
 265:Core/Src/stm32f1xx_it.c ****   * @brief This function handles SPI2 global interrupt.
 266:Core/Src/stm32f1xx_it.c ****   */
 267:Core/Src/stm32f1xx_it.c **** void SPI2_IRQHandler(void)
 268:Core/Src/stm32f1xx_it.c **** {
 352              		.loc 1 268 1 is_stmt 1 view -0
 353              		.cfi_startproc
 354              		@ args = 0, pretend = 0, frame = 0
 355              		@ frame_needed = 0, uses_anonymous_args = 0
 356 0000 08B5     		push	{r3, lr}
 357              	.LCFI5:
 358              		.cfi_def_cfa_offset 8
 359              		.cfi_offset 3, -8
 360              		.cfi_offset 14, -4
 269:Core/Src/stm32f1xx_it.c ****   /* USER CODE BEGIN SPI2_IRQn 0 */
 270:Core/Src/stm32f1xx_it.c **** 
 271:Core/Src/stm32f1xx_it.c ****   /* USER CODE END SPI2_IRQn 0 */
 272:Core/Src/stm32f1xx_it.c ****   HAL_SPI_IRQHandler(&hspi2);
 361              		.loc 1 272 3 view .LVU43
 362 0002 0248     		ldr	r0, .L34
 363 0004 FFF7FEFF 		bl	HAL_SPI_IRQHandler
 364              	.LVL6:
 273:Core/Src/stm32f1xx_it.c ****   /* USER CODE BEGIN SPI2_IRQn 1 */
 274:Core/Src/stm32f1xx_it.c **** 
 275:Core/Src/stm32f1xx_it.c ****   /* USER CODE END SPI2_IRQn 1 */
 276:Core/Src/stm32f1xx_it.c **** }
 365              		.loc 1 276 1 is_stmt 0 view .LVU44
 366 0008 08BD     		pop	{r3, pc}
 367              	.L35:
 368 000a 00BF     		.align	2
 369              	.L34:
 370 000c 00000000 		.word	hspi2
 371              		.cfi_endproc
 372              	.LFE78:
 374              		.section	.text.USART1_IRQHandler,"ax",%progbits
ARM GAS  C:\Users\Xuleo\AppData\Local\Temp\cclnH4WK.s 			page 12


 375              		.align	1
 376              		.global	USART1_IRQHandler
 377              		.syntax unified
 378              		.thumb
 379              		.thumb_func
 381              	USART1_IRQHandler:
 382              	.LFB79:
 277:Core/Src/stm32f1xx_it.c **** 
 278:Core/Src/stm32f1xx_it.c **** /**
 279:Core/Src/stm32f1xx_it.c ****   * @brief This function handles USART1 global interrupt.
 280:Core/Src/stm32f1xx_it.c ****   */
 281:Core/Src/stm32f1xx_it.c **** void USART1_IRQHandler(void)
 282:Core/Src/stm32f1xx_it.c **** {
 383              		.loc 1 282 1 is_stmt 1 view -0
 384              		.cfi_startproc
 385              		@ args = 0, pretend = 0, frame = 0
 386              		@ frame_needed = 0, uses_anonymous_args = 0
 387 0000 08B5     		push	{r3, lr}
 388              	.LCFI6:
 389              		.cfi_def_cfa_offset 8
 390              		.cfi_offset 3, -8
 391              		.cfi_offset 14, -4
 283:Core/Src/stm32f1xx_it.c ****   /* USER CODE BEGIN USART1_IRQn 0 */
 284:Core/Src/stm32f1xx_it.c **** 
 285:Core/Src/stm32f1xx_it.c ****   /* USER CODE END USART1_IRQn 0 */
 286:Core/Src/stm32f1xx_it.c ****   HAL_UART_IRQHandler(&huart1);
 392              		.loc 1 286 3 view .LVU46
 393 0002 0248     		ldr	r0, .L38
 394 0004 FFF7FEFF 		bl	HAL_UART_IRQHandler
 395              	.LVL7:
 287:Core/Src/stm32f1xx_it.c ****   /* USER CODE BEGIN USART1_IRQn 1 */
 288:Core/Src/stm32f1xx_it.c **** 
 289:Core/Src/stm32f1xx_it.c ****   /* USER CODE END USART1_IRQn 1 */
 290:Core/Src/stm32f1xx_it.c **** }
 396              		.loc 1 290 1 is_stmt 0 view .LVU47
 397 0008 08BD     		pop	{r3, pc}
 398              	.L39:
 399 000a 00BF     		.align	2
 400              	.L38:
 401 000c 00000000 		.word	huart1
 402              		.cfi_endproc
 403              	.LFE79:
 405              		.section	.text.USART3_IRQHandler,"ax",%progbits
 406              		.align	1
 407              		.global	USART3_IRQHandler
 408              		.syntax unified
 409              		.thumb
 410              		.thumb_func
 412              	USART3_IRQHandler:
 413              	.LFB80:
 291:Core/Src/stm32f1xx_it.c **** 
 292:Core/Src/stm32f1xx_it.c **** /**
 293:Core/Src/stm32f1xx_it.c ****   * @brief This function handles USART3 global interrupt.
 294:Core/Src/stm32f1xx_it.c ****   */
 295:Core/Src/stm32f1xx_it.c **** void USART3_IRQHandler(void)
 296:Core/Src/stm32f1xx_it.c **** {
 414              		.loc 1 296 1 is_stmt 1 view -0
ARM GAS  C:\Users\Xuleo\AppData\Local\Temp\cclnH4WK.s 			page 13


 415              		.cfi_startproc
 416              		@ args = 0, pretend = 0, frame = 0
 417              		@ frame_needed = 0, uses_anonymous_args = 0
 418 0000 08B5     		push	{r3, lr}
 419              	.LCFI7:
 420              		.cfi_def_cfa_offset 8
 421              		.cfi_offset 3, -8
 422              		.cfi_offset 14, -4
 297:Core/Src/stm32f1xx_it.c ****   /* USER CODE BEGIN USART3_IRQn 0 */
 298:Core/Src/stm32f1xx_it.c **** 
 299:Core/Src/stm32f1xx_it.c ****   /* USER CODE END USART3_IRQn 0 */
 300:Core/Src/stm32f1xx_it.c ****   HAL_UART_IRQHandler(&huart3);
 423              		.loc 1 300 3 view .LVU49
 424 0002 0248     		ldr	r0, .L42
 425 0004 FFF7FEFF 		bl	HAL_UART_IRQHandler
 426              	.LVL8:
 301:Core/Src/stm32f1xx_it.c ****   /* USER CODE BEGIN USART3_IRQn 1 */
 302:Core/Src/stm32f1xx_it.c **** 
 303:Core/Src/stm32f1xx_it.c ****   /* USER CODE END USART3_IRQn 1 */
 304:Core/Src/stm32f1xx_it.c **** }
 427              		.loc 1 304 1 is_stmt 0 view .LVU50
 428 0008 08BD     		pop	{r3, pc}
 429              	.L43:
 430 000a 00BF     		.align	2
 431              	.L42:
 432 000c 00000000 		.word	huart3
 433              		.cfi_endproc
 434              	.LFE80:
 436              		.text
 437              	.Letext0:
 438              		.file 2 "C:/thirdpartyLibs/arm-gnu-toolchain-15.2/arm-none-eabi/include/machine/_default_types.h"
 439              		.file 3 "C:/thirdpartyLibs/arm-gnu-toolchain-15.2/arm-none-eabi/include/sys/_stdint.h"
 440              		.file 4 "Drivers/CMSIS/Device/ST/STM32F1xx/Include/stm32f103xb.h"
 441              		.file 5 "Drivers/STM32F1xx_HAL_Driver/Inc/stm32f1xx_hal_def.h"
 442              		.file 6 "Drivers/STM32F1xx_HAL_Driver/Inc/stm32f1xx_hal_dma.h"
 443              		.file 7 "Drivers/STM32F1xx_HAL_Driver/Inc/stm32f1xx_hal_spi.h"
 444              		.file 8 "Drivers/STM32F1xx_HAL_Driver/Inc/stm32f1xx_hal_tim.h"
 445              		.file 9 "Drivers/STM32F1xx_HAL_Driver/Inc/stm32f1xx_hal_uart.h"
 446              		.file 10 "Core/Inc/spi.h"
 447              		.file 11 "Core/Inc/usart.h"
 448              		.file 12 "Application/Inc/application.h"
 449              		.file 13 "Drivers/STM32F1xx_HAL_Driver/Inc/stm32f1xx_hal.h"
ARM GAS  C:\Users\Xuleo\AppData\Local\Temp\cclnH4WK.s 			page 14


DEFINED SYMBOLS
                            *ABS*:00000000 stm32f1xx_it.c
C:\Users\Xuleo\AppData\Local\Temp\cclnH4WK.s:19     .text.NMI_Handler:00000000 $t
C:\Users\Xuleo\AppData\Local\Temp\cclnH4WK.s:25     .text.NMI_Handler:00000000 NMI_Handler
C:\Users\Xuleo\AppData\Local\Temp\cclnH4WK.s:42     .text.HardFault_Handler:00000000 $t
C:\Users\Xuleo\AppData\Local\Temp\cclnH4WK.s:48     .text.HardFault_Handler:00000000 HardFault_Handler
C:\Users\Xuleo\AppData\Local\Temp\cclnH4WK.s:65     .text.MemManage_Handler:00000000 $t
C:\Users\Xuleo\AppData\Local\Temp\cclnH4WK.s:71     .text.MemManage_Handler:00000000 MemManage_Handler
C:\Users\Xuleo\AppData\Local\Temp\cclnH4WK.s:88     .text.BusFault_Handler:00000000 $t
C:\Users\Xuleo\AppData\Local\Temp\cclnH4WK.s:94     .text.BusFault_Handler:00000000 BusFault_Handler
C:\Users\Xuleo\AppData\Local\Temp\cclnH4WK.s:111    .text.UsageFault_Handler:00000000 $t
C:\Users\Xuleo\AppData\Local\Temp\cclnH4WK.s:117    .text.UsageFault_Handler:00000000 UsageFault_Handler
C:\Users\Xuleo\AppData\Local\Temp\cclnH4WK.s:134    .text.SVC_Handler:00000000 $t
C:\Users\Xuleo\AppData\Local\Temp\cclnH4WK.s:140    .text.SVC_Handler:00000000 SVC_Handler
C:\Users\Xuleo\AppData\Local\Temp\cclnH4WK.s:153    .text.DebugMon_Handler:00000000 $t
C:\Users\Xuleo\AppData\Local\Temp\cclnH4WK.s:159    .text.DebugMon_Handler:00000000 DebugMon_Handler
C:\Users\Xuleo\AppData\Local\Temp\cclnH4WK.s:172    .text.PendSV_Handler:00000000 $t
C:\Users\Xuleo\AppData\Local\Temp\cclnH4WK.s:178    .text.PendSV_Handler:00000000 PendSV_Handler
C:\Users\Xuleo\AppData\Local\Temp\cclnH4WK.s:191    .text.SysTick_Handler:00000000 $t
C:\Users\Xuleo\AppData\Local\Temp\cclnH4WK.s:197    .text.SysTick_Handler:00000000 SysTick_Handler
C:\Users\Xuleo\AppData\Local\Temp\cclnH4WK.s:217    .text.DMA1_Channel2_IRQHandler:00000000 $t
C:\Users\Xuleo\AppData\Local\Temp\cclnH4WK.s:223    .text.DMA1_Channel2_IRQHandler:00000000 DMA1_Channel2_IRQHandler
C:\Users\Xuleo\AppData\Local\Temp\cclnH4WK.s:243    .text.DMA1_Channel2_IRQHandler:0000000c $d
C:\Users\Xuleo\AppData\Local\Temp\cclnH4WK.s:248    .text.DMA1_Channel4_IRQHandler:00000000 $t
C:\Users\Xuleo\AppData\Local\Temp\cclnH4WK.s:254    .text.DMA1_Channel4_IRQHandler:00000000 DMA1_Channel4_IRQHandler
C:\Users\Xuleo\AppData\Local\Temp\cclnH4WK.s:274    .text.DMA1_Channel4_IRQHandler:0000000c $d
C:\Users\Xuleo\AppData\Local\Temp\cclnH4WK.s:279    .text.DMA1_Channel5_IRQHandler:00000000 $t
C:\Users\Xuleo\AppData\Local\Temp\cclnH4WK.s:285    .text.DMA1_Channel5_IRQHandler:00000000 DMA1_Channel5_IRQHandler
C:\Users\Xuleo\AppData\Local\Temp\cclnH4WK.s:305    .text.DMA1_Channel5_IRQHandler:0000000c $d
C:\Users\Xuleo\AppData\Local\Temp\cclnH4WK.s:310    .text.TIM2_IRQHandler:00000000 $t
C:\Users\Xuleo\AppData\Local\Temp\cclnH4WK.s:316    .text.TIM2_IRQHandler:00000000 TIM2_IRQHandler
C:\Users\Xuleo\AppData\Local\Temp\cclnH4WK.s:339    .text.TIM2_IRQHandler:00000010 $d
C:\Users\Xuleo\AppData\Local\Temp\cclnH4WK.s:344    .text.SPI2_IRQHandler:00000000 $t
C:\Users\Xuleo\AppData\Local\Temp\cclnH4WK.s:350    .text.SPI2_IRQHandler:00000000 SPI2_IRQHandler
C:\Users\Xuleo\AppData\Local\Temp\cclnH4WK.s:370    .text.SPI2_IRQHandler:0000000c $d
C:\Users\Xuleo\AppData\Local\Temp\cclnH4WK.s:375    .text.USART1_IRQHandler:00000000 $t
C:\Users\Xuleo\AppData\Local\Temp\cclnH4WK.s:381    .text.USART1_IRQHandler:00000000 USART1_IRQHandler
C:\Users\Xuleo\AppData\Local\Temp\cclnH4WK.s:401    .text.USART1_IRQHandler:0000000c $d
C:\Users\Xuleo\AppData\Local\Temp\cclnH4WK.s:406    .text.USART3_IRQHandler:00000000 $t
C:\Users\Xuleo\AppData\Local\Temp\cclnH4WK.s:412    .text.USART3_IRQHandler:00000000 USART3_IRQHandler
C:\Users\Xuleo\AppData\Local\Temp\cclnH4WK.s:432    .text.USART3_IRQHandler:0000000c $d

UNDEFINED SYMBOLS
HAL_IncTick
HAL_DMA_IRQHandler
hdma_usart3_tx
hdma_usart1_tx
hdma_spi2_tx
loop_report
HAL_TIM_IRQHandler
htim2
HAL_SPI_IRQHandler
hspi2
HAL_UART_IRQHandler
huart1
huart3
